../Core/Src/mmc_sd.c:25:4:SD_SPI_ReadWriteByte	16	static
../Core/Src/mmc_sd.c:30:6:SD_SPI_SpeedLow	8	static
../Core/Src/mmc_sd.c:35:6:SD_SPI_SpeedHigh	8	static
../Core/Src/mmc_sd.c:40:6:SD_SPI_Init	32	static
../Core/Src/mmc_sd.c:65:6:SD_DisSelect	8	static
../Core/Src/mmc_sd.c:72:4:SD_Select	8	static
../Core/Src/mmc_sd.c:81:4:SD_WaitReady	16	static
../Core/Src/mmc_sd.c:95:4:SD_GetResponse	24	static
../Core/Src/mmc_sd.c:106:4:SD_RecvData	16	static
../Core/Src/mmc_sd.c:123:4:SD_SendBlock	24	static
../Core/Src/mmc_sd.c:144:4:SD_SendCmd	24	static
../Core/Src/mmc_sd.c:171:4:SD_GetCID	24	static
../Core/Src/mmc_sd.c:188:4:SD_GetCSD	24	static
../Core/Src/mmc_sd.c:204:5:SD_GetSectorCount	32	static
../Core/Src/mmc_sd.c:226:4:SD_Init	32	static
../Core/Src/mmc_sd.c:298:4:SD_ReadDisk	32	static
../Core/Src/mmc_sd.c:327:4:SD_WriteDisk	32	static
