../Core/Src/mmc_sd.c:24:4:SD_SPI_ReadWriteByte	16	static
../Core/Src/mmc_sd.c:29:6:SD_SPI_SpeedLow	8	static
../Core/Src/mmc_sd.c:34:6:SD_SPI_SpeedHigh	8	static
../Core/Src/mmc_sd.c:39:6:SD_SPI_Init	32	static
../Core/Src/mmc_sd.c:64:6:SD_DisSelect	8	static
../Core/Src/mmc_sd.c:71:4:SD_Select	8	static
../Core/Src/mmc_sd.c:80:4:SD_WaitReady	16	static
../Core/Src/mmc_sd.c:94:4:SD_GetResponse	24	static
../Core/Src/mmc_sd.c:105:4:SD_RecvData	16	static
../Core/Src/mmc_sd.c:122:4:SD_SendBlock	24	static
../Core/Src/mmc_sd.c:143:4:SD_SendCmd	24	static
../Core/Src/mmc_sd.c:170:4:SD_GetCID	24	static
../Core/Src/mmc_sd.c:187:4:SD_GetCSD	24	static
../Core/Src/mmc_sd.c:203:5:SD_GetSectorCount	32	static
../Core/Src/mmc_sd.c:225:4:SD_Init	32	static
../Core/Src/mmc_sd.c:297:4:SD_ReadDisk	32	static
../Core/Src/mmc_sd.c:326:4:SD_WriteDisk	32	static
