Archive member included to satisfy reference by file (symbol)

C:/ST/STM32CubeIDE_1.19.0/STM32CubeIDE/plugins/com.st.stm32cube.ide.mcu.externaltools.gnu-tools-for-stm32.13.3.rel1.win32_1.0.0.202411081344/tools/bin/../lib/gcc/arm-none-eabi/13.3.1/../../../../arm-none-eabi/lib/thumb/v7-m/nofp\libc_nano.a(libc_a-exit.o)
                              C:/ST/STM32CubeIDE_1.19.0/STM32CubeIDE/plugins/com.st.stm32cube.ide.mcu.externaltools.gnu-tools-for-stm32.13.3.rel1.win32_1.0.0.202411081344/tools/bin/../lib/gcc/arm-none-eabi/13.3.1/../../../../arm-none-eabi/lib/thumb/v7-m/nofp/crt0.o (exit)
C:/ST/STM32CubeIDE_1.19.0/STM32CubeIDE/plugins/com.st.stm32cube.ide.mcu.externaltools.gnu-tools-for-stm32.13.3.rel1.win32_1.0.0.202411081344/tools/bin/../lib/gcc/arm-none-eabi/13.3.1/../../../../arm-none-eabi/lib/thumb/v7-m/nofp\libc_nano.a(libc_a-findfp.o)
                              C:/ST/STM32CubeIDE_1.19.0/STM32CubeIDE/plugins/com.st.stm32cube.ide.mcu.externaltools.gnu-tools-for-stm32.13.3.rel1.win32_1.0.0.202411081344/tools/bin/../lib/gcc/arm-none-eabi/13.3.1/../../../../arm-none-eabi/lib/thumb/v7-m/nofp\libc_nano.a(libc_a-exit.o) (__stdio_exit_handler)
C:/ST/STM32CubeIDE_1.19.0/STM32CubeIDE/plugins/com.st.stm32cube.ide.mcu.externaltools.gnu-tools-for-stm32.13.3.rel1.win32_1.0.0.202411081344/tools/bin/../lib/gcc/arm-none-eabi/13.3.1/../../../../arm-none-eabi/lib/thumb/v7-m/nofp\libc_nano.a(libc_a-fwalk.o)
                              C:/ST/STM32CubeIDE_1.19.0/STM32CubeIDE/plugins/com.st.stm32cube.ide.mcu.externaltools.gnu-tools-for-stm32.13.3.rel1.win32_1.0.0.202411081344/tools/bin/../lib/gcc/arm-none-eabi/13.3.1/../../../../arm-none-eabi/lib/thumb/v7-m/nofp\libc_nano.a(libc_a-findfp.o) (_fwalk_sglue)
C:/ST/STM32CubeIDE_1.19.0/STM32CubeIDE/plugins/com.st.stm32cube.ide.mcu.externaltools.gnu-tools-for-stm32.13.3.rel1.win32_1.0.0.202411081344/tools/bin/../lib/gcc/arm-none-eabi/13.3.1/../../../../arm-none-eabi/lib/thumb/v7-m/nofp\libc_nano.a(libc_a-printf.o)
                              ./Core/Src/ft5206.o (printf)
C:/ST/STM32CubeIDE_1.19.0/STM32CubeIDE/plugins/com.st.stm32cube.ide.mcu.externaltools.gnu-tools-for-stm32.13.3.rel1.win32_1.0.0.202411081344/tools/bin/../lib/gcc/arm-none-eabi/13.3.1/../../../../arm-none-eabi/lib/thumb/v7-m/nofp\libc_nano.a(libc_a-sprintf.o)
                              ./Core/Src/maze.o (sprintf)
C:/ST/STM32CubeIDE_1.19.0/STM32CubeIDE/plugins/com.st.stm32cube.ide.mcu.externaltools.gnu-tools-for-stm32.13.3.rel1.win32_1.0.0.202411081344/tools/bin/../lib/gcc/arm-none-eabi/13.3.1/../../../../arm-none-eabi/lib/thumb/v7-m/nofp\libc_nano.a(libc_a-stdio.o)
                              C:/ST/STM32CubeIDE_1.19.0/STM32CubeIDE/plugins/com.st.stm32cube.ide.mcu.externaltools.gnu-tools-for-stm32.13.3.rel1.win32_1.0.0.202411081344/tools/bin/../lib/gcc/arm-none-eabi/13.3.1/../../../../arm-none-eabi/lib/thumb/v7-m/nofp\libc_nano.a(libc_a-findfp.o) (__sread)
C:/ST/STM32CubeIDE_1.19.0/STM32CubeIDE/plugins/com.st.stm32cube.ide.mcu.externaltools.gnu-tools-for-stm32.13.3.rel1.win32_1.0.0.202411081344/tools/bin/../lib/gcc/arm-none-eabi/13.3.1/../../../../arm-none-eabi/lib/thumb/v7-m/nofp\libc_nano.a(libc_a-memset.o)
                              C:/ST/STM32CubeIDE_1.19.0/STM32CubeIDE/plugins/com.st.stm32cube.ide.mcu.externaltools.gnu-tools-for-stm32.13.3.rel1.win32_1.0.0.202411081344/tools/bin/../lib/gcc/arm-none-eabi/13.3.1/../../../../arm-none-eabi/lib/thumb/v7-m/nofp/crt0.o (memset)
C:/ST/STM32CubeIDE_1.19.0/STM32CubeIDE/plugins/com.st.stm32cube.ide.mcu.externaltools.gnu-tools-for-stm32.13.3.rel1.win32_1.0.0.202411081344/tools/bin/../lib/gcc/arm-none-eabi/13.3.1/../../../../arm-none-eabi/lib/thumb/v7-m/nofp\libc_nano.a(libc_a-closer.o)
                              C:/ST/STM32CubeIDE_1.19.0/STM32CubeIDE/plugins/com.st.stm32cube.ide.mcu.externaltools.gnu-tools-for-stm32.13.3.rel1.win32_1.0.0.202411081344/tools/bin/../lib/gcc/arm-none-eabi/13.3.1/../../../../arm-none-eabi/lib/thumb/v7-m/nofp\libc_nano.a(libc_a-stdio.o) (_close_r)
C:/ST/STM32CubeIDE_1.19.0/STM32CubeIDE/plugins/com.st.stm32cube.ide.mcu.externaltools.gnu-tools-for-stm32.13.3.rel1.win32_1.0.0.202411081344/tools/bin/../lib/gcc/arm-none-eabi/13.3.1/../../../../arm-none-eabi/lib/thumb/v7-m/nofp\libc_nano.a(libc_a-reent.o)
                              C:/ST/STM32CubeIDE_1.19.0/STM32CubeIDE/plugins/com.st.stm32cube.ide.mcu.externaltools.gnu-tools-for-stm32.13.3.rel1.win32_1.0.0.202411081344/tools/bin/../lib/gcc/arm-none-eabi/13.3.1/../../../../arm-none-eabi/lib/thumb/v7-m/nofp\libc_nano.a(libc_a-closer.o) (errno)
C:/ST/STM32CubeIDE_1.19.0/STM32CubeIDE/plugins/com.st.stm32cube.ide.mcu.externaltools.gnu-tools-for-stm32.13.3.rel1.win32_1.0.0.202411081344/tools/bin/../lib/gcc/arm-none-eabi/13.3.1/../../../../arm-none-eabi/lib/thumb/v7-m/nofp\libc_nano.a(libc_a-impure.o)
[...]
Memory Configuration

Name             Origin             Length             Attributes
RAM              0x20000000         0x0000c000         xrw
FLASH            0x08000000         0x00040000         xr
*default*        0x00000000         0xffffffff

Linker script and memory map

LOAD C:/ST/STM32CubeIDE_1.19.0/STM32CubeIDE/plugins/com.st.stm32cube.ide.mcu.externaltools.gnu-tools-for-stm32.13.3.rel1.win32_1.0.0.202411081344/tools/bin/../lib/gcc/arm-none-eabi/13.3.1/thumb/v7-m/nofp/crti.o
LOAD C:/ST/STM32CubeIDE_1.19.0/STM32CubeIDE/plugins/com.st.stm32cube.ide.mcu.externaltools.gnu-tools-for-stm32.13.3.rel1.win32_1.0.0.202411081344/tools/bin/../lib/gcc/arm-none-eabi/13.3.1/thumb/v7-m/nofp/crtbegin.o
LOAD C:/ST/STM32CubeIDE_1.19.0/STM32CubeIDE/plugins/com.st.stm32cube.ide.mcu.externaltools.gnu-tools-for-stm32.13.3.rel1.win32_1.0.0.202411081344/tools/bin/../lib/gcc/arm-none-eabi/13.3.1/../../../../arm-none-eabi/lib/thumb/v7-m/nofp/crt0.o
LOAD ./Core/Src/24cxx.o
LOAD ./Core/Src/24l01.o
LOAD ./Core/Src/ctiic.o
LOAD ./Core/Src/delay.o
LOAD ./Core/Src/ft5206.o
LOAD ./Core/Src/gt9147.o
LOAD ./Core/Src/key.o
LOAD ./Core/Src/lcd.o
LOAD ./Core/Src/lcd_v4.o
LOAD ./Core/Src/led.o
LOAD ./Core/Src/main.o
LOAD ./Core/Src/maze.o
LOAD ./Core/Src/myiic.o
LOAD ./Core/Src/ott2001a.o
LOAD ./Core/Src/spi.o
LOAD ./Core/Src/stm32f1xx_hal_msp.o
LOAD ./Core/Src/stm32f1xx_it.o
LOAD ./Core/Src/sys.o
LOAD ./Core/Src/syscalls.o
LOAD ./Core/Src/sysmem.o
LOAD ./Core/Src/system_stm32f1xx.o
LOAD ./Core/Src/touch.o
LOAD ./Core/Src/ui.o
LOAD ./Core/Startup/startup_stm32f103rctx.o
LOAD ./Drivers/STM32F1xx_HAL_Driver/Src/stm32f1xx_hal.o
LOAD ./Drivers/STM32F1xx_HAL_Driver/Src/stm32f1xx_hal_cortex.o
LOAD ./Drivers/STM32F1xx_HAL_Driver/Src/stm32f1xx_hal_dma.o
LOAD ./Drivers/STM32F1xx_HAL_Driver/Src/stm32f1xx_hal_exti.o
LOAD ./Drivers/STM32F1xx_HAL_Driver/Src/stm32f1xx_hal_flash.o
LOAD ./Drivers/STM32F1xx_HAL_Driver/Src/stm32f1xx_hal_flash_ex.o
LOAD ./Drivers/STM32F1xx_HAL_Driver/Src/stm32f1xx_hal_gpio.o
LOAD ./Drivers/STM32F1xx_HAL_Driver/Src/stm32f1xx_hal_gpio_ex.o
LOAD ./Drivers/STM32F1xx_HAL_Driver/Src/stm32f1xx_hal_pwr.o
LOAD ./Drivers/STM32F1xx_HAL_Driver/Src/stm32f1xx_hal_rcc.o
LOAD ./Drivers/STM32F1xx_HAL_Driver/Src/stm32f1xx_hal_rcc_ex.o
LOAD ./Drivers/STM32F1xx_HAL_Driver/Src/stm32f1xx_hal_spi.o
LOAD ./Drivers/STM32F1xx_HAL_Driver/Src/stm32f1xx_hal_tim.o
LOAD ./Drivers/STM32F1xx_HAL_Driver/Src/stm32f1xx_hal_tim_ex.o
LOAD ./Drivers/STM32F1xx_HAL_Driver/Src/stm32f1xx_hal_uart.o
START GROUP
LOAD C:/ST/STM32CubeIDE_1.19.0/STM32CubeIDE/plugins/com.st.stm32cube.ide.mcu.externaltools.gnu-tools-for-stm32.13.3.rel1.win32_1.0.0.202411081344/tools/bin/../lib/gcc/arm-none-eabi/13.3.1/../../../../arm-none-eabi/lib/thumb/v7-m/nofp\libc_nano.a
LOAD C:/ST/STM32CubeIDE_1.19.0/STM32CubeIDE/plugins/com.st.stm32cube.ide.mcu.externaltools.gnu-tools-for-stm32.13.3.rel1.win32_1.0.0.202411081344/tools/bin/../lib/gcc/arm-none-eabi/13.3.1/../../../../arm-none-eabi/lib/thumb/v7-m/nofp\libm.a
END GROUP
START GROUP
LOAD C:/ST/STM32CubeIDE_1.19.0/STM32CubeIDE/plugins/com.st.stm32cube.ide.mcu.externaltools.gnu-tools-for-stm32.13.3.rel1.win32_1.0.0.202411081344/tools/bin/../lib/gcc/arm-none-eabi/13.3.1/thumb/v7-m/nofp\libgcc.a
LOAD C:/ST/STM32CubeIDE_1.19.0/STM32CubeIDE/plugins/com.st.stm32cube.ide.mcu.externaltools.gnu-tools-for-stm32.13.3.rel1.win32_1.0.0.202411081344/tools/bin/../lib/gcc/arm-none-eabi/13.3.1/../../../../arm-none-eabi/lib/thumb/v7-m/nofp\libc_nano.a
END GROUP
START GROUP
LOAD C:/ST/STM32CubeIDE_1.19.0/STM32CubeIDE/plugins/com.st.stm32cube.ide.mcu.externaltools.gnu-tools-for-stm32.13.3.rel1.win32_1.0.0.202411081344/tools/bin/../lib/gcc/arm-none-eabi/13.3.1/thumb/v7-m/nofp\libgcc.a
LOAD C:/ST/STM32CubeIDE_1.19.0/STM32CubeIDE/plugins/com.st.stm32cube.ide.mcu.externaltools.gnu-tools-for-stm32.13.3.rel1.win32_1.0.0.202411081344/tools/bin/../lib/gcc/arm-none-eabi/13.3.1/../../../../arm-none-eabi/lib/thumb/v7-m/nofp\libc_nano.a
LOAD C:/ST/STM32CubeIDE_1.19.0/STM32CubeIDE/plugins/com.st.stm32cube.ide.mcu.externaltools.gnu-tools-for-stm32.13.3.rel1.win32_1.0.0.202411081344/tools/bin/../lib/gcc/arm-none-eabi/13.3.1/../../../../arm-none-eabi/lib/thumb/v7-m/nofp\libnosys.a
END GROUP
START GROUP
LOAD C:/ST/STM32CubeIDE_1.19.0/STM32CubeIDE/plugins/com.st.stm32cube.ide.mcu.externaltools.gnu-tools-for-stm32.13.3.rel1.win32_1.0.0.202411081344/tools/bin/../lib/gcc/arm-none-eabi/13.3.1/thumb/v7-m/nofp\libgcc.a
LOAD C:/ST/STM32CubeIDE_1.19.0/STM32CubeIDE/plugins/com.st.stm32cube.ide.mcu.externaltools.gnu-tools-for-stm32.13.3.rel1.win32_1.0.0.202411081344/tools/bin/../lib/gcc/arm-none-eabi/13.3.1/../../../../arm-none-eabi/lib/thumb/v7-m/nofp\libc_nano.a
LOAD C:/ST/STM32CubeIDE_1.19.0/STM32CubeIDE/plugins/com.st.stm32cube.ide.mcu.externaltools.gnu-tools-for-stm32.13.3.rel1.win32_1.0.0.202411081344/tools/bin/../lib/gcc/arm-none-eabi/13.3.1/../../../../arm-none-eabi/lib/thumb/v7-m/nofp\libnosys.a
END GROUP
LOAD C:/ST/STM32CubeIDE_1.19.0/STM32CubeIDE/plugins/com.st.stm32cube.ide.mcu.externaltools.gnu-tools-for-stm32.13.3.rel1.win32_1.0.0.202411081344/tools/bin/../lib/gcc/arm-none-eabi/13.3.1/thumb/v7-m/nofp/crtend.o
LOAD C:/ST/STM32CubeIDE_1.19.0/STM32CubeIDE/plugins/com.st.stm32cube.ide.mcu.externaltools.gnu-tools-for-stm32.13.3.rel1.win32_1.0.0.202411081344/tools/bin/../lib/gcc/arm-none-eabi/13.3.1/thumb/v7-m/nofp/crtn.o
                0x2000c000                        _estack = (ORIGIN (RAM) + LENGTH (RAM))
                0x00000200                        _Min_Heap_Size = 0x200
                0x00000400                        _Min_Stack_Size = 0x400

.isr_vector     0x08000000      0x1e4
                0x08000000                        . = ALIGN (0x4)
 *(.isr_vector)
 .isr_vector    0x08000000      0x1e4 ./Core/Startup/startup_stm32f103rctx.o
                0x08000000                g_pfnVectors
                0x080001e4                        . = ALIGN (0x4)

.text           0x080001e8     0xdb4c
                0x080001e8                        . = ALIGN (0x4)
 *(.text)
 .text          0x080001e8       0x40 C:/ST/STM32CubeIDE_1.19.0/STM32CubeIDE/plugins/com.st.stm32cube.ide.mcu.externaltools.gnu-tools-for-stm32.13.3.rel1.win32_1.0.0.202411081344/tools/bin/../lib/gcc/arm-none-eabi/13.3.1/thumb/v7-m/nofp/crtbegin.o
 .text          0x08000228       0x14 C:/ST/STM32CubeIDE_1.19.0/STM32CubeIDE/plugins/com.st.stm32cube.ide.mcu.externaltools.gnu-tools-for-stm32.13.3.rel1.win32_1.0.0.202411081344/tools/bin/../lib/gcc/arm-none-eabi/13.3.1/../../../../arm-none-eabi/lib/thumb/v7-m/nofp\libc_nano.a(libc_a-strcmp.o)
                0x08000228                strcmp
 .text          0x0800023c      0x378 C:/ST/STM32CubeIDE_1.19.0/STM32CubeIDE/plugins/com.st.stm32cube.ide.mcu.externaltools.gnu-tools-for-stm32.13.3.rel1.win32_1.0.0.202411081344/tools/bin/../lib/gcc/arm-none-eabi/13.3.1/thumb/v7-m/nofp\libgcc.a(_arm_addsubdf3.o)
                0x0800023c                __aeabi_drsub
                0x08000244                __aeabi_dsub
                0x08000244                __subdf3
                0x08000248                __aeabi_dadd
                0x08000248                __adddf3
                0x080004c0                __floatunsidf
                0x080004c0                __aeabi_ui2d
                0x080004e0                __floatsidf
                0x080004e0                __aeabi_i2d
                0x08000504                __aeabi_f2d
                0x08000504                __extendsfdf2
                0x08000548                __floatundidf
                0x08000548                __aeabi_ul2d
                0x08000558                __floatdidf
                0x08000558                __aeabi_l2d
 .text          0x080005b4      0x424 C:/ST/STM32CubeIDE_1.19.0/STM32CubeIDE/plugins/com.st.stm32cube.ide.mcu.externaltools.gnu-tools-for-stm32.13.3.rel1.win32_1.0.0.202411081344/tools/bin/../lib/gcc/arm-none-eabi/13.3.1/thumb/v7-m/nofp\libgcc.a(_arm_muldivdf3.o)
                0x080005b4                __aeabi_dmul
                0x080005b4                __muldf3
                0x08000808                __divdf3
                0x08000808                __aeabi_ddiv
 .text          0x080009d8      0x110 C:/ST/STM32CubeIDE_1.19.0/STM32CubeIDE/plugins/com.st.stm32cube.ide.mcu.externaltools.gnu-tools-for-stm32.13.3.rel1.win32_1.0.0.202411081344/tools/bin/../lib/gcc/arm-none-eabi/13.3.1/thumb/v7-m/nofp\libgcc.a(_arm_cmpdf2.o)
                0x080009d8                __gtdf2
                0x080009d8                __gedf2
                0x080009e0                __ltdf2
                0x080009e0                __ledf2
                0x080009e8                __nedf2
                0x080009e8                __eqdf2
                0x080009e8                __cmpdf2
                0x08000a64                __aeabi_cdrcmple
                0x08000a74                __aeabi_cdcmpeq
                0x08000a74                __aeabi_cdcmple
                0x08000a84                __aeabi_dcmpeq
                0x08000a98                __aeabi_dcmplt
                0x08000aac                __aeabi_dcmple
                0x08000ac0                __aeabi_dcmpge
                0x08000ad4                __aeabi_dcmpgt
 .text          0x08000ae8       0x2c C:/ST/STM32CubeIDE_1.19.0/STM32CubeIDE/plugins/com.st.stm32cube.ide.mcu.externaltools.gnu-tools-for-stm32.13.3.rel1.win32_1.0.0.202411081344/tools/bin/../lib/gcc/arm-none-eabi/13.3.1/thumb/v7-m/nofp\libgcc.a(_arm_unorddf2.o)
                0x08000ae8                __unorddf2
                0x08000ae8                __aeabi_dcmpun
 .text          0x08000b14       0x40 C:/ST/STM32CubeIDE_1.19.0/STM32CubeIDE/plugins/com.st.stm32cube.ide.mcu.externaltools.gnu-tools-for-stm32.13.3.rel1.win32_1.0.0.202411081344/tools/bin/../lib/gcc/arm-none-eabi/13.3.1/thumb/v7-m/nofp\libgcc.a(_arm_fixunsdfsi.o)
                0x08000b14                __aeabi_d2uiz
                0x08000b14                __fixunsdfsi
 .text          0x08000b54      0x21c C:/ST/STM32CubeIDE_1.19.0/STM32CubeIDE/plugins/com.st.stm32cube.ide.mcu.externaltools.gnu-tools-for-stm32.13.3.rel1.win32_1.0.0.202411081344/tools/bin/../lib/gcc/arm-none-eabi/13.3.1/thumb/v7-m/nofp\libgcc.a(_arm_addsubsf3.o)
                0x08000b54                __aeabi_frsub
                0x08000b5c                __subsf3
                0x08000b5c                __aeabi_fsub
                0x08000b60                __aeabi_fadd
                0x08000b60                __addsf3
                0x08000cc0                __aeabi_ui2f
                0x08000cc0                __floatunsisf
                0x08000cc8                __aeabi_i2f
                0x08000cc8                __floatsisf
                0x08000ce4                __aeabi_ul2f
                0x08000ce4                __floatundisf
                0x08000cf4                __aeabi_l2f
                0x08000cf4                __floatdisf
 .text          0x08000d70      0x2a0 C:/ST/STM32CubeIDE_1.19.0/STM32CubeIDE/plugins/com.st.stm32cube.ide.mcu.externaltools.gnu-tools-for-stm32.13.3.rel1.win32_1.0.0.202411081344/tools/bin/../lib/gcc/arm-none-eabi/13.3.1/thumb/v7-m/nofp\libgcc.a(_arm_muldivsf3.o)
                0x08000d70                __mulsf3
                0x08000d70                __aeabi_fmul
                0x08000ed8                __aeabi_fdiv
                0x08000ed8                __divsf3
 .text          0x08001010       0x4c C:/ST/STM32CubeIDE_1.19.0/STM32CubeIDE/plugins/com.st.stm32cube.ide.mcu.externaltools.gnu-tools-for-stm32.13.3.rel1.win32_1.0.0.202411081344/tools/bin/../lib/gcc/arm-none-eabi/13.3.1/thumb/v7-m/nofp\libgcc.a(_arm_fixsfsi.o)
                0x08001010                __aeabi_f2iz
                0x08001010                __fixsfsi
 .text          0x0800105c       0x40 C:/ST/STM32CubeIDE_1.19.0/STM32CubeIDE/plugins/com.st.stm32cube.ide.mcu.externaltools.gnu-tools-for-stm32.13.3.rel1.win32_1.0.0.202411081344/tools/bin/../lib/gcc/arm-none-eabi/13.3.1/thumb/v7-m/nofp\libgcc.a(_arm_fixunssfsi.o)
                0x0800105c                __fixunssfsi
                0x0800105c                __aeabi_f2uiz
 *(.text*)
 .text.AT24CXX_Init
                0x0800109c        0xc ./Core/Src/24cxx.o
                0x0800109c                AT24CXX_Init
 .text.AT24CXX_ReadOneByte
                0x080010a8       0x60 ./Core/Src/24cxx.o
                0x080010a8                AT24CXX_ReadOneByte
 .text.AT24CXX_WriteOneByte
                0x08001108       0x5a ./Core/Src/24cxx.o
                0x08001108                AT24CXX_WriteOneByte
 .text.AT24CXX_Read
                0x08001162       0x3e ./Core/Src/24cxx.o
                0x08001162                AT24CXX_Read
 .text.AT24CXX_Write
                0x080011a0       0x40 ./Core/Src/24cxx.o
                0x080011a0                AT24CXX_Write
 .text.CT_Delay
                0x080011e0        0xe ./Core/Src/ctiic.o
                0x080011e0                CT_Delay
 *fill*         0x080011ee        0x2 
 .text.CT_IIC_Init
                0x080011f0       0x60 ./Core/Src/ctiic.o
                0x080011f0                CT_IIC_Init
 .text.CT_IIC_Start
                0x08001250       0x50 ./Core/Src/ctiic.o
                0x08001250                CT_IIC_Start
 .text.CT_IIC_Stop
                0x080012a0       0x48 ./Core/Src/ctiic.o
                0x080012a0                CT_IIC_Stop
 .text.CT_IIC_Wait_Ack
                0x080012e8       0x74 ./Core/Src/ctiic.o
                0x080012e8                CT_IIC_Wait_Ack
 .text.CT_IIC_Ack
                0x0800135c       0x50 ./Core/Src/ctiic.o
                0x0800135c                CT_IIC_Ack
 .text.CT_IIC_NAck
                0x080013ac       0x50 ./Core/Src/ctiic.o
                0x080013ac                CT_IIC_NAck
 .text.CT_IIC_Send_Byte
                0x080013fc       0x78 ./Core/Src/ctiic.o
                0x080013fc                CT_IIC_Send_Byte
 .text.CT_IIC_Read_Byte
                0x08001474       0x88 ./Core/Src/ctiic.o
                0x08001474                CT_IIC_Read_Byte
 .text.delay_init
                0x080014fc       0x24 ./Core/Src/delay.o
                0x080014fc                delay_init
 .text.delay_us
                0x08001520       0x7c ./Core/Src/delay.o
                0x08001520                delay_us
 .text.delay_ms
                0x0800159c       0x30 ./Core/Src/delay.o
                0x0800159c                delay_ms
 .text.FT5206_WR_Reg
                0x080015cc       0x72 ./Core/Src/ft5206.o
                0x080015cc                FT5206_WR_Reg
 .text.FT5206_RD_Reg
                0x0800163e       0x7c ./Core/Src/ft5206.o
                0x0800163e                FT5206_RD_Reg
 *fill*         0x080016ba        0x2 
 .text.FT5206_Init
                0x080016bc       0xf4 ./Core/Src/ft5206.o
                0x080016bc                FT5206_Init
 .text.FT5206_Scan
                0x080017b0      0x22c ./Core/Src/ft5206.o
                0x080017b0                FT5206_Scan
 .text.GT9147_Send_Cfg
                0x080019dc       0x68 ./Core/Src/gt9147.o
                0x080019dc                GT9147_Send_Cfg
 .text.GT9147_WR_Reg
                0x08001a44       0x84 ./Core/Src/gt9147.o
                0x08001a44                GT9147_WR_Reg
 .text.GT9147_RD_Reg
                0x08001ac8       0x8e ./Core/Src/gt9147.o
                0x08001ac8                GT9147_RD_Reg
 *fill*         0x08001b56        0x2 
 .text.GT9147_Init
                0x08001b58      0x138 ./Core/Src/gt9147.o
                0x08001b58                GT9147_Init
 .text.GT9147_Scan
                0x08001c90      0x268 ./Core/Src/gt9147.o
                0x08001c90                GT9147_Scan
 .text.KEY_Init
                0x08001ef8       0x90 ./Core/Src/key.o
                0x08001ef8                KEY_Init
 .text.KEY_Scan
                0x08001f88       0xdc ./Core/Src/key.o
                0x08001f88                KEY_Scan
 .text.LCD_WR_REG
                0x08002064       0x48 ./Core/Src/lcd.o
                0x08002064                LCD_WR_REG
 .text.LCD_WR_DATAX
                0x080020ac       0x48 ./Core/Src/lcd.o
                0x080020ac                LCD_WR_DATAX
 .text.LCD_RD_DATA
                0x080020f4       0x88 ./Core/Src/lcd.o
                0x080020f4                LCD_RD_DATA
 .text.LCD_WriteReg
                0x0800217c       0x54 ./Core/Src/lcd.o
                0x0800217c                LCD_WriteReg
 .text.LCD_ReadReg
                0x080021d0       0x20 ./Core/Src/lcd.o
                0x080021d0                LCD_ReadReg
 .text.LCD_WriteRAM_Prepare
                0x080021f0       0x18 ./Core/Src/lcd.o
                0x080021f0                LCD_WriteRAM_Prepare
 .text.LCD_SetCursor
                0x08002208      0x598 ./Core/Src/lcd.o
                0x08002208                LCD_SetCursor
 .text.LCD_Scan_Dir
                0x080027a0      0x624 ./Core/Src/lcd.o
                0x080027a0                LCD_Scan_Dir
 .text.LCD_DrawPoint
                0x08002dc4       0x60 ./Core/Src/lcd.o
                0x08002dc4                LCD_DrawPoint
 .text.LCD_Fast_DrawPoint
                0x08002e24      0x52c ./Core/Src/lcd.o
                0x08002e24                LCD_Fast_DrawPoint
 .text.LCD_SSD_BackLightSet
                0x08003350      0x148 ./Core/Src/lcd.o
                0x08003350                LCD_SSD_BackLightSet
 .text.LCD_Display_Dir
                0x08003498      0x218 ./Core/Src/lcd.o
                0x08003498                LCD_Display_Dir
 .text.LCD_Init
                0x080036b0     0x3e5c ./Core/Src/lcd.o
                0x080036b0                LCD_Init
 .text.LCD_Clear
                0x0800750c       0xc4 ./Core/Src/lcd.o
                0x0800750c                LCD_Clear
 .text.LCD_DrawLine
                0x080075d0      0x108 ./Core/Src/lcd.o
                0x080075d0                LCD_DrawLine
 .text.LCD_Draw_Circle
                0x080076d8      0x13a ./Core/Src/lcd.o
                0x080076d8                LCD_Draw_Circle
 *fill*         0x08007812        0x2 
 .text.LCD_ShowChar
                0x08007814       0xf8 ./Core/Src/lcd.o
                0x08007814                LCD_ShowChar
 .text.LCD_Pow  0x0800790c       0x36 ./Core/Src/lcd.o
                0x0800790c                LCD_Pow
 *fill*         0x08007942        0x2 
 .text.LCD_ShowNum
                0x08007944       0xe4 ./Core/Src/lcd.o
                0x08007944                LCD_ShowNum
 .text.LCD_ShowString
                0x08007a28       0x9a ./Core/Src/lcd.o
                0x08007a28                LCD_ShowString
 *fill*         0x08007ac2        0x2 
 .text.lcd_set_cursor
                0x08007ac4      0x628 ./Core/Src/lcd_v4.o
                0x08007ac4                lcd_set_cursor
 .text.lcd_draw_point
                0x080080ec       0x94 ./Core/Src/lcd_v4.o
                0x080080ec                lcd_draw_point
 .text.lcd_show_char
                0x08008180      0x1bc ./Core/Src/lcd_v4.o
                0x08008180                lcd_show_char
 .text.lcd_show_string
                0x0800833c       0xa0 ./Core/Src/lcd_v4.o
                0x0800833c                lcd_show_string
 .text.LED_Init
                0x080083dc       0x90 ./Core/Src/led.o
                0x080083dc                LED_Init
 .text.main     0x0800846c       0x58 ./Core/Src/main.o
                0x0800846c                main
 .text.SystemClock_Config
                0x080084c4       0x8a ./Core/Src/main.o
                0x080084c4                SystemClock_Config
 *fill*         0x0800854e        0x2 
 .text.MX_SPI1_Init
                0x08008550       0x6c ./Core/Src/main.o
 .text.MX_TIM3_Init
                0x080085bc       0x9c ./Core/Src/main.o
 .text.MX_USART1_UART_Init
                0x08008658       0x54 ./Core/Src/main.o
 .text.MX_GPIO_Init
                0x080086ac       0xe4 ./Core/Src/main.o
 .text.Error_Handler
                0x08008790        0xc ./Core/Src/main.o
                0x08008790                Error_Handler
 .text.move     0x0800879c       0x34 ./Core/Src/maze.o
                0x0800879c                move
 .text.rtp      0x080087d0      0x36c ./Core/Src/maze.o
                0x080087d0                rtp
 .text.IIC_Init
                0x08008b3c       0x60 ./Core/Src/myiic.o
                0x08008b3c                IIC_Init
 .text.IIC_Start
                0x08008b9c       0x50 ./Core/Src/myiic.o
                0x08008b9c                IIC_Start
 .text.IIC_Stop
                0x08008bec       0x50 ./Core/Src/myiic.o
                0x08008bec                IIC_Stop
 .text.IIC_Wait_Ack
                0x08008c3c       0x78 ./Core/Src/myiic.o
                0x08008c3c                IIC_Wait_Ack
 .text.IIC_Ack  0x08008cb4       0x50 ./Core/Src/myiic.o
                0x08008cb4                IIC_Ack
 .text.IIC_NAck
                0x08008d04       0x50 ./Core/Src/myiic.o
                0x08008d04                IIC_NAck
 .text.IIC_Send_Byte
                0x08008d54       0x80 ./Core/Src/myiic.o
                0x08008d54                IIC_Send_Byte
 .text.IIC_Read_Byte
                0x08008dd4       0x8c ./Core/Src/myiic.o
                0x08008dd4                IIC_Read_Byte
 .text.OTT2001A_WR_Reg
                0x08008e60       0x84 ./Core/Src/ott2001a.o
                0x08008e60                OTT2001A_WR_Reg
 .text.OTT2001A_RD_Reg
                0x08008ee4       0x8e ./Core/Src/ott2001a.o
                0x08008ee4                OTT2001A_RD_Reg
 .text.OTT2001A_SensorControl
                0x08008f72       0x30 ./Core/Src/ott2001a.o
                0x08008f72                OTT2001A_SensorControl
 *fill*         0x08008fa2        0x2 
 .text.OTT2001A_Init
                0x08008fa4       0xb0 ./Core/Src/ott2001a.o
                0x08008fa4                OTT2001A_Init
 *fill*         0x08009054        0x4 
 .text.OTT2001A_Scan
                0x08009058      0x254 ./Core/Src/ott2001a.o
                0x08009058                OTT2001A_Scan
 .text.HAL_MspInit
                0x080092ac       0x64 ./Core/Src/stm32f1xx_hal_msp.o
                0x080092ac                HAL_MspInit
 .text.HAL_SPI_MspInit
                0x08009310       0x94 ./Core/Src/stm32f1xx_hal_msp.o
                0x08009310                HAL_SPI_MspInit
 .text.HAL_TIM_Base_MspInit
                0x080093a4       0x3c ./Core/Src/stm32f1xx_hal_msp.o
                0x080093a4                HAL_TIM_Base_MspInit
 .text.HAL_UART_MspInit
                0x080093e0       0xa8 ./Core/Src/stm32f1xx_hal_msp.o
                0x080093e0                HAL_UART_MspInit
 .text.NMI_Handler
                0x08009488        0x8 ./Core/Src/stm32f1xx_it.o
                0x08009488                NMI_Handler
 .text.HardFault_Handler
                0x08009490        0x8 ./Core/Src/stm32f1xx_it.o
                0x08009490                HardFault_Handler
 .text.MemManage_Handler
                0x08009498        0x8 ./Core/Src/stm32f1xx_it.o
                0x08009498                MemManage_Handler
 .text.BusFault_Handler
                0x080094a0        0x8 ./Core/Src/stm32f1xx_it.o
                0x080094a0                BusFault_Handler
 .text.UsageFault_Handler
                0x080094a8        0x8 ./Core/Src/stm32f1xx_it.o
                0x080094a8                UsageFault_Handler
 .text.SVC_Handler
                0x080094b0        0xc ./Core/Src/stm32f1xx_it.o
                0x080094b0                SVC_Handler
 .text.DebugMon_Handler
                0x080094bc        0xc ./Core/Src/stm32f1xx_it.o
                0x080094bc                DebugMon_Handler
 .text.PendSV_Handler
                0x080094c8        0xc ./Core/Src/stm32f1xx_it.o
                0x080094c8                PendSV_Handler
 .text.SysTick_Handler
                0x080094d4        0xc ./Core/Src/stm32f1xx_it.o
                0x080094d4                SysTick_Handler
 .text.USART1_IRQHandler
                0x080094e0       0x14 ./Core/Src/stm32f1xx_it.o
                0x080094e0                USART1_IRQHandler
 .text.Stm32_Clock_Init
                0x080094f4       0x82 ./Core/Src/sys.o
                0x080094f4                Stm32_Clock_Init
 .text._read    0x08009576       0x3a ./Core/Src/syscalls.o
                0x08009576                _read
 .text._write   0x080095b0       0x38 ./Core/Src/syscalls.o
                0x080095b0                _write
 .text._close   0x080095e8       0x16 ./Core/Src/syscalls.o
                0x080095e8                _close
 .text._fstat   0x080095fe       0x1e ./Core/Src/syscalls.o
                0x080095fe                _fstat
 .text._isatty  0x0800961c       0x14 ./Core/Src/syscalls.o
                0x0800961c                _isatty
 .text._lseek   0x08009630       0x18 ./Core/Src/syscalls.o
                0x08009630                _lseek
 .text._sbrk    0x08009648       0x6c ./Core/Src/sysmem.o
                0x08009648                _sbrk
 .text.SystemInit
                0x080096b4        0xc ./Core/Src/system_stm32f1xx.o
                0x080096b4                SystemInit
 .text.TP_Write_Byte
                0x080096c0       0x60 ./Core/Src/touch.o
                0x080096c0                TP_Write_Byte
 .text.TP_Read_AD
                0x08009720       0xb0 ./Core/Src/touch.o
                0x08009720                TP_Read_AD
 .text.TP_Read_XOY
                0x080097d0       0xf4 ./Core/Src/touch.o
                0x080097d0                TP_Read_XOY
 .text.TP_Read_XY
                0x080098c4       0x44 ./Core/Src/touch.o
                0x080098c4                TP_Read_XY
 .text.TP_Read_XY2
                0x08009908       0xc4 ./Core/Src/touch.o
                0x08009908                TP_Read_XY2
 .text.TP_Drow_Touch_Point
                0x080099cc       0xa8 ./Core/Src/touch.o
                0x080099cc                TP_Drow_Touch_Point
 .text.TP_Scan  0x08009a74      0x13c ./Core/Src/touch.o
                0x08009a74                TP_Scan
 .text.TP_Save_Adjdata
                0x08009bb0       0x20 ./Core/Src/touch.o
                0x08009bb0                TP_Save_Adjdata
 .text.TP_Get_Adjdata
                0x08009bd0       0x64 ./Core/Src/touch.o
                0x08009bd0                TP_Get_Adjdata
 .text.TP_Adj_Info_Show
                0x08009c34      0x1c4 ./Core/Src/touch.o
                0x08009c34                TP_Adj_Info_Show
 .text.TP_Adjust
                0x08009df8      0x878 ./Core/Src/touch.o
                0x08009df8                TP_Adjust
 .text.TP_Init  0x0800a670      0x154 ./Core/Src/touch.o
                0x0800a670                TP_Init
 .text.game     0x0800a7c4       0xb0 ./Core/Src/ui.o
                0x0800a7c4                game
 .text.Reset_Handler
                0x0800a874       0x48 ./Core/Startup/startup_stm32f103rctx.o
                0x0800a874                Reset_Handler
 .text.Default_Handler
                0x0800a8bc        0x2 ./Core/Startup/startup_stm32f103rctx.o
                0x0800a8bc                RTC_Alarm_IRQHandler
                0x0800a8bc                EXTI2_IRQHandler
                0x0800a8bc                TIM8_TRG_COM_IRQHandler
                0x0800a8bc                TIM8_CC_IRQHandler
                0x0800a8bc                TIM1_CC_IRQHandler
                0x0800a8bc                TIM6_IRQHandler
                0x0800a8bc                PVD_IRQHandler
                0x0800a8bc                SDIO_IRQHandler
                0x0800a8bc                EXTI3_IRQHandler
                0x0800a8bc                EXTI0_IRQHandler
                0x0800a8bc                I2C2_EV_IRQHandler
                0x0800a8bc                ADC1_2_IRQHandler
                0x0800a8bc                SPI1_IRQHandler
                0x0800a8bc                TAMPER_IRQHandler
                0x0800a8bc                TIM8_UP_IRQHandler
                0x0800a8bc                DMA2_Channel2_IRQHandler
                0x0800a8bc                DMA1_Channel4_IRQHandler
                0x0800a8bc                USART3_IRQHandler
                0x0800a8bc                RTC_IRQHandler
                0x0800a8bc                DMA1_Channel7_IRQHandler
                0x0800a8bc                CAN1_RX1_IRQHandler
                0x0800a8bc                UART5_IRQHandler
                0x0800a8bc                ADC3_IRQHandler
                0x0800a8bc                TIM4_IRQHandler
                0x0800a8bc                DMA2_Channel1_IRQHandler
                0x0800a8bc                I2C1_EV_IRQHandler
                0x0800a8bc                DMA1_Channel6_IRQHandler
                0x0800a8bc                UART4_IRQHandler
                0x0800a8bc                TIM3_IRQHandler
                0x0800a8bc                RCC_IRQHandler
                0x0800a8bc                TIM1_TRG_COM_IRQHandler
                0x0800a8bc                DMA1_Channel1_IRQHandler
                0x0800a8bc                Default_Handler
                0x0800a8bc                EXTI15_10_IRQHandler
                0x0800a8bc                TIM7_IRQHandler
                0x0800a8bc                TIM5_IRQHandler
                0x0800a8bc                EXTI9_5_IRQHandler
                0x0800a8bc                SPI2_IRQHandler
                0x0800a8bc                DMA1_Channel5_IRQHandler
                0x0800a8bc                EXTI4_IRQHandler
                0x0800a8bc                USB_LP_CAN1_RX0_IRQHandler
                0x0800a8bc                USB_HP_CAN1_TX_IRQHandler
                0x0800a8bc                DMA1_Channel3_IRQHandler
                0x0800a8bc                FSMC_IRQHandler
                0x0800a8bc                TIM1_UP_IRQHandler
                0x0800a8bc                WWDG_IRQHandler
                0x0800a8bc                TIM2_IRQHandler
                0x0800a8bc                TIM1_BRK_IRQHandler
                0x0800a8bc                EXTI1_IRQHandler
                0x0800a8bc                DMA2_Channel4_5_IRQHandler
                0x0800a8bc                USART2_IRQHandler
                0x0800a8bc                I2C2_ER_IRQHandler
                0x0800a8bc                DMA1_Channel2_IRQHandler
                0x0800a8bc                TIM8_BRK_IRQHandler
                0x0800a8bc                CAN1_SCE_IRQHandler
                0x0800a8bc                FLASH_IRQHandler
                0x0800a8bc                SPI3_IRQHandler
                0x0800a8bc                I2C1_ER_IRQHandler
                0x0800a8bc                USBWakeUp_IRQHandler
                0x0800a8bc                DMA2_Channel3_IRQHandler
 *fill*         0x0800a8be        0x2 
 .text.HAL_Init
                0x0800a8c0       0x2c ./Drivers/STM32F1xx_HAL_Driver/Src/stm32f1xx_hal.o
                0x0800a8c0                HAL_Init
 .text.HAL_InitTick
                0x0800a8ec       0x60 ./Drivers/STM32F1xx_HAL_Driver/Src/stm32f1xx_hal.o
                0x0800a8ec                HAL_InitTick
 .text.HAL_IncTick
                0x0800a94c       0x24 ./Drivers/STM32F1xx_HAL_Driver/Src/stm32f1xx_hal.o
                0x0800a94c                HAL_IncTick
 .text.HAL_GetTick
                0x0800a970       0x14 ./Drivers/STM32F1xx_HAL_Driver/Src/stm32f1xx_hal.o
                0x0800a970                HAL_GetTick
 .text.HAL_Delay
                0x0800a984       0x48 ./Drivers/STM32F1xx_HAL_Driver/Src/stm32f1xx_hal.o
                0x0800a984                HAL_Delay
 .text.__NVIC_SetPriorityGrouping
                0x0800a9cc       0x48 ./Drivers/STM32F1xx_HAL_Driver/Src/stm32f1xx_hal_cortex.o
 .text.__NVIC_GetPriorityGrouping
                0x0800aa14       0x1c ./Drivers/STM32F1xx_HAL_Driver/Src/stm32f1xx_hal_cortex.o
 .text.__NVIC_EnableIRQ
                0x0800aa30       0x38 ./Drivers/STM32F1xx_HAL_Driver/Src/stm32f1xx_hal_cortex.o
 .text.__NVIC_SetPriority
                0x0800aa68       0x54 ./Drivers/STM32F1xx_HAL_Driver/Src/stm32f1xx_hal_cortex.o
 .text.NVIC_EncodePriority
                0x0800aabc       0x64 ./Drivers/STM32F1xx_HAL_Driver/Src/stm32f1xx_hal_cortex.o
 .text.SysTick_Config
                0x0800ab20       0x44 ./Drivers/STM32F1xx_HAL_Driver/Src/stm32f1xx_hal_cortex.o
 .text.HAL_NVIC_SetPriorityGrouping
                0x0800ab64       0x16 ./Drivers/STM32F1xx_HAL_Driver/Src/stm32f1xx_hal_cortex.o
                0x0800ab64                HAL_NVIC_SetPriorityGrouping
 .text.HAL_NVIC_SetPriority
                0x0800ab7a       0x38 ./Drivers/STM32F1xx_HAL_Driver/Src/stm32f1xx_hal_cortex.o
                0x0800ab7a                HAL_NVIC_SetPriority
 .text.HAL_NVIC_EnableIRQ
                0x0800abb2       0x1c ./Drivers/STM32F1xx_HAL_Driver/Src/stm32f1xx_hal_cortex.o
                0x0800abb2                HAL_NVIC_EnableIRQ
 .text.HAL_SYSTICK_Config
                0x0800abce       0x18 ./Drivers/STM32F1xx_HAL_Driver/Src/stm32f1xx_hal_cortex.o
                0x0800abce                HAL_SYSTICK_Config
 *fill*         0x0800abe6        0x2 
 .text.HAL_SYSTICK_CLKSourceConfig
                0x0800abe8       0x38 ./Drivers/STM32F1xx_HAL_Driver/Src/stm32f1xx_hal_cortex.o
                0x0800abe8                HAL_SYSTICK_CLKSourceConfig
 .text.HAL_DMA_Abort
                0x0800ac20       0x76 ./Drivers/STM32F1xx_HAL_Driver/Src/stm32f1xx_hal_dma.o
                0x0800ac20                HAL_DMA_Abort
 *fill*         0x0800ac96        0x2 
 .text.HAL_DMA_Abort_IT
                0x0800ac98      0x210 ./Drivers/STM32F1xx_HAL_Driver/Src/stm32f1xx_hal_dma.o
                0x0800ac98                HAL_DMA_Abort_IT
 .text.HAL_GPIO_Init
                0x0800aea8      0x328 ./Drivers/STM32F1xx_HAL_Driver/Src/stm32f1xx_hal_gpio.o
                0x0800aea8                HAL_GPIO_Init
 .text.HAL_GPIO_ReadPin
                0x0800b1d0       0x2e ./Drivers/STM32F1xx_HAL_Driver/Src/stm32f1xx_hal_gpio.o
                0x0800b1d0                HAL_GPIO_ReadPin
 .text.HAL_GPIO_WritePin
                0x0800b1fe       0x30 ./Drivers/STM32F1xx_HAL_Driver/Src/stm32f1xx_hal_gpio.o
                0x0800b1fe                HAL_GPIO_WritePin
 *fill*         0x0800b22e        0x2 
 .text.HAL_RCC_OscConfig
                0x0800b230      0x504 ./Drivers/STM32F1xx_HAL_Driver/Src/stm32f1xx_hal_rcc.o
                0x0800b230                HAL_RCC_OscConfig
 .text.HAL_RCC_ClockConfig
                0x0800b734      0x1d4 ./Drivers/STM32F1xx_HAL_Driver/Src/stm32f1xx_hal_rcc.o
                0x0800b734                HAL_RCC_ClockConfig
 .text.HAL_RCC_GetSysClockFreq
                0x0800b908       0xa8 ./Drivers/STM32F1xx_HAL_Driver/Src/stm32f1xx_hal_rcc.o
                0x0800b908                HAL_RCC_GetSysClockFreq
 .text.HAL_RCC_GetHCLKFreq
                0x0800b9b0       0x14 ./Drivers/STM32F1xx_HAL_Driver/Src/stm32f1xx_hal_rcc.o
                0x0800b9b0                HAL_RCC_GetHCLKFreq
 .text.HAL_RCC_GetPCLK1Freq
                0x0800b9c4       0x28 ./Drivers/STM32F1xx_HAL_Driver/Src/stm32f1xx_hal_rcc.o
                0x0800b9c4                HAL_RCC_GetPCLK1Freq
 .text.HAL_RCC_GetPCLK2Freq
                0x0800b9ec       0x28 ./Drivers/STM32F1xx_HAL_Driver/Src/stm32f1xx_hal_rcc.o
                0x0800b9ec                HAL_RCC_GetPCLK2Freq
 .text.RCC_Delay
                0x0800ba14       0x3c ./Drivers/STM32F1xx_HAL_Driver/Src/stm32f1xx_hal_rcc.o
 .text.HAL_SPI_Init
                0x0800ba50      0x108 ./Drivers/STM32F1xx_HAL_Driver/Src/stm32f1xx_hal_spi.o
                0x0800ba50                HAL_SPI_Init
 .text.HAL_TIM_Base_Init
                0x0800bb58       0x9e ./Drivers/STM32F1xx_HAL_Driver/Src/stm32f1xx_hal_tim.o
                0x0800bb58                HAL_TIM_Base_Init
 .text.HAL_TIM_ConfigClockSource
                0x0800bbf6      0x18e ./Drivers/STM32F1xx_HAL_Driver/Src/stm32f1xx_hal_tim.o
                0x0800bbf6                HAL_TIM_ConfigClockSource
 .text.TIM_Base_SetConfig
                0x0800bd84      0x10c ./Drivers/STM32F1xx_HAL_Driver/Src/stm32f1xx_hal_tim.o
                0x0800bd84                TIM_Base_SetConfig
 .text.TIM_TI1_ConfigInputStage
                0x0800be90       0x5c ./Drivers/STM32F1xx_HAL_Driver/Src/stm32f1xx_hal_tim.o
 .text.TIM_TI2_ConfigInputStage
                0x0800beec       0x5e ./Drivers/STM32F1xx_HAL_Driver/Src/stm32f1xx_hal_tim.o
 .text.TIM_ITRx_SetConfig
                0x0800bf4a       0x34 ./Drivers/STM32F1xx_HAL_Driver/Src/stm32f1xx_hal_tim.o
 .text.TIM_ETR_SetConfig
                0x0800bf7e       0x3e ./Drivers/STM32F1xx_HAL_Driver/Src/stm32f1xx_hal_tim.o
                0x0800bf7e                TIM_ETR_SetConfig
 .text.HAL_TIMEx_MasterConfigSynchronization
                0x0800bfbc       0xd8 ./Drivers/STM32F1xx_HAL_Driver/Src/stm32f1xx_hal_tim_ex.o
                0x0800bfbc                HAL_TIMEx_MasterConfigSynchronization
 .text.HAL_UART_Init
                0x0800c094       0xa0 ./Drivers/STM32F1xx_HAL_Driver/Src/stm32f1xx_hal_uart.o
                0x0800c094                HAL_UART_Init
 .text.HAL_UART_Transmit
                0x0800c134      0x116 ./Drivers/STM32F1xx_HAL_Driver/Src/stm32f1xx_hal_uart.o
                0x0800c134                HAL_UART_Transmit
 *fill*         0x0800c24a        0x2 
 .text.HAL_UART_IRQHandler
                0x0800c24c      0x524 ./Drivers/STM32F1xx_HAL_Driver/Src/stm32f1xx_hal_uart.o
                0x0800c24c                HAL_UART_IRQHandler
 .text.HAL_UART_TxCpltCallback
                0x0800c770       0x12 ./Drivers/STM32F1xx_HAL_Driver/Src/stm32f1xx_hal_uart.o
                0x0800c770                HAL_UART_TxCpltCallback
 .text.HAL_UART_RxCpltCallback
                0x0800c782       0x12 ./Drivers/STM32F1xx_HAL_Driver/Src/stm32f1xx_hal_uart.o
                0x0800c782                HAL_UART_RxCpltCallback
 .text.HAL_UART_ErrorCallback
                0x0800c794       0x12 ./Drivers/STM32F1xx_HAL_Driver/Src/stm32f1xx_hal_uart.o
                0x0800c794                HAL_UART_ErrorCallback
 .text.HAL_UARTEx_RxEventCallback
                0x0800c7a6       0x16 ./Drivers/STM32F1xx_HAL_Driver/Src/stm32f1xx_hal_uart.o
                0x0800c7a6                HAL_UARTEx_RxEventCallback
 .text.UART_WaitOnFlagUntilTimeout
                0x0800c7bc       0xb2 ./Drivers/STM32F1xx_HAL_Driver/Src/stm32f1xx_hal_uart.o
 .text.UART_EndRxTransfer
                0x0800c86e       0xc4 ./Drivers/STM32F1xx_HAL_Driver/Src/stm32f1xx_hal_uart.o
 .text.UART_DMAAbortOnError
                0x0800c932       0x28 ./Drivers/STM32F1xx_HAL_Driver/Src/stm32f1xx_hal_uart.o
 .text.UART_Transmit_IT
                0x0800c95a       0x9e ./Drivers/STM32F1xx_HAL_Driver/Src/stm32f1xx_hal_uart.o
 .text.UART_EndTransmit_IT
                0x0800c9f8       0x30 ./Drivers/STM32F1xx_HAL_Driver/Src/stm32f1xx_hal_uart.o
 .text.UART_Receive_IT
                0x0800ca28      0x17c ./Drivers/STM32F1xx_HAL_Driver/Src/stm32f1xx_hal_uart.o
 .text.UART_SetConfig
                0x0800cba4      0x11c ./Drivers/STM32F1xx_HAL_Driver/Src/stm32f1xx_hal_uart.o
 .text.std      0x0800ccc0       0x6c C:/ST/STM32CubeIDE_1.19.0/STM32CubeIDE/plugins/com.st.stm32cube.ide.mcu.externaltools.gnu-tools-for-stm32.13.3.rel1.win32_1.0.0.202411081344/tools/bin/../lib/gcc/arm-none-eabi/13.3.1/../../../../arm-none-eabi/lib/thumb/v7-m/nofp\libc_nano.a(libc_a-findfp.o)
 .text.stdio_exit_handler
                0x0800cd2c       0x18 C:/ST/STM32CubeIDE_1.19.0/STM32CubeIDE/plugins/com.st.stm32cube.ide.mcu.externaltools.gnu-tools-for-stm32.13.3.rel1.win32_1.0.0.202411081344/tools/bin/../lib/gcc/arm-none-eabi/13.3.1/../../../../arm-none-eabi/lib/thumb/v7-m/nofp\libc_nano.a(libc_a-findfp.o)
 .text.cleanup_stdio
                0x0800cd44       0x40 C:/ST/STM32CubeIDE_1.19.0/STM32CubeIDE/plugins/com.st.stm32cube.ide.mcu.externaltools.gnu-tools-for-stm32.13.3.rel1.win32_1.0.0.202411081344/tools/bin/../lib/gcc/arm-none-eabi/13.3.1/../../../../arm-none-eabi/lib/thumb/v7-m/nofp\libc_nano.a(libc_a-findfp.o)
 .text.global_stdio_init.part.0
                0x0800cd84       0x3c C:/ST/STM32CubeIDE_1.19.0/STM32CubeIDE/plugins/com.st.stm32cube.ide.mcu.externaltools.gnu-tools-for-stm32.13.3.rel1.win32_1.0.0.202411081344/tools/bin/../lib/gcc/arm-none-eabi/13.3.1/../../../../arm-none-eabi/lib/thumb/v7-m/nofp\libc_nano.a(libc_a-findfp.o)
 .text.__sfp_lock_acquire
                0x0800cdc0        0xc C:/ST/STM32CubeIDE_1.19.0/STM32CubeIDE/plugins/com.st.stm32cube.ide.mcu.externaltools.gnu-tools-for-stm32.13.3.rel1.win32_1.0.0.202411081344/tools/bin/../lib/gcc/arm-none-eabi/13.3.1/../../../../arm-none-eabi/lib/thumb/v7-m/nofp\libc_nano.a(libc_a-findfp.o)
                0x0800cdc0                __sfp_lock_acquire
 .text.__sfp_lock_release
                0x0800cdcc        0xc C:/ST/STM32CubeIDE_1.19.0/STM32CubeIDE/plugins/com.st.stm32cube.ide.mcu.externaltools.gnu-tools-for-stm32.13.3.rel1.win32_1.0.0.202411081344/tools/bin/../lib/gcc/arm-none-eabi/13.3.1/../../../../arm-none-eabi/lib/thumb/v7-m/nofp\libc_nano.a(libc_a-findfp.o)
                0x0800cdcc                __sfp_lock_release
 .text.__sinit  0x0800cdd8       0x30 C:/ST/STM32CubeIDE_1.19.0/STM32CubeIDE/plugins/com.st.stm32cube.ide.mcu.externaltools.gnu-tools-for-stm32.13.3.rel1.win32_1.0.0.202411081344/tools/bin/../lib/gcc/arm-none-eabi/13.3.1/../../../../arm-none-eabi/lib/thumb/v7-m/nofp\libc_nano.a(libc_a-findfp.o)
                0x0800cdd8                __sinit
 .text._fwalk_sglue
                0x0800ce08       0x3c C:/ST/STM32CubeIDE_1.19.0/STM32CubeIDE/plugins/com.st.stm32cube.ide.mcu.externaltools.gnu-tools-for-stm32.13.3.rel1.win32_1.0.0.202411081344/tools/bin/../lib/gcc/arm-none-eabi/13.3.1/../../../../arm-none-eabi/lib/thumb/v7-m/nofp\libc_nano.a(libc_a-fwalk.o)
                0x0800ce08                _fwalk_sglue
 .text.printf   0x0800ce44       0x24 C:/ST/STM32CubeIDE_1.19.0/STM32CubeIDE/plugins/com.st.stm32cube.ide.mcu.externaltools.gnu-tools-for-stm32.13.3.rel1.win32_1.0.0.202411081344/tools/bin/../lib/gcc/arm-none-eabi/13.3.1/../../../../arm-none-eabi/lib/thumb/v7-m/nofp\libc_nano.a(libc_a-printf.o)
                0x0800ce44                iprintf
                0x0800ce44                printf
 .text.__sread  0x0800ce68       0x22 C:/ST/STM32CubeIDE_1.19.0/STM32CubeIDE/plugins/com.st.stm32cube.ide.mcu.externaltools.gnu-tools-for-stm32.13.3.rel1.win32_1.0.0.202411081344/tools/bin/../lib/gcc/arm-none-eabi/13.3.1/../../../../arm-none-eabi/lib/thumb/v7-m/nofp\libc_nano.a(libc_a-stdio.o)
                0x0800ce68                __sread
 .text.__swrite
                0x0800ce8a       0x38 C:/ST/STM32CubeIDE_1.19.0/STM32CubeIDE/plugins/com.st.stm32cube.ide.mcu.externaltools.gnu-tools-for-stm32.13.3.rel1.win32_1.0.0.202411081344/tools/bin/../lib/gcc/arm-none-eabi/13.3.1/../../../../arm-none-eabi/lib/thumb/v7-m/nofp\libc_nano.a(libc_a-stdio.o)
                0x0800ce8a                __swrite
 .text.__sseek  0x0800cec2       0x24 C:/ST/STM32CubeIDE_1.19.0/STM32CubeIDE/plugins/com.st.stm32cube.ide.mcu.externaltools.gnu-tools-for-stm32.13.3.rel1.win32_1.0.0.202411081344/tools/bin/../lib/gcc/arm-none-eabi/13.3.1/../../../../arm-none-eabi/lib/thumb/v7-m/nofp\libc_nano.a(libc_a-stdio.o)
                0x0800cec2                __sseek
 .text.__sclose
                0x0800cee6        0x8 C:/ST/STM32CubeIDE_1.19.0/STM32CubeIDE/plugins/com.st.stm32cube.ide.mcu.externaltools.gnu-tools-for-stm32.13.3.rel1.win32_1.0.0.202411081344/tools/bin/../lib/gcc/arm-none-eabi/13.3.1/../../../../arm-none-eabi/lib/thumb/v7-m/nofp\libc_nano.a(libc_a-stdio.o)
                0x0800cee6                __sclose
 .text.memset   0x0800ceee       0x10 C:/ST/STM32CubeIDE_1.19.0/STM32CubeIDE/plugins/com.st.stm32cube.ide.mcu.externaltools.gnu-tools-for-stm32.13.3.rel1.win32_1.0.0.202411081344/tools/bin/../lib/gcc/arm-none-eabi/13.3.1/../../../../arm-none-eabi/lib/thumb/v7-m/nofp\libc_nano.a(libc_a-memset.o)
                0x0800ceee                memset
 *fill*         0x0800cefe        0x2 
 .text._close_r
                0x0800cf00       0x20 C:/ST/STM32CubeIDE_1.19.0/STM32CubeIDE/plugins/com.st.stm32cube.ide.mcu.externaltools.gnu-tools-for-stm32.13.3.rel1.win32_1.0.0.202411081344/tools/bin/../lib/gcc/arm-none-eabi/13.3.1/../../../../arm-none-eabi/lib/thumb/v7-m/nofp\libc_nano.a(libc_a-closer.o)
                0x0800cf00                _close_r
 .text._lseek_r
                0x0800cf20       0x24 C:/ST/STM32CubeIDE_1.19.0/STM32CubeIDE/plugins/com.st.stm32cube.ide.mcu.externaltools.gnu-tools-for-stm32.13.3.rel1.win32_1.0.0.202411081344/tools/bin/../lib/gcc/arm-none-eabi/13.3.1/../../../../arm-none-eabi/lib/thumb/v7-m/nofp\libc_nano.a(libc_a-lseekr.o)
                0x0800cf20                _lseek_r
 .text._read_r  0x0800cf44       0x24 C:/ST/STM32CubeIDE_1.19.0/STM32CubeIDE/plugins/com.st.stm32cube.ide.mcu.externaltools.gnu-tools-for-stm32.13.3.rel1.win32_1.0.0.202411081344/tools/bin/../lib/gcc/arm-none-eabi/13.3.1/../../../../arm-none-eabi/lib/thumb/v7-m/nofp\libc_nano.a(libc_a-readr.o)
                0x0800cf44                _read_r
 .text._write_r
                0x0800cf68       0x24 C:/ST/STM32CubeIDE_1.19.0/STM32CubeIDE/plugins/com.st.stm32cube.ide.mcu.externaltools.gnu-tools-for-stm32.13.3.rel1.win32_1.0.0.202411081344/tools/bin/../lib/gcc/arm-none-eabi/13.3.1/../../../../arm-none-eabi/lib/thumb/v7-m/nofp\libc_nano.a(libc_a-writer.o)
                0x0800cf68                _write_r
 .text.__errno  0x0800cf8c        0xc C:/ST/STM32CubeIDE_1.19.0/STM32CubeIDE/plugins/com.st.stm32cube.ide.mcu.externaltools.gnu-tools-for-stm32.13.3.rel1.win32_1.0.0.202411081344/tools/bin/../lib/gcc/arm-none-eabi/13.3.1/../../../../arm-none-eabi/lib/thumb/v7-m/nofp\libc_nano.a(libc_a-errno.o)
                0x0800cf8c                __errno
 .text.__libc_init_array
                0x0800cf98       0x48 C:/ST/STM32CubeIDE_1.19.0/STM32CubeIDE/plugins/com.st.stm32cube.ide.mcu.externaltools.gnu-tools-for-stm32.13.3.rel1.win32_1.0.0.202411081344/tools/bin/../lib/gcc/arm-none-eabi/13.3.1/../../../../arm-none-eabi/lib/thumb/v7-m/nofp\libc_nano.a(libc_a-init.o)
                0x0800cf98                __libc_init_array
 .text.__retarget_lock_init_recursive
                0x0800cfe0        0x2 C:/ST/STM32CubeIDE_1.19.0/STM32CubeIDE/plugins/com.st.stm32cube.ide.mcu.externaltools.gnu-tools-for-stm32.13.3.rel1.win32_1.0.0.202411081344/tools/bin/../lib/gcc/arm-none-eabi/13.3.1/../../../../arm-none-eabi/lib/thumb/v7-m/nofp\libc_nano.a(libc_a-lock.o)
                0x0800cfe0                __retarget_lock_init_recursive
 .text.__retarget_lock_acquire_recursive
                0x0800cfe2        0x2 C:/ST/STM32CubeIDE_1.19.0/STM32CubeIDE/plugins/com.st.stm32cube.ide.mcu.externaltools.gnu-tools-for-stm32.13.3.rel1.win32_1.0.0.202411081344/tools/bin/../lib/gcc/arm-none-eabi/13.3.1/../../../../arm-none-eabi/lib/thumb/v7-m/nofp\libc_nano.a(libc_a-lock.o)
                0x0800cfe2                __retarget_lock_acquire_recursive
 .text.__retarget_lock_release_recursive
                0x0800cfe4        0x2 C:/ST/STM32CubeIDE_1.19.0/STM32CubeIDE/plugins/com.st.stm32cube.ide.mcu.externaltools.gnu-tools-for-stm32.13.3.rel1.win32_1.0.0.202411081344/tools/bin/../lib/gcc/arm-none-eabi/13.3.1/../../../../arm-none-eabi/lib/thumb/v7-m/nofp\libc_nano.a(libc_a-lock.o)
                0x0800cfe4                __retarget_lock_release_recursive
 *fill*         0x0800cfe6        0x2 
 .text._free_r  0x0800cfe8       0x90 C:/ST/STM32CubeIDE_1.19.0/STM32CubeIDE/plugins/com.st.stm32cube.ide.mcu.externaltools.gnu-tools-for-stm32.13.3.rel1.win32_1.0.0.202411081344/tools/bin/../lib/gcc/arm-none-eabi/13.3.1/../../../../arm-none-eabi/lib/thumb/v7-m/nofp\libc_nano.a(libc_a-freer.o)
                0x0800cfe8                _free_r
 .text.sbrk_aligned
                0x0800d078       0x44 C:/ST/STM32CubeIDE_1.19.0/STM32CubeIDE/plugins/com.st.stm32cube.ide.mcu.externaltools.gnu-tools-for-stm32.13.3.rel1.win32_1.0.0.202411081344/tools/bin/../lib/gcc/arm-none-eabi/13.3.1/../../../../arm-none-eabi/lib/thumb/v7-m/nofp\libc_nano.a(libc_a-mallocr.o)
 .text._malloc_r
                0x0800d0bc      0x100 C:/ST/STM32CubeIDE_1.19.0/STM32CubeIDE/plugins/com.st.stm32cube.ide.mcu.externaltools.gnu-tools-for-stm32.13.3.rel1.win32_1.0.0.202411081344/tools/bin/../lib/gcc/arm-none-eabi/13.3.1/../../../../arm-none-eabi/lib/thumb/v7-m/nofp\libc_nano.a(libc_a-mallocr.o)
                0x0800d0bc                _malloc_r
 .text.__malloc_lock
                0x0800d1bc        0xc C:/ST/STM32CubeIDE_1.19.0/STM32CubeIDE/plugins/com.st.stm32cube.ide.mcu.externaltools.gnu-tools-for-stm32.13.3.rel1.win32_1.0.0.202411081344/tools/bin/../lib/gcc/arm-none-eabi/13.3.1/../../../../arm-none-eabi/lib/thumb/v7-m/nofp\libc_nano.a(libc_a-mlock.o)
                0x0800d1bc                __malloc_lock
 .text.__malloc_unlock
                0x0800d1c8        0xc C:/ST/STM32CubeIDE_1.19.0/STM32CubeIDE/plugins/com.st.stm32cube.ide.mcu.externaltools.gnu-tools-for-stm32.13.3.rel1.win32_1.0.0.202411081344/tools/bin/../lib/gcc/arm-none-eabi/13.3.1/../../../../arm-none-eabi/lib/thumb/v7-m/nofp\libc_nano.a(libc_a-mlock.o)
                0x0800d1c8                __malloc_unlock
 .text.__sfputc_r
                0x0800d1d4       0x2a C:/ST/STM32CubeIDE_1.19.0/STM32CubeIDE/plugins/com.st.stm32cube.ide.mcu.externaltools.gnu-tools-for-stm32.13.3.rel1.win32_1.0.0.202411081344/tools/bin/../lib/gcc/arm-none-eabi/13.3.1/../../../../arm-none-eabi/lib/thumb/v7-m/nofp\libc_nano.a(libc_a-nano-vfprintf.o)
 .text.__sfputs_r
                0x0800d1fe       0x24 C:/ST/STM32CubeIDE_1.19.0/STM32CubeIDE/plugins/com.st.stm32cube.ide.mcu.externaltools.gnu-tools-for-stm32.13.3.rel1.win32_1.0.0.202411081344/tools/bin/../lib/gcc/arm-none-eabi/13.3.1/../../../../arm-none-eabi/lib/thumb/v7-m/nofp\libc_nano.a(libc_a-nano-vfprintf.o)
                0x0800d1fe                __sfputs_r
 *fill*         0x0800d222        0x2 
 .text._vfprintf_r
                0x0800d224      0x230 C:/ST/STM32CubeIDE_1.19.0/STM32CubeIDE/plugins/com.st.stm32cube.ide.mcu.externaltools.gnu-tools-for-stm32.13.3.rel1.win32_1.0.0.202411081344/tools/bin/../lib/gcc/arm-none-eabi/13.3.1/../../../../arm-none-eabi/lib/thumb/v7-m/nofp\libc_nano.a(libc_a-nano-vfprintf.o)
                0x0800d224                _vfprintf_r
                0x0800d224                _vfiprintf_r
 .text._printf_common
                0x0800d454       0xe4 C:/ST/STM32CubeIDE_1.19.0/STM32CubeIDE/plugins/com.st.stm32cube.ide.mcu.externaltools.gnu-tools-for-stm32.13.3.rel1.win32_1.0.0.202411081344/tools/bin/../lib/gcc/arm-none-eabi/13.3.1/../../../../arm-none-eabi/lib/thumb/v7-m/nofp\libc_nano.a(libc_a-nano-vfprintf_i.o)
                0x0800d454                _printf_common
 .text._printf_i
                0x0800d538      0x23c C:/ST/STM32CubeIDE_1.19.0/STM32CubeIDE/plugins/com.st.stm32cube.ide.mcu.externaltools.gnu-tools-for-stm32.13.3.rel1.win32_1.0.0.202411081344/tools/bin/../lib/gcc/arm-none-eabi/13.3.1/../../../../arm-none-eabi/lib/thumb/v7-m/nofp\libc_nano.a(libc_a-nano-vfprintf_i.o)
                0x0800d538                _printf_i
 .text.__sflush_r
                0x0800d774      0x100 C:/ST/STM32CubeIDE_1.19.0/STM32CubeIDE/plugins/com.st.stm32cube.ide.mcu.externaltools.gnu-tools-for-stm32.13.3.rel1.win32_1.0.0.202411081344/tools/bin/../lib/gcc/arm-none-eabi/13.3.1/../../../../arm-none-eabi/lib/thumb/v7-m/nofp\libc_nano.a(libc_a-fflush.o)
                0x0800d774                __sflush_r
 .text._fflush_r
                0x0800d874       0x50 C:/ST/STM32CubeIDE_1.19.0/STM32CubeIDE/plugins/com.st.stm32cube.ide.mcu.externaltools.gnu-tools-for-stm32.13.3.rel1.win32_1.0.0.202411081344/tools/bin/../lib/gcc/arm-none-eabi/13.3.1/../../../../arm-none-eabi/lib/thumb/v7-m/nofp\libc_nano.a(libc_a-fflush.o)
                0x0800d874                _fflush_r
 .text.__swbuf_r
                0x0800d8c4       0x7c C:/ST/STM32CubeIDE_1.19.0/STM32CubeIDE/plugins/com.st.stm32cube.ide.mcu.externaltools.gnu-tools-for-stm32.13.3.rel1.win32_1.0.0.202411081344/tools/bin/../lib/gcc/arm-none-eabi/13.3.1/../../../../arm-none-eabi/lib/thumb/v7-m/nofp\libc_nano.a(libc_a-wbuf.o)
                0x0800d8c4                __swbuf_r
 .text.__swsetup_r
                0x0800d940       0xac C:/ST/STM32CubeIDE_1.19.0/STM32CubeIDE/plugins/com.st.stm32cube.ide.mcu.externaltools.gnu-tools-for-stm32.13.3.rel1.win32_1.0.0.202411081344/tools/bin/../lib/gcc/arm-none-eabi/13.3.1/../../../../arm-none-eabi/lib/thumb/v7-m/nofp\libc_nano.a(libc_a-wsetup.o)
                0x0800d940                __swsetup_r
 .text._sbrk_r  0x0800d9ec       0x20 C:/ST/STM32CubeIDE_1.19.0/STM32CubeIDE/plugins/com.st.stm32cube.ide.mcu.externaltools.gnu-tools-for-stm32.13.3.rel1.win32_1.0.0.202411081344/tools/bin/../lib/gcc/arm-none-eabi/13.3.1/../../../../arm-none-eabi/lib/thumb/v7-m/nofp\libc_nano.a(libc_a-sbrkr.o)
                0x0800d9ec                _sbrk_r
 .text.memchr   0x0800da0c       0x1c C:/ST/STM32CubeIDE_1.19.0/STM32CubeIDE/plugins/com.st.stm32cube.ide.mcu.externaltools.gnu-tools-for-stm32.13.3.rel1.win32_1.0.0.202411081344/tools/bin/../lib/gcc/arm-none-eabi/13.3.1/../../../../arm-none-eabi/lib/thumb/v7-m/nofp\libc_nano.a(libc_a-memchr-stub.o)
                0x0800da0c                memchr
 .text.__swhatbuf_r
                0x0800da28       0x4a C:/ST/STM32CubeIDE_1.19.0/STM32CubeIDE/plugins/com.st.stm32cube.ide.mcu.externaltools.gnu-tools-for-stm32.13.3.rel1.win32_1.0.0.202411081344/tools/bin/../lib/gcc/arm-none-eabi/13.3.1/../../../../arm-none-eabi/lib/thumb/v7-m/nofp\libc_nano.a(libc_a-makebuf.o)
                0x0800da28                __swhatbuf_r
 .text.__smakebuf_r
                0x0800da72       0x78 C:/ST/STM32CubeIDE_1.19.0/STM32CubeIDE/plugins/com.st.stm32cube.ide.mcu.externaltools.gnu-tools-for-stm32.13.3.rel1.win32_1.0.0.202411081344/tools/bin/../lib/gcc/arm-none-eabi/13.3.1/../../../../arm-none-eabi/lib/thumb/v7-m/nofp\libc_nano.a(libc_a-makebuf.o)
                0x0800da72                __smakebuf_r
 *fill*         0x0800daea        0x2 
 .text._fstat_r
                0x0800daec       0x24 C:/ST/STM32CubeIDE_1.19.0/STM32CubeIDE/plugins/com.st.stm32cube.ide.mcu.externaltools.gnu-tools-for-stm32.13.3.rel1.win32_1.0.0.202411081344/tools/bin/../lib/gcc/arm-none-eabi/13.3.1/../../../../arm-none-eabi/lib/thumb/v7-m/nofp\libc_nano.a(libc_a-fstatr.o)
                0x0800daec                _fstat_r
 .text._isatty_r
                0x0800db10       0x20 C:/ST/STM32CubeIDE_1.19.0/STM32CubeIDE/plugins/com.st.stm32cube.ide.mcu.externaltools.gnu-tools-for-stm32.13.3.rel1.win32_1.0.0.202411081344/tools/bin/../lib/gcc/arm-none-eabi/13.3.1/../../../../arm-none-eabi/lib/thumb/v7-m/nofp\libc_nano.a(libc_a-isattyr.o)
                0x0800db10                _isatty_r
 .text.sqrt     0x0800db30       0x48 C:/ST/STM32CubeIDE_1.19.0/STM32CubeIDE/plugins/com.st.stm32cube.ide.mcu.externaltools.gnu-tools-for-stm32.13.3.rel1.win32_1.0.0.202411081344/tools/bin/../lib/gcc/arm-none-eabi/13.3.1/../../../../arm-none-eabi/lib/thumb/v7-m/nofp\libm.a(libm_a-w_sqrt.o)
                0x0800db30                sqrt
 .text.__ieee754_sqrt
                0x0800db78      0x1a4 C:/ST/STM32CubeIDE_1.19.0/STM32CubeIDE/plugins/com.st.stm32cube.ide.mcu.externaltools.gnu-tools-for-stm32.13.3.rel1.win32_1.0.0.202411081344/tools/bin/../lib/gcc/arm-none-eabi/13.3.1/../../../../arm-none-eabi/lib/thumb/v7-m/nofp\libm.a(libm_a-e_sqrt.o)
                0x0800db78                __ieee754_sqrt
 *(.glue_7)
 .glue_7        0x0800dd1c        0x0 linker stubs
 *(.glue_7t)
 .glue_7t       0x0800dd1c        0x0 linker stubs
 *(.eh_frame)
 .eh_frame      0x0800dd1c        0x0 C:/ST/STM32CubeIDE_1.19.0/STM32CubeIDE/plugins/com.st.stm32cube.ide.mcu.externaltools.gnu-tools-for-stm32.13.3.rel1.win32_1.0.0.202411081344/tools/bin/../lib/gcc/arm-none-eabi/13.3.1/thumb/v7-m/nofp/crtbegin.o
 *(.init)
 .init          0x0800dd1c        0x4 C:/ST/STM32CubeIDE_1.19.0/STM32CubeIDE/plugins/com.st.stm32cube.ide.mcu.externaltools.gnu-tools-for-stm32.13.3.rel1.win32_1.0.0.202411081344/tools/bin/../lib/gcc/arm-none-eabi/13.3.1/thumb/v7-m/nofp/crti.o
                0x0800dd1c                _init
 .init          0x0800dd20        0x8 C:/ST/STM32CubeIDE_1.19.0/STM32CubeIDE/plugins/com.st.stm32cube.ide.mcu.externaltools.gnu-tools-for-stm32.13.3.rel1.win32_1.0.0.202411081344/tools/bin/../lib/gcc/arm-none-eabi/13.3.1/thumb/v7-m/nofp/crtn.o
 *(.fini)
 .fini          0x0800dd28        0x4 C:/ST/STM32CubeIDE_1.19.0/STM32CubeIDE/plugins/com.st.stm32cube.ide.mcu.externaltools.gnu-tools-for-stm32.13.3.rel1.win32_1.0.0.202411081344/tools/bin/../lib/gcc/arm-none-eabi/13.3.1/thumb/v7-m/nofp/crti.o
                0x0800dd28                _fini
 .fini          0x0800dd2c        0x8 C:/ST/STM32CubeIDE_1.19.0/STM32CubeIDE/plugins/com.st.stm32cube.ide.mcu.externaltools.gnu-tools-for-stm32.13.3.rel1.win32_1.0.0.202411081344/tools/bin/../lib/gcc/arm-none-eabi/13.3.1/thumb/v7-m/nofp/crtn.o
                0x0800dd34                        . = ALIGN (0x4)
                0x0800dd34                        _etext = .

.vfp11_veneer   0x0800dd34        0x0
 .vfp11_veneer  0x0800dd34        0x0 linker stubs

.v4_bx          0x0800dd34        0x0
 .v4_bx         0x0800dd34        0x0 linker stubs

.iplt           0x0800dd34        0x0
 .iplt          0x0800dd34        0x0 C:/ST/STM32CubeIDE_1.19.0/STM32CubeIDE/plugins/com.st.stm32cube.ide.mcu.externaltools.gnu-tools-for-stm32.13.3.rel1.win32_1.0.0.202411081344/tools/bin/../lib/gcc/arm-none-eabi/13.3.1/thumb/v7-m/nofp/crtbegin.o

.rodata         0x0800dd38     0x3258
                0x0800dd38                        . = ALIGN (0x4)
 *(.rodata)
 .rodata        0x0800dd38        0xc ./Core/Src/ft5206.o
 .rodata        0x0800dd44       0x25 ./Core/Src/gt9147.o
 *fill*         0x0800dd69        0x3 
 .rodata        0x0800dd6c       0x3a ./Core/Src/maze.o
 *fill*         0x0800dda6        0x2 
 .rodata        0x0800dda8        0xc ./Core/Src/ott2001a.o
 .rodata        0x0800ddb4       0xd0 ./Core/Src/touch.o
 .rodata        0x0800de84       0x3c ./Core/Src/ui.o
 *(.rodata*)
 .rodata.FT5206_TPX_TBL
                0x0800dec0        0xa ./Core/Src/ft5206.o
                0x0800dec0                FT5206_TPX_TBL
 *fill*         0x0800deca        0x2 
 .rodata.GT9147_CFG_TBL
                0x0800decc       0xb8 ./Core/Src/gt9147.o
                0x0800decc                GT9147_CFG_TBL
 .rodata.GT9147_TPX_TBL
                0x0800df84        0xa ./Core/Src/gt9147.o
                0x0800df84                GT9147_TPX_TBL
 *fill*         0x0800df8e        0x2 
 .rodata.asc2_1206
                0x0800df90      0x474 ./Core/Src/lcd_v4.o
                0x0800df90                asc2_1206
 .rodata.asc2_1608
                0x0800e404      0x5f0 ./Core/Src/lcd_v4.o
                0x0800e404                asc2_1608
 .rodata.asc2_2412
                0x0800e9f4      0xd5c ./Core/Src/lcd_v4.o
                0x0800e9f4                asc2_2412
 .rodata.asc2_3216
                0x0800f750     0x17c0 ./Core/Src/lcd_v4.o
                0x0800f750                asc2_3216
 .rodata.OTT_TPX_TBL
                0x08010f10        0xa ./Core/Src/ott2001a.o
                0x08010f10                OTT_TPX_TBL
 *fill*         0x08010f1a        0x2 
 .rodata.AHBPrescTable
                0x08010f1c       0x10 ./Core/Src/system_stm32f1xx.o
                0x08010f1c                AHBPrescTable
 .rodata.APBPrescTable
                0x08010f2c        0x8 ./Core/Src/system_stm32f1xx.o
                0x08010f2c                APBPrescTable
 .rodata.aPLLMULFactorTable.1
                0x08010f34       0x10 ./Drivers/STM32F1xx_HAL_Driver/Src/stm32f1xx_hal_rcc.o
 .rodata.aPredivFactorTable.0
                0x08010f44        0x2 ./Drivers/STM32F1xx_HAL_Driver/Src/stm32f1xx_hal_rcc.o
 .rodata._vfprintf_r.str1.1
                0x08010f46       0x33 C:/ST/STM32CubeIDE_1.19.0/STM32CubeIDE/plugins/com.st.stm32cube.ide.mcu.externaltools.gnu-tools-for-stm32.13.3.rel1.win32_1.0.0.202411081344/tools/bin/../lib/gcc/arm-none-eabi/13.3.1/../../../../arm-none-eabi/lib/thumb/v7-m/nofp\libc_nano.a(libc_a-nano-vfprintf.o)
                                 0x11 (size before relaxing)
 .rodata._printf_i.str1.1
                0x08010f79       0x22 C:/ST/STM32CubeIDE_1.19.0/STM32CubeIDE/plugins/com.st.stm32cube.ide.mcu.externaltools.gnu-tools-for-stm32.13.3.rel1.win32_1.0.0.202411081344/tools/bin/../lib/gcc/arm-none-eabi/13.3.1/../../../../arm-none-eabi/lib/thumb/v7-m/nofp\libc_nano.a(libc_a-nano-vfprintf_i.o)
 *fill*         0x08010f79        0x7 
 .rodata.tiny   0x08010f80        0x8 C:/ST/STM32CubeIDE_1.19.0/STM32CubeIDE/plugins/com.st.stm32cube.ide.mcu.externaltools.gnu-tools-for-stm32.13.3.rel1.win32_1.0.0.202411081344/tools/bin/../lib/gcc/arm-none-eabi/13.3.1/../../../../arm-none-eabi/lib/thumb/v7-m/nofp\libm.a(libm_a-e_sqrt.o)
 .rodata.one    0x08010f88        0x8 C:/ST/STM32CubeIDE_1.19.0/STM32CubeIDE/plugins/com.st.stm32cube.ide.mcu.externaltools.gnu-tools-for-stm32.13.3.rel1.win32_1.0.0.202411081344/tools/bin/../lib/gcc/arm-none-eabi/13.3.1/../../../../arm-none-eabi/lib/thumb/v7-m/nofp\libm.a(libm_a-e_sqrt.o)
                0x08010f90                        . = ALIGN (0x4)

.ARM.extab      0x08010f90        0x0
                0x08010f90                        . = ALIGN (0x4)
 *(.ARM.extab* .gnu.linkonce.armextab.*)
                0x08010f90                        . = ALIGN (0x4)

.ARM            0x08010f90        0x8
                0x08010f90                        . = ALIGN (0x4)
                0x08010f90                        __exidx_start = .
 *(.ARM.exidx*)
 .ARM.exidx     0x08010f90        0x8 C:/ST/STM32CubeIDE_1.19.0/STM32CubeIDE/plugins/com.st.stm32cube.ide.mcu.externaltools.gnu-tools-for-stm32.13.3.rel1.win32_1.0.0.202411081344/tools/bin/../lib/gcc/arm-none-eabi/13.3.1/../../../../arm-none-eabi/lib/thumb/v7-m/nofp\libc_nano.a(libc_a-strcmp.o)
                0x08010f98                        __exidx_end = .
                0x08010f98                        . = ALIGN (0x4)

.preinit_array  0x08010f98        0x0
                0x08010f98                        . = ALIGN (0x4)
                0x08010f98                        PROVIDE (__preinit_array_start = .)
 *(.preinit_array*)
                0x08010f98                        PROVIDE (__preinit_array_end = .)
                0x08010f98                        . = ALIGN (0x4)

.init_array     0x08010f98        0x4
                0x08010f98                        . = ALIGN (0x4)
                0x08010f98                        PROVIDE (__init_array_start = .)
 *(SORT_BY_NAME(.init_array.*))
 *(.init_array*)
 .init_array    0x08010f98        0x4 C:/ST/STM32CubeIDE_1.19.0/STM32CubeIDE/plugins/com.st.stm32cube.ide.mcu.externaltools.gnu-tools-for-stm32.13.3.rel1.win32_1.0.0.202411081344/tools/bin/../lib/gcc/arm-none-eabi/13.3.1/thumb/v7-m/nofp/crtbegin.o
                0x08010f9c                        PROVIDE (__init_array_end = .)
                0x08010f9c                        . = ALIGN (0x4)

.fini_array     0x08010f9c        0x4
                0x08010f9c                        . = ALIGN (0x4)
                [!provide]                        PROVIDE (__fini_array_start = .)
 *(SORT_BY_NAME(.fini_array.*))
 *(.fini_array*)
 .fini_array    0x08010f9c        0x4 C:/ST/STM32CubeIDE_1.19.0/STM32CubeIDE/plugins/com.st.stm32cube.ide.mcu.externaltools.gnu-tools-for-stm32.13.3.rel1.win32_1.0.0.202411081344/tools/bin/../lib/gcc/arm-none-eabi/13.3.1/thumb/v7-m/nofp/crtbegin.o
                [!provide]                        PROVIDE (__fini_array_end = .)
                0x08010fa0                        . = ALIGN (0x4)
                0x08010fa0                        _sidata = LOADADDR (.data)

.rel.dyn        0x08010fa0        0x0
 .rel.iplt      0x08010fa0        0x0 C:/ST/STM32CubeIDE_1.19.0/STM32CubeIDE/plugins/com.st.stm32cube.ide.mcu.externaltools.gnu-tools-for-stm32.13.3.rel1.win32_1.0.0.202411081344/tools/bin/../lib/gcc/arm-none-eabi/13.3.1/thumb/v7-m/nofp/crtbegin.o

.data           0x20000000       0xb0 load address 0x08010fa0
                0x20000000                        . = ALIGN (0x4)
                0x20000000                        _sdata = .
 *(.data)
 *(.data*)
 .data.key_up.0
                0x20000000        0x1 ./Core/Src/key.o
 *fill*         0x20000001        0x1 
 .data.BACK_COLOR
                0x20000002        0x2 ./Core/Src/lcd.o
                0x20000002                BACK_COLOR
 .data.g_back_color
                0x20000004        0x4 ./Core/Src/lcd_v4.o
                0x20000004                g_back_color
 .data.px       0x20000008        0x4 ./Core/Src/maze.o
                0x20000008                px
 .data.py       0x2000000c        0x4 ./Core/Src/maze.o
                0x2000000c                py
 .data.SystemCoreClock
                0x20000010        0x4 ./Core/Src/system_stm32f1xx.o
                0x20000010                SystemCoreClock
 .data.tp_dev   0x20000014       0x34 ./Core/Src/touch.o
                0x20000014                tp_dev
 .data.CMD_RDX  0x20000048        0x1 ./Core/Src/touch.o
                0x20000048                CMD_RDX
 .data.CMD_RDY  0x20000049        0x1 ./Core/Src/touch.o
                0x20000049                CMD_RDY
 *fill*         0x2000004a        0x2 
 .data.uwTickPrio
                0x2000004c        0x4 ./Drivers/STM32F1xx_HAL_Driver/Src/stm32f1xx_hal.o
                0x2000004c                uwTickPrio
 .data.uwTickFreq
                0x20000050        0x1 ./Drivers/STM32F1xx_HAL_Driver/Src/stm32f1xx_hal.o
                0x20000050                uwTickFreq
 *fill*         0x20000051        0x3 
 .data.__sglue  0x20000054        0xc C:/ST/STM32CubeIDE_1.19.0/STM32CubeIDE/plugins/com.st.stm32cube.ide.mcu.externaltools.gnu-tools-for-stm32.13.3.rel1.win32_1.0.0.202411081344/tools/bin/../lib/gcc/arm-none-eabi/13.3.1/../../../../arm-none-eabi/lib/thumb/v7-m/nofp\libc_nano.a(libc_a-findfp.o)
                0x20000054                __sglue
 .data._impure_ptr
                0x20000060        0x4 C:/ST/STM32CubeIDE_1.19.0/STM32CubeIDE/plugins/com.st.stm32cube.ide.mcu.externaltools.gnu-tools-for-stm32.13.3.rel1.win32_1.0.0.202411081344/tools/bin/../lib/gcc/arm-none-eabi/13.3.1/../../../../arm-none-eabi/lib/thumb/v7-m/nofp\libc_nano.a(libc_a-impure.o)
                0x20000060                _impure_ptr
 .data._impure_data
                0x20000064       0x4c C:/ST/STM32CubeIDE_1.19.0/STM32CubeIDE/plugins/com.st.stm32cube.ide.mcu.externaltools.gnu-tools-for-stm32.13.3.rel1.win32_1.0.0.202411081344/tools/bin/../lib/gcc/arm-none-eabi/13.3.1/../../../../arm-none-eabi/lib/thumb/v7-m/nofp\libc_nano.a(libc_a-impure.o)
                0x20000064                _impure_data
 *(.RamFunc)
 *(.RamFunc*)
                0x200000b0                        . = ALIGN (0x4)
                0x200000b0                        _edata = .

.igot.plt       0x200000b0        0x0 load address 0x08011050
 .igot.plt      0x200000b0        0x0 C:/ST/STM32CubeIDE_1.19.0/STM32CubeIDE/plugins/com.st.stm32cube.ide.mcu.externaltools.gnu-tools-for-stm32.13.3.rel1.win32_1.0.0.202411081344/tools/bin/../lib/gcc/arm-none-eabi/13.3.1/thumb/v7-m/nofp/crtbegin.o
                0x200000b0                        . = ALIGN (0x4)

.bss            0x200000b0      0x274 load address 0x08011050
                0x200000b0                        _sbss = .
                0x200000b0                        __bss_start__ = _sbss
 *(.bss)
 .bss           0x200000b0       0x1c C:/ST/STM32CubeIDE_1.19.0/STM32CubeIDE/plugins/com.st.stm32cube.ide.mcu.externaltools.gnu-tools-for-stm32.13.3.rel1.win32_1.0.0.202411081344/tools/bin/../lib/gcc/arm-none-eabi/13.3.1/thumb/v7-m/nofp/crtbegin.o
 *(.bss*)
 .bss.fac_us    0x200000cc        0x4 ./Core/Src/delay.o
 .bss.t.0       0x200000d0        0x1 ./Core/Src/ft5206.o
 .bss.t.0       0x200000d1        0x1 ./Core/Src/gt9147.o
 .bss.POINT_COLOR
                0x200000d2        0x2 ./Core/Src/lcd.o
                0x200000d2                POINT_COLOR
 .bss.lcddev    0x200000d4        0xe ./Core/Src/lcd_v4.o
                0x200000d4                lcddev
 *fill*         0x200000e2        0x2 
 .bss.hspi1     0x200000e4       0x58 ./Core/Src/main.o
                0x200000e4                hspi1
 .bss.htim3     0x2000013c       0x48 ./Core/Src/main.o
                0x2000013c                htim3
 .bss.huart1    0x20000184       0x48 ./Core/Src/main.o
                0x20000184                huart1
 .bss.start_playing
                0x200001cc        0x1 ./Core/Src/maze.o
                0x200001cc                start_playing
 .bss.t.0       0x200001cd        0x1 ./Core/Src/ott2001a.o
 *fill*         0x200001ce        0x2 
 .bss.__sbrk_heap_end
                0x200001d0        0x4 ./Core/Src/sysmem.o
 .bss.uwTick    0x200001d4        0x4 ./Drivers/STM32F1xx_HAL_Driver/Src/stm32f1xx_hal.o
                0x200001d4                uwTick
 .bss.__sf      0x200001d8      0x138 C:/ST/STM32CubeIDE_1.19.0/STM32CubeIDE/plugins/com.st.stm32cube.ide.mcu.externaltools.gnu-tools-for-stm32.13.3.rel1.win32_1.0.0.202411081344/tools/bin/../lib/gcc/arm-none-eabi/13.3.1/../../../../arm-none-eabi/lib/thumb/v7-m/nofp\libc_nano.a(libc_a-findfp.o)
                0x200001d8                __sf
 .bss.__stdio_exit_handler
                0x20000310        0x4 C:/ST/STM32CubeIDE_1.19.0/STM32CubeIDE/plugins/com.st.stm32cube.ide.mcu.externaltools.gnu-tools-for-stm32.13.3.rel1.win32_1.0.0.202411081344/tools/bin/../lib/gcc/arm-none-eabi/13.3.1/../../../../arm-none-eabi/lib/thumb/v7-m/nofp\libc_nano.a(libc_a-findfp.o)
                0x20000310                __stdio_exit_handler
 .bss.errno     0x20000314        0x4 C:/ST/STM32CubeIDE_1.19.0/STM32CubeIDE/plugins/com.st.stm32cube.ide.mcu.externaltools.gnu-tools-for-stm32.13.3.rel1.win32_1.0.0.202411081344/tools/bin/../lib/gcc/arm-none-eabi/13.3.1/../../../../arm-none-eabi/lib/thumb/v7-m/nofp\libc_nano.a(libc_a-reent.o)
                0x20000314                errno
 .bss.__lock___malloc_recursive_mutex
                0x20000318        0x1 C:/ST/STM32CubeIDE_1.19.0/STM32CubeIDE/plugins/com.st.stm32cube.ide.mcu.externaltools.gnu-tools-for-stm32.13.3.rel1.win32_1.0.0.202411081344/tools/bin/../lib/gcc/arm-none-eabi/13.3.1/../../../../arm-none-eabi/lib/thumb/v7-m/nofp\libc_nano.a(libc_a-lock.o)
                0x20000318                __lock___malloc_recursive_mutex
 .bss.__lock___sfp_recursive_mutex
                0x20000319        0x1 C:/ST/STM32CubeIDE_1.19.0/STM32CubeIDE/plugins/com.st.stm32cube.ide.mcu.externaltools.gnu-tools-for-stm32.13.3.rel1.win32_1.0.0.202411081344/tools/bin/../lib/gcc/arm-none-eabi/13.3.1/../../../../arm-none-eabi/lib/thumb/v7-m/nofp\libc_nano.a(libc_a-lock.o)
                0x20000319                __lock___sfp_recursive_mutex
 *fill*         0x2000031a        0x2 
 .bss.__malloc_sbrk_start
                0x2000031c        0x4 C:/ST/STM32CubeIDE_1.19.0/STM32CubeIDE/plugins/com.st.stm32cube.ide.mcu.externaltools.gnu-tools-for-stm32.13.3.rel1.win32_1.0.0.202411081344/tools/bin/../lib/gcc/arm-none-eabi/13.3.1/../../../../arm-none-eabi/lib/thumb/v7-m/nofp\libc_nano.a(libc_a-mallocr.o)
                0x2000031c                __malloc_sbrk_start
 .bss.__malloc_free_list
                0x20000320        0x4 C:/ST/STM32CubeIDE_1.19.0/STM32CubeIDE/plugins/com.st.stm32cube.ide.mcu.externaltools.gnu-tools-for-stm32.13.3.rel1.win32_1.0.0.202411081344/tools/bin/../lib/gcc/arm-none-eabi/13.3.1/../../../../arm-none-eabi/lib/thumb/v7-m/nofp\libc_nano.a(libc_a-mallocr.o)
                0x20000320                __malloc_free_list
 *(COMMON)
                0x20000324                        . = ALIGN (0x4)
                0x20000324                        _ebss = .
                0x20000324                        __bss_end__ = _ebss

._user_heap_stack
                0x20000324      0x604 load address 0x08011050
                0x20000328                        . = ALIGN (0x8)
 *fill*         0x20000324        0x4 
                [!provide]                        PROVIDE (end = .)
                0x20000328                        PROVIDE (_end = .)
                0x20000528                        . = (. + _Min_Heap_Size)
 *fill*         0x20000328      0x200 
                0x20000928                        . = (. + _Min_Stack_Size)
 *fill*         0x20000528      0x400 
                0x20000928                        . = ALIGN (0x8)

/DISCARD/
 libc.a(*)
 libm.a(*)
 libgcc.a(*)

.ARM.attributes
                0x00000000       0x29
 *(.ARM.attributes)
 .ARM.attributes
                0x00000000       0x1d C:/ST/STM32CubeIDE_1.19.0/STM32CubeIDE/plugins/com.st.stm32cube.ide.mcu.externaltools.gnu-tools-for-stm32.13.3.rel1.win32_1.0.0.202411081344/tools/bin/../lib/gcc/arm-none-eabi/13.3.1/thumb/v7-m/nofp/crti.o
 .ARM.attributes
                0x0000001d       0x2d C:/ST/STM32CubeIDE_1.19.0/STM32CubeIDE/plugins/com.st.stm32cube.ide.mcu.externaltools.gnu-tools-for-stm32.13.3.rel1.win32_1.0.0.202411081344/tools/bin/../lib/gcc/arm-none-eabi/13.3.1/thumb/v7-m/nofp/crtbegin.o
 .ARM.attributes
                0x0000004a       0x2d ./Core/Src/24cxx.o
 .ARM.attributes
                0x00000077       0x2d ./Core/Src/ctiic.o
 .ARM.attributes
                0x000000a4       0x2d ./Core/Src/delay.o
 .ARM.attributes
                0x000000d1       0x2d ./Core/Src/ft5206.o
 .ARM.attributes
                0x000000fe       0x2d ./Core/Src/gt9147.o
 .ARM.attributes
                0x0000012b       0x2d ./Core/Src/key.o
 .ARM.attributes
                0x00000158       0x2d ./Core/Src/lcd.o
 .ARM.attributes
                0x00000185       0x2d ./Core/Src/lcd_v4.o
 .ARM.attributes
                0x000001b2       0x2d ./Core/Src/led.o
 .ARM.attributes
                0x000001df       0x2d ./Core/Src/main.o
 .ARM.attributes
                0x0000020c       0x2d ./Core/Src/maze.o
 .ARM.attributes
                0x00000239       0x2d ./Core/Src/myiic.o
 .ARM.attributes
                0x00000266       0x2d ./Core/Src/ott2001a.o
 .ARM.attributes
                0x00000293       0x2d ./Core/Src/stm32f1xx_hal_msp.o
 .ARM.attributes
                0x000002c0       0x2d ./Core/Src/stm32f1xx_it.o
 .ARM.attributes
                0x000002ed       0x2d ./Core/Src/sys.o
 .ARM.attributes
                0x0000031a       0x2d ./Core/Src/syscalls.o
 .ARM.attributes
                0x00000347       0x2d ./Core/Src/sysmem.o
 .ARM.attributes
                0x00000374       0x2d ./Core/Src/system_stm32f1xx.o
 .ARM.attributes
                0x000003a1       0x2d ./Core/Src/touch.o
 .ARM.attributes
                0x000003ce       0x2d ./Core/Src/ui.o
 .ARM.attributes
                0x000003fb       0x21 ./Core/Startup/startup_stm32f103rctx.o
 .ARM.attributes
                0x0000041c       0x2d ./Drivers/STM32F1xx_HAL_Driver/Src/stm32f1xx_hal.o
 .ARM.attributes
                0x00000449       0x2d ./Drivers/STM32F1xx_HAL_Driver/Src/stm32f1xx_hal_cortex.o
 .ARM.attributes
                0x00000476       0x2d ./Drivers/STM32F1xx_HAL_Driver/Src/stm32f1xx_hal_dma.o
 .ARM.attributes
                0x000004a3       0x2d ./Drivers/STM32F1xx_HAL_Driver/Src/stm32f1xx_hal_gpio.o
 .ARM.attributes
                0x000004d0       0x2d ./Drivers/STM32F1xx_HAL_Driver/Src/stm32f1xx_hal_rcc.o
 .ARM.attributes
                0x000004fd       0x2d ./Drivers/STM32F1xx_HAL_Driver/Src/stm32f1xx_hal_spi.o
 .ARM.attributes
                0x0000052a       0x2d ./Drivers/STM32F1xx_HAL_Driver/Src/stm32f1xx_hal_tim.o
 .ARM.attributes
                0x00000557       0x2d ./Drivers/STM32F1xx_HAL_Driver/Src/stm32f1xx_hal_tim_ex.o
 .ARM.attributes
                0x00000584       0x2d ./Drivers/STM32F1xx_HAL_Driver/Src/stm32f1xx_hal_uart.o
 .ARM.attributes
                0x000005b1       0x2d C:/ST/STM32CubeIDE_1.19.0/STM32CubeIDE/plugins/com.st.stm32cube.ide.mcu.externaltools.gnu-tools-for-stm32.13.3.rel1.win32_1.0.0.202411081344/tools/bin/../lib/gcc/arm-none-eabi/13.3.1/../../../../arm-none-eabi/lib/thumb/v7-m/nofp\libc_nano.a(libc_a-findfp.o)
 .ARM.attributes
                0x000005de       0x2d C:/ST/STM32CubeIDE_1.19.0/STM32CubeIDE/plugins/com.st.stm32cube.ide.mcu.externaltools.gnu-tools-for-stm32.13.3.rel1.win32_1.0.0.202411081344/tools/bin/../lib/gcc/arm-none-eabi/13.3.1/../../../../arm-none-eabi/lib/thumb/v7-m/nofp\libc_nano.a(libc_a-fwalk.o)
 .ARM.attributes
                0x0000060b       0x2d C:/ST/STM32CubeIDE_1.19.0/STM32CubeIDE/plugins/com.st.stm32cube.ide.mcu.externaltools.gnu-tools-for-stm32.13.3.rel1.win32_1.0.0.202411081344/tools/bin/../lib/gcc/arm-none-eabi/13.3.1/../../../../arm-none-eabi/lib/thumb/v7-m/nofp\libc_nano.a(libc_a-printf.o)
 .ARM.attributes
                0x00000638       0x2d C:/ST/STM32CubeIDE_1.19.0/STM32CubeIDE/plugins/com.st.stm32cube.ide.mcu.externaltools.gnu-tools-for-stm32.13.3.rel1.win32_1.0.0.202411081344/tools/bin/../lib/gcc/arm-none-eabi/13.3.1/../../../../arm-none-eabi/lib/thumb/v7-m/nofp\libc_nano.a(libc_a-stdio.o)
 .ARM.attributes
                0x00000665       0x2d C:/ST/STM32CubeIDE_1.19.0/STM32CubeIDE/plugins/com.st.stm32cube.ide.mcu.externaltools.gnu-tools-for-stm32.13.3.rel1.win32_1.0.0.202411081344/tools/bin/../lib/gcc/arm-none-eabi/13.3.1/../../../../arm-none-eabi/lib/thumb/v7-m/nofp\libc_nano.a(libc_a-memset.o)
 .ARM.attributes
                0x00000692       0x2d C:/ST/STM32CubeIDE_1.19.0/STM32CubeIDE/plugins/com.st.stm32cube.ide.mcu.externaltools.gnu-tools-for-stm32.13.3.rel1.win32_1.0.0.202411081344/tools/bin/../lib/gcc/arm-none-eabi/13.3.1/../../../../arm-none-eabi/lib/thumb/v7-m/nofp\libc_nano.a(libc_a-closer.o)
 .ARM.attributes
                0x000006bf       0x2d C:/ST/STM32CubeIDE_1.19.0/STM32CubeIDE/plugins/com.st.stm32cube.ide.mcu.externaltools.gnu-tools-for-stm32.13.3.rel1.win32_1.0.0.202411081344/tools/bin/../lib/gcc/arm-none-eabi/13.3.1/../../../../arm-none-eabi/lib/thumb/v7-m/nofp\libc_nano.a(libc_a-reent.o)
 .ARM.attributes
                0x000006ec       0x2d C:/ST/STM32CubeIDE_1.19.0/STM32CubeIDE/plugins/com.st.stm32cube.ide.mcu.externaltools.gnu-tools-for-stm32.13.3.rel1.win32_1.0.0.202411081344/tools/bin/../lib/gcc/arm-none-eabi/13.3.1/../../../../arm-none-eabi/lib/thumb/v7-m/nofp\libc_nano.a(libc_a-impure.o)
 .ARM.attributes
                0x00000719       0x2d C:/ST/STM32CubeIDE_1.19.0/STM32CubeIDE/plugins/com.st.stm32cube.ide.mcu.externaltools.gnu-tools-for-stm32.13.3.rel1.win32_1.0.0.202411081344/tools/bin/../lib/gcc/arm-none-eabi/13.3.1/../../../../arm-none-eabi/lib/thumb/v7-m/nofp\libc_nano.a(libc_a-lseekr.o)
 .ARM.attributes
                0x00000746       0x2d C:/ST/STM32CubeIDE_1.19.0/STM32CubeIDE/plugins/com.st.stm32cube.ide.mcu.externaltools.gnu-tools-for-stm32.13.3.rel1.win32_1.0.0.202411081344/tools/bin/../lib/gcc/arm-none-eabi/13.3.1/../../../../arm-none-eabi/lib/thumb/v7-m/nofp\libc_nano.a(libc_a-readr.o)
 .ARM.attributes
                0x00000773       0x2d C:/ST/STM32CubeIDE_1.19.0/STM32CubeIDE/plugins/com.st.stm32cube.ide.mcu.externaltools.gnu-tools-for-stm32.13.3.rel1.win32_1.0.0.202411081344/tools/bin/../lib/gcc/arm-none-eabi/13.3.1/../../../../arm-none-eabi/lib/thumb/v7-m/nofp\libc_nano.a(libc_a-writer.o)
 .ARM.attributes
                0x000007a0       0x2d C:/ST/STM32CubeIDE_1.19.0/STM32CubeIDE/plugins/com.st.stm32cube.ide.mcu.externaltools.gnu-tools-for-stm32.13.3.rel1.win32_1.0.0.202411081344/tools/bin/../lib/gcc/arm-none-eabi/13.3.1/../../../../arm-none-eabi/lib/thumb/v7-m/nofp\libc_nano.a(libc_a-errno.o)
 .ARM.attributes
                0x000007cd       0x2d C:/ST/STM32CubeIDE_1.19.0/STM32CubeIDE/plugins/com.st.stm32cube.ide.mcu.externaltools.gnu-tools-for-stm32.13.3.rel1.win32_1.0.0.202411081344/tools/bin/../lib/gcc/arm-none-eabi/13.3.1/../../../../arm-none-eabi/lib/thumb/v7-m/nofp\libc_nano.a(libc_a-init.o)
 .ARM.attributes
                0x000007fa       0x2d C:/ST/STM32CubeIDE_1.19.0/STM32CubeIDE/plugins/com.st.stm32cube.ide.mcu.externaltools.gnu-tools-for-stm32.13.3.rel1.win32_1.0.0.202411081344/tools/bin/../lib/gcc/arm-none-eabi/13.3.1/../../../../arm-none-eabi/lib/thumb/v7-m/nofp\libc_nano.a(libc_a-lock.o)
 .ARM.attributes
                0x00000827       0x1b C:/ST/STM32CubeIDE_1.19.0/STM32CubeIDE/plugins/com.st.stm32cube.ide.mcu.externaltools.gnu-tools-for-stm32.13.3.rel1.win32_1.0.0.202411081344/tools/bin/../lib/gcc/arm-none-eabi/13.3.1/../../../../arm-none-eabi/lib/thumb/v7-m/nofp\libc_nano.a(libc_a-strcmp.o)
 .ARM.attributes
                0x00000842       0x2d C:/ST/STM32CubeIDE_1.19.0/STM32CubeIDE/plugins/com.st.stm32cube.ide.mcu.externaltools.gnu-tools-for-stm32.13.3.rel1.win32_1.0.0.202411081344/tools/bin/../lib/gcc/arm-none-eabi/13.3.1/../../../../arm-none-eabi/lib/thumb/v7-m/nofp\libc_nano.a(libc_a-freer.o)
 .ARM.attributes
                0x0000086f       0x2d C:/ST/STM32CubeIDE_1.19.0/STM32CubeIDE/plugins/com.st.stm32cube.ide.mcu.externaltools.gnu-tools-for-stm32.13.3.rel1.win32_1.0.0.202411081344/tools/bin/../lib/gcc/arm-none-eabi/13.3.1/../../../../arm-none-eabi/lib/thumb/v7-m/nofp\libc_nano.a(libc_a-mallocr.o)
 .ARM.attributes
                0x0000089c       0x2d C:/ST/STM32CubeIDE_1.19.0/STM32CubeIDE/plugins/com.st.stm32cube.ide.mcu.externaltools.gnu-tools-for-stm32.13.3.rel1.win32_1.0.0.202411081344/tools/bin/../lib/gcc/arm-none-eabi/13.3.1/../../../../arm-none-eabi/lib/thumb/v7-m/nofp\libc_nano.a(libc_a-mlock.o)
 .ARM.attributes
                0x000008c9       0x2d C:/ST/STM32CubeIDE_1.19.0/STM32CubeIDE/plugins/com.st.stm32cube.ide.mcu.externaltools.gnu-tools-for-stm32.13.3.rel1.win32_1.0.0.202411081344/tools/bin/../lib/gcc/arm-none-eabi/13.3.1/../../../../arm-none-eabi/lib/thumb/v7-m/nofp\libc_nano.a(libc_a-nano-vfprintf.o)
 .ARM.attributes
                0x000008f6       0x2d C:/ST/STM32CubeIDE_1.19.0/STM32CubeIDE/plugins/com.st.stm32cube.ide.mcu.externaltools.gnu-tools-for-stm32.13.3.rel1.win32_1.0.0.202411081344/tools/bin/../lib/gcc/arm-none-eabi/13.3.1/../../../../arm-none-eabi/lib/thumb/v7-m/nofp\libc_nano.a(libc_a-nano-vfprintf_i.o)
 .ARM.attributes
                0x00000923       0x2d C:/ST/STM32CubeIDE_1.19.0/STM32CubeIDE/plugins/com.st.stm32cube.ide.mcu.externaltools.gnu-tools-for-stm32.13.3.rel1.win32_1.0.0.202411081344/tools/bin/../lib/gcc/arm-none-eabi/13.3.1/../../../../arm-none-eabi/lib/thumb/v7-m/nofp\libc_nano.a(libc_a-fflush.o)
 .ARM.attributes
                0x00000950       0x2d C:/ST/STM32CubeIDE_1.19.0/STM32CubeIDE/plugins/com.st.stm32cube.ide.mcu.externaltools.gnu-tools-for-stm32.13.3.rel1.win32_1.0.0.202411081344/tools/bin/../lib/gcc/arm-none-eabi/13.3.1/../../../../arm-none-eabi/lib/thumb/v7-m/nofp\libc_nano.a(libc_a-wbuf.o)
 .ARM.attributes
                0x0000097d       0x2d C:/ST/STM32CubeIDE_1.19.0/STM32CubeIDE/plugins/com.st.stm32cube.ide.mcu.externaltools.gnu-tools-for-stm32.13.3.rel1.win32_1.0.0.202411081344/tools/bin/../lib/gcc/arm-none-eabi/13.3.1/../../../../arm-none-eabi/lib/thumb/v7-m/nofp\libc_nano.a(libc_a-wsetup.o)
 .ARM.attributes
                0x000009aa       0x2d C:/ST/STM32CubeIDE_1.19.0/STM32CubeIDE/plugins/com.st.stm32cube.ide.mcu.externaltools.gnu-tools-for-stm32.13.3.rel1.win32_1.0.0.202411081344/tools/bin/../lib/gcc/arm-none-eabi/13.3.1/../../../../arm-none-eabi/lib/thumb/v7-m/nofp\libc_nano.a(libc_a-sbrkr.o)
 .ARM.attributes
                0x000009d7       0x2d C:/ST/STM32CubeIDE_1.19.0/STM32CubeIDE/plugins/com.st.stm32cube.ide.mcu.externaltools.gnu-tools-for-stm32.13.3.rel1.win32_1.0.0.202411081344/tools/bin/../lib/gcc/arm-none-eabi/13.3.1/../../../../arm-none-eabi/lib/thumb/v7-m/nofp\libc_nano.a(libc_a-memchr-stub.o)
 .ARM.attributes
                0x00000a04       0x2d C:/ST/STM32CubeIDE_1.19.0/STM32CubeIDE/plugins/com.st.stm32cube.ide.mcu.externaltools.gnu-tools-for-stm32.13.3.rel1.win32_1.0.0.202411081344/tools/bin/../lib/gcc/arm-none-eabi/13.3.1/../../../../arm-none-eabi/lib/thumb/v7-m/nofp\libc_nano.a(libc_a-makebuf.o)
 .ARM.attributes
                0x00000a31       0x2d C:/ST/STM32CubeIDE_1.19.0/STM32CubeIDE/plugins/com.st.stm32cube.ide.mcu.externaltools.gnu-tools-for-stm32.13.3.rel1.win32_1.0.0.202411081344/tools/bin/../lib/gcc/arm-none-eabi/13.3.1/../../../../arm-none-eabi/lib/thumb/v7-m/nofp\libc_nano.a(libc_a-fstatr.o)
 .ARM.attributes
                0x00000a5e       0x2d C:/ST/STM32CubeIDE_1.19.0/STM32CubeIDE/plugins/com.st.stm32cube.ide.mcu.externaltools.gnu-tools-for-stm32.13.3.rel1.win32_1.0.0.202411081344/tools/bin/../lib/gcc/arm-none-eabi/13.3.1/../../../../arm-none-eabi/lib/thumb/v7-m/nofp\libc_nano.a(libc_a-isattyr.o)
 .ARM.attributes
                0x00000a8b       0x2d C:/ST/STM32CubeIDE_1.19.0/STM32CubeIDE/plugins/com.st.stm32cube.ide.mcu.externaltools.gnu-tools-for-stm32.13.3.rel1.win32_1.0.0.202411081344/tools/bin/../lib/gcc/arm-none-eabi/13.3.1/../../../../arm-none-eabi/lib/thumb/v7-m/nofp\libm.a(libm_a-w_sqrt.o)
 .ARM.attributes
                0x00000ab8       0x2d C:/ST/STM32CubeIDE_1.19.0/STM32CubeIDE/plugins/com.st.stm32cube.ide.mcu.externaltools.gnu-tools-for-stm32.13.3.rel1.win32_1.0.0.202411081344/tools/bin/../lib/gcc/arm-none-eabi/13.3.1/../../../../arm-none-eabi/lib/thumb/v7-m/nofp\libm.a(libm_a-e_sqrt.o)
 .ARM.attributes
                0x00000ae5       0x1d C:/ST/STM32CubeIDE_1.19.0/STM32CubeIDE/plugins/com.st.stm32cube.ide.mcu.externaltools.gnu-tools-for-stm32.13.3.rel1.win32_1.0.0.202411081344/tools/bin/../lib/gcc/arm-none-eabi/13.3.1/thumb/v7-m/nofp\libgcc.a(_arm_addsubdf3.o)
 .ARM.attributes
                0x00000b02       0x1d C:/ST/STM32CubeIDE_1.19.0/STM32CubeIDE/plugins/com.st.stm32cube.ide.mcu.externaltools.gnu-tools-for-stm32.13.3.rel1.win32_1.0.0.202411081344/tools/bin/../lib/gcc/arm-none-eabi/13.3.1/thumb/v7-m/nofp\libgcc.a(_arm_muldivdf3.o)
 .ARM.attributes
                0x00000b1f       0x1d C:/ST/STM32CubeIDE_1.19.0/STM32CubeIDE/plugins/com.st.stm32cube.ide.mcu.externaltools.gnu-tools-for-stm32.13.3.rel1.win32_1.0.0.202411081344/tools/bin/../lib/gcc/arm-none-eabi/13.3.1/thumb/v7-m/nofp\libgcc.a(_arm_cmpdf2.o)
 .ARM.attributes
                0x00000b3c       0x1d C:/ST/STM32CubeIDE_1.19.0/STM32CubeIDE/plugins/com.st.stm32cube.ide.mcu.externaltools.gnu-tools-for-stm32.13.3.rel1.win32_1.0.0.202411081344/tools/bin/../lib/gcc/arm-none-eabi/13.3.1/thumb/v7-m/nofp\libgcc.a(_arm_unorddf2.o)
 .ARM.attributes
                0x00000b59       0x1d C:/ST/STM32CubeIDE_1.19.0/STM32CubeIDE/plugins/com.st.stm32cube.ide.mcu.externaltools.gnu-tools-for-stm32.13.3.rel1.win32_1.0.0.202411081344/tools/bin/../lib/gcc/arm-none-eabi/13.3.1/thumb/v7-m/nofp\libgcc.a(_arm_fixunsdfsi.o)
 .ARM.attributes
                0x00000b76       0x1d C:/ST/STM32CubeIDE_1.19.0/STM32CubeIDE/plugins/com.st.stm32cube.ide.mcu.externaltools.gnu-tools-for-stm32.13.3.rel1.win32_1.0.0.202411081344/tools/bin/../lib/gcc/arm-none-eabi/13.3.1/thumb/v7-m/nofp\libgcc.a(_arm_addsubsf3.o)
 .ARM.attributes
                0x00000b93       0x1d C:/ST/STM32CubeIDE_1.19.0/STM32CubeIDE/plugins/com.st.stm32cube.ide.mcu.externaltools.gnu-tools-for-stm32.13.3.rel1.win32_1.0.0.202411081344/tools/bin/../lib/gcc/arm-none-eabi/13.3.1/thumb/v7-m/nofp\libgcc.a(_arm_muldivsf3.o)
 .ARM.attributes
                0x00000bb0       0x1d C:/ST/STM32CubeIDE_1.19.0/STM32CubeIDE/plugins/com.st.stm32cube.ide.mcu.externaltools.gnu-tools-for-stm32.13.3.rel1.win32_1.0.0.202411081344/tools/bin/../lib/gcc/arm-none-eabi/13.3.1/thumb/v7-m/nofp\libgcc.a(_arm_fixsfsi.o)
 .ARM.attributes
                0x00000bcd       0x1d C:/ST/STM32CubeIDE_1.19.0/STM32CubeIDE/plugins/com.st.stm32cube.ide.mcu.externaltools.gnu-tools-for-stm32.13.3.rel1.win32_1.0.0.202411081344/tools/bin/../lib/gcc/arm-none-eabi/13.3.1/thumb/v7-m/nofp\libgcc.a(_arm_fixunssfsi.o)
 .ARM.attributes
                0x00000bea       0x1d C:/ST/STM32CubeIDE_1.19.0/STM32CubeIDE/plugins/com.st.stm32cube.ide.mcu.externaltools.gnu-tools-for-stm32.13.3.rel1.win32_1.0.0.202411081344/tools/bin/../lib/gcc/arm-none-eabi/13.3.1/thumb/v7-m/nofp/crtn.o
OUTPUT(screen.elf elf32-littlearm)
LOAD linker stubs
LOAD C:/ST/STM32CubeIDE_1.19.0/STM32CubeIDE/plugins/com.st.stm32cube.ide.mcu.externaltools.gnu-tools-for-stm32.13.3.rel1.win32_1.0.0.202411081344/tools/bin/../lib/gcc/arm-none-eabi/13.3.1/../../../../arm-none-eabi/lib/thumb/v7-m/nofp\libc.a
LOAD C:/ST/STM32CubeIDE_1.19.0/STM32CubeIDE/plugins/com.st.stm32cube.ide.mcu.externaltools.gnu-tools-for-stm32.13.3.rel1.win32_1.0.0.202411081344/tools/bin/../lib/gcc/arm-none-eabi/13.3.1/../../../../arm-none-eabi/lib/thumb/v7-m/nofp\libm.a
LOAD C:/ST/STM32CubeIDE_1.19.0/STM32CubeIDE/plugins/com.st.stm32cube.ide.mcu.externaltools.gnu-tools-for-stm32.13.3.rel1.win32_1.0.0.202411081344/tools/bin/../lib/gcc/arm-none-eabi/13.3.1/thumb/v7-m/nofp\libgcc.a

.debug_info     0x00000000    0x14d28
 .debug_info    0x00000000      0x2f4 ./Core/Src/24cxx.o
 .debug_info    0x000002f4      0x366 ./Core/Src/ctiic.o
 .debug_info    0x0000065a      0x215 ./Core/Src/delay.o
 .debug_info    0x0000086f      0x558 ./Core/Src/ft5206.o
 .debug_info    0x00000dc7      0x66a ./Core/Src/gt9147.o
 .debug_info    0x00001431      0x314 ./Core/Src/key.o
 .debug_info    0x00001745      0xd65 ./Core/Src/lcd.o
 .debug_info    0x000024aa     0x2626 ./Core/Src/lcd_v4.o
 .debug_info    0x00004ad0      0x29b ./Core/Src/led.o
 .debug_info    0x00004d6b     0x1208 ./Core/Src/main.o
 .debug_info    0x00005f73      0xa9e ./Core/Src/maze.o
 .debug_info    0x00006a11      0x356 ./Core/Src/myiic.o
 .debug_info    0x00006d67      0x55f ./Core/Src/ott2001a.o
 .debug_info    0x000072c6     0x1091 ./Core/Src/stm32f1xx_hal_msp.o
 .debug_info    0x00008357      0x959 ./Core/Src/stm32f1xx_it.o
 .debug_info    0x00008cb0      0x286 ./Core/Src/sys.o
 .debug_info    0x00008f36      0x6a3 ./Core/Src/syscalls.o
 .debug_info    0x000095d9      0x168 ./Core/Src/sysmem.o
 .debug_info    0x00009741      0x222 ./Core/Src/system_stm32f1xx.o
 .debug_info    0x00009963      0x9d3 ./Core/Src/touch.o
 .debug_info    0x0000a336      0x1ff ./Core/Src/ui.o
 .debug_info    0x0000a535       0x30 ./Core/Startup/startup_stm32f103rctx.o
 .debug_info    0x0000a565      0x76a ./Drivers/STM32F1xx_HAL_Driver/Src/stm32f1xx_hal.o
 .debug_info    0x0000accf      0xaed ./Drivers/STM32F1xx_HAL_Driver/Src/stm32f1xx_hal_cortex.o
 .debug_info    0x0000b7bc      0x6d2 ./Drivers/STM32F1xx_HAL_Driver/Src/stm32f1xx_hal_dma.o
 .debug_info    0x0000be8e      0x5ab ./Drivers/STM32F1xx_HAL_Driver/Src/stm32f1xx_hal_gpio.o
 .debug_info    0x0000c439      0x7d5 ./Drivers/STM32F1xx_HAL_Driver/Src/stm32f1xx_hal_rcc.o
 .debug_info    0x0000cc0e     0x1439 ./Drivers/STM32F1xx_HAL_Driver/Src/stm32f1xx_hal_spi.o
 .debug_info    0x0000e047     0x2959 ./Drivers/STM32F1xx_HAL_Driver/Src/stm32f1xx_hal_tim.o
 .debug_info    0x000109a0     0x149b ./Drivers/STM32F1xx_HAL_Driver/Src/stm32f1xx_hal_tim_ex.o
 .debug_info    0x00011e3b     0x2eed ./Drivers/STM32F1xx_HAL_Driver/Src/stm32f1xx_hal_uart.o

.debug_abbrev   0x00000000     0x3e8c
 .debug_abbrev  0x00000000      0x14f ./Core/Src/24cxx.o
 .debug_abbrev  0x0000014f      0x189 ./Core/Src/ctiic.o
 .debug_abbrev  0x000002d8      0x14d ./Core/Src/delay.o
 .debug_abbrev  0x00000425      0x256 ./Core/Src/ft5206.o
 .debug_abbrev  0x0000067b      0x23b ./Core/Src/gt9147.o
 .debug_abbrev  0x000008b6      0x194 ./Core/Src/key.o
 .debug_abbrev  0x00000a4a      0x2a9 ./Core/Src/lcd.o
 .debug_abbrev  0x00000cf3      0x363 ./Core/Src/lcd_v4.o
 .debug_abbrev  0x00001056      0x13f ./Core/Src/led.o
 .debug_abbrev  0x00001195      0x333 ./Core/Src/main.o
 .debug_abbrev  0x000014c8      0x346 ./Core/Src/maze.o
 .debug_abbrev  0x0000180e      0x1a0 ./Core/Src/myiic.o
 .debug_abbrev  0x000019ae      0x24f ./Core/Src/ott2001a.o
 .debug_abbrev  0x00001bfd      0x1fb ./Core/Src/stm32f1xx_hal_msp.o
 .debug_abbrev  0x00001df8      0x1d8 ./Core/Src/stm32f1xx_it.o
 .debug_abbrev  0x00001fd0      0x13b ./Core/Src/sys.o
 .debug_abbrev  0x0000210b      0x1b6 ./Core/Src/syscalls.o
 .debug_abbrev  0x000022c1       0xbc ./Core/Src/sysmem.o
 .debug_abbrev  0x0000237d      0x13f ./Core/Src/system_stm32f1xx.o
 .debug_abbrev  0x000024bc      0x2b6 ./Core/Src/touch.o
 .debug_abbrev  0x00002772      0x10a ./Core/Src/ui.o
 .debug_abbrev  0x0000287c       0x24 ./Core/Startup/startup_stm32f103rctx.o
 .debug_abbrev  0x000028a0      0x201 ./Drivers/STM32F1xx_HAL_Driver/Src/stm32f1xx_hal.o
 .debug_abbrev  0x00002aa1      0x2f8 ./Drivers/STM32F1xx_HAL_Driver/Src/stm32f1xx_hal_cortex.o
 .debug_abbrev  0x00002d99      0x20b ./Drivers/STM32F1xx_HAL_Driver/Src/stm32f1xx_hal_dma.o
 .debug_abbrev  0x00002fa4      0x1ca ./Drivers/STM32F1xx_HAL_Driver/Src/stm32f1xx_hal_gpio.o
 .debug_abbrev  0x0000316e      0x2b3 ./Drivers/STM32F1xx_HAL_Driver/Src/stm32f1xx_hal_rcc.o
 .debug_abbrev  0x00003421      0x27a ./Drivers/STM32F1xx_HAL_Driver/Src/stm32f1xx_hal_spi.o
 .debug_abbrev  0x0000369b      0x277 ./Drivers/STM32F1xx_HAL_Driver/Src/stm32f1xx_hal_tim.o
 .debug_abbrev  0x00003912      0x282 ./Drivers/STM32F1xx_HAL_Driver/Src/stm32f1xx_hal_tim_ex.o
 .debug_abbrev  0x00003b94      0x2f8 ./Drivers/STM32F1xx_HAL_Driver/Src/stm32f1xx_hal_uart.o

.debug_aranges  0x00000000     0x1410
 .debug_aranges
                0x00000000       0x58 ./Core/Src/24cxx.o
 .debug_aranges
                0x00000058       0x60 ./Core/Src/ctiic.o
 .debug_aranges
                0x000000b8       0x30 ./Core/Src/delay.o
 .debug_aranges
                0x000000e8       0x38 ./Core/Src/ft5206.o
 .debug_aranges
                0x00000120       0x40 ./Core/Src/gt9147.o
 .debug_aranges
                0x00000160       0x28 ./Core/Src/key.o
 .debug_aranges
                0x00000188      0x118 ./Core/Src/lcd.o
 .debug_aranges
                0x000002a0      0x100 ./Core/Src/lcd_v4.o
 .debug_aranges
                0x000003a0       0x20 ./Core/Src/led.o
 .debug_aranges
                0x000003c0       0x50 ./Core/Src/main.o
 .debug_aranges
                0x00000410       0x60 ./Core/Src/maze.o
 .debug_aranges
                0x00000470       0x58 ./Core/Src/myiic.o
 .debug_aranges
                0x000004c8       0x40 ./Core/Src/ott2001a.o
 .debug_aranges
                0x00000508       0x50 ./Core/Src/stm32f1xx_hal_msp.o
 .debug_aranges
                0x00000558       0x70 ./Core/Src/stm32f1xx_it.o
 .debug_aranges
                0x000005c8       0x38 ./Core/Src/sys.o
 .debug_aranges
                0x00000600       0xa8 ./Core/Src/syscalls.o
 .debug_aranges
                0x000006a8       0x20 ./Core/Src/sysmem.o
 .debug_aranges
                0x000006c8       0x28 ./Core/Src/system_stm32f1xx.o
 .debug_aranges
                0x000006f0       0x80 ./Core/Src/touch.o
 .debug_aranges
                0x00000770       0x20 ./Core/Src/ui.o
 .debug_aranges