../Core/Src/lcd.c:37:6:LCD_WR_REG	16	static
../Core/Src/lcd.c:47:6:LCD_ShowPicture	32	static
../Core/Src/lcd.c:60:6:LCD_WR_DATAX	16	static
../Core/Src/lcd.c:72:6:opt_delay	16	static
../Core/Src/lcd.c:79:5:LCD_RD_DATA	16	static
../Core/Src/lcd.c:105:6:LCD_WriteReg	16	static
../Core/Src/lcd.c:114:5:LCD_ReadReg	16	static
../Core/Src/lcd.c:121:6:LCD_WriteRAM_Prepare	8	static
../Core/Src/lcd.c:127:6:LCD_WriteRAM	16	static
../Core/Src/lcd.c:136:5:LCD_BGR2RGB	24	static
../Core/Src/lcd.c:149:5:LCD_ReadPoint	24	static
../Core/Src/lcd.c:183:6:LCD_DisplayOn	8	static
../Core/Src/lcd.c:196:6:LCD_DisplayOff	8	static
../Core/Src/lcd.c:211:6:LCD_SetCursor	16	static
../Core/Src/lcd.c:267:6:LCD_Scan_Dir	24	static
../Core/Src/lcd.c:417:6:LCD_DrawPoint	16	static
../Core/Src/lcd.c:427:6:LCD_Fast_DrawPoint	16	static
../Core/Src/lcd.c:476:6:LCD_SSD_BackLightSet	24	static
../Core/Src/lcd.c:489:6:LCD_Display_Dir	16	static
../Core/Src/lcd.c:569:6:LCD_Set_Window	32	static
../Core/Src/lcd.c:627:6:LCD_Init	40	static
../Core/Src/lcd.c:2074:6:LCD_Clear	24	static
../Core/Src/lcd.c:2093:6:LCD_Fill	32	static
../Core/Src/lcd.c:2115:6:LCD_Color_Fill	32	static
../Core/Src/lcd.c:2137:6:LCD_DrawLine	64	static
../Core/Src/lcd.c:2188:6:LCD_DrawRectangle	24	static
../Core/Src/lcd.c:2199:6:LCD_Draw_Circle	32	static
../Core/Src/lcd.c:2234:6:LCD_ShowChar	32	static
../Core/Src/lcd.c:2273:5:LCD_Pow	24	static
../Core/Src/lcd.c:2286:6:LCD_ShowNum	48	static
../Core/Src/lcd.c:2319:6:LCD_ShowxNum	48	static
../Core/Src/lcd.c:2350:6:LCD_ShowString	40	static
../Core/Src/lcd.c:2372:6:LCD_ShowImage	32	static
../Core/Src/lcd.c:2400:6:LCD_ShowImage2	32	static
../Core/Src/lcd.c:2428:6:LCD_ShowEndImage	40	static
../Core/Src/lcd.c:2458:6:LCD_ShowInputWrongImage	40	static
