16:00:22 **** Incremental Build of configuration Debug for project car1_1 ****
make -j32 all 
arm-none-eabi-gcc "../Core/Src/main.c" -mcpu=cortex-m3 -std=gnu11 -g3 -DDEBUG -DUSE_HAL_DRIVER -DSTM32F103xE -c -I../Core/Inc -I../Drivers/STM32F1xx_HAL_Driver/Inc/Legacy -I../Drivers/STM32F1xx_HAL_Driver/Inc -I../Drivers/CMSIS/Device/ST/STM32F1xx/Include -I../Drivers/CMSIS/Include -O0 -ffunction-sections -fdata-sections -Wall -fstack-usage -fcyclomatic-complexity -MMD -MP -MF"Core/Src/main.d" -MT"Core/Src/main.o" --specs=nano.specs -mfloat-abi=soft -mthumb -o "Core/Src/main.o"
../Core/Src/main.c: In function 'main':
../Core/Src/main.c:123:20: warning: suggest parentheses around assignment used as truth value [-Wparentheses]
  123 |                 if(rxBuffer[0] = '0'){
      |                    ^~~~~~~~
../Core/Src/main.c:127:25: warning: implicit declaration of function 'mode1_loop' [-Wimplicit-function-declaration]
  127 |                         mode1_loop(); // 路径规划模式
      |                         ^~~~~~~~~~
../Core/Src/main.c:130:25: warning: implicit declaration of function 'mode2_loop' [-Wimplicit-function-declaration]
  130 |                         mode2_loop(); // 红外跟踪模式
      |                         ^~~~~~~~~~
../Core/Src/main.c:133:25: warning: implicit declaration of function 'stop_motors' [-Wimplicit-function-declaration]
  133 |                         stop_motors();
      |                         ^~~~~~~~~~~
arm-none-eabi-gcc -o "car1_1.elf" @"objects.list"   -mcpu=cortex-m3 -T"C:\Users\xueye\Desktop\2025年秋季\微机\CS301-Project\car1_1\STM32F103RCTX_FLASH.ld" --specs=nosys.specs -Wl,-Map="car1_1.map" -Wl,--gc-sections -static --specs=nano.specs -mfloat-abi=soft -mthumb -Wl,--start-group -lc -lm -Wl,--end-group
Finished building target: car1_1.elf
 
arm-none-eabi-size  car1_1.elf 
arm-none-eabi-objdump -h -S car1_1.elf  > "car1_1.list"
   text	   data	    bss	    dec	    hex	filename
  22228	     92	   2060	  24380	   5f3c	car1_1.elf
arm-none-eabi-objcopy  -O ihex car1_1.elf  "car1_1.hex"
Finished building: default.size.stdout
arm-none-eabi-objcopy  -O binary car1_1.elf  "car1_1.bin"
 
Finished building: car1_1.hex
Finished building: car1_1.bin
 
 
Finished building: car1_1.list
 

16:00:25 Build Finished. 0 errors, 4 warnings. (took 2s.740ms)

