15:46:59 **** Clean-only build of configuration Debug for project car1_1 ****
make -j32 clean 
rm -rf ./Drivers/STM32F1xx_HAL_Driver/Src/stm32f1xx_hal.cyclo ./Drivers/STM32F1xx_HAL_Driver/Src/stm32f1xx_hal.d ./Drivers/STM32F1xx_HAL_Driver/Src/stm32f1xx_hal.o ./Drivers/STM32F1xx_HAL_Driver/Src/stm32f1xx_hal.su ./Drivers/STM32F1xx_HAL_Driver/Src/stm32f1xx_hal_cortex.cyclo ./Drivers/STM32F1xx_HAL_Driver/Src/stm32f1xx_hal_cortex.d ./Drivers/STM32F1xx_HAL_Driver/Src/stm32f1xx_hal_cortex.o ./Drivers/STM32F1xx_HAL_Driver/Src/stm32f1xx_hal_cortex.su ./Drivers/STM32F1xx_HAL_Driver/Src/stm32f1xx_hal_dma.cyclo ./Drivers/STM32F1xx_HAL_Driver/Src/stm32f1xx_hal_dma.d ./Drivers/STM32F1xx_HAL_Driver/Src/stm32f1xx_hal_dma.o ./Drivers/STM32F1xx_HAL_Driver/Src/stm32f1xx_hal_dma.su ./Drivers/STM32F1xx_HAL_Driver/Src/stm32f1xx_hal_exti.cyclo ./Drivers/STM32F1xx_HAL_Driver/Src/stm32f1xx_hal_exti.d ./Drivers/STM32F1xx_HAL_Driver/Src/stm32f1xx_hal_exti.o ./Drivers/STM32F1xx_HAL_Driver/Src/stm32f1xx_hal_exti.su ./Drivers/STM32F1xx_HAL_Driver/Src/stm32f1xx_hal_flash.cyclo ./Drivers/STM32F1xx_HAL_Driver/Src/stm32f1xx_hal_flash.d ./Drivers/STM32F1xx_HAL_Driver/Src/stm32f1xx_hal_flash.o ./Drivers/STM32F1xx_HAL_Driver/Src/stm32f1xx_hal_flash.su ./Drivers/STM32F1xx_HAL_Driver/Src/stm32f1xx_hal_flash_ex.cyclo ./Drivers/STM32F1xx_HAL_Driver/Src/stm32f1xx_hal_flash_ex.d ./Drivers/STM32F1xx_HAL_Driver/Src/stm32f1xx_hal_flash_ex.o ./Drivers/STM32F1xx_HAL_Driver/Src/stm32f1xx_hal_flash_ex.su ./Drivers/STM32F1xx_HAL_Driver/Src/stm32f1xx_hal_gpio.cyclo ./Drivers/STM32F1xx_HAL_Driver/Src/stm32f1xx_hal_gpio.d ./Drivers/STM32F1xx_HAL_Driver/Src/stm32f1xx_hal_gpio.o ./Drivers/STM32F1xx_HAL_Driver/Src/stm32f1xx_hal_gpio.su ./Drivers/STM32F1xx_HAL_Driver/Src/stm32f1xx_hal_gpio_ex.cyclo ./Drivers/STM32F1xx_HAL_Driver/Src/stm32f1xx_hal_gpio_ex.d ./Drivers/STM32F1xx_HAL_Driver/Src/stm32f1xx_hal_gpio_ex.o ./Drivers/STM32F1xx_HAL_Driver/Src/stm32f1xx_hal_gpio_ex.su ./Drivers/STM32F1xx_HAL_Driver/Src/stm32f1xx_hal_pwr.cyclo ./Drivers/STM32F1xx_HAL_Driver/Src/stm32f1xx_hal_pwr.d ./Drivers/STM32F1xx_HAL_Driver/Src/stm32f1xx_hal_pwr.o ./Drivers/STM32F1xx_HAL_Driver/Src/stm32f1xx_hal_pwr.su ./Drivers/STM32F1xx_HAL_Driver/Src/stm32f1xx_hal_rcc.cyclo ./Drivers/STM32F1xx_HAL_Driver/Src/stm32f1xx_hal_rcc.d ./Drivers/STM32F1xx_HAL_Driver/Src/stm32f1xx_hal_rcc.o ./Drivers/STM32F1xx_HAL_Driver/Src/stm32f1xx_hal_rcc.su ./Drivers/STM32F1xx_HAL_Driver/Src/stm32f1xx_hal_rcc_ex.cyclo ./Drivers/STM32F1xx_HAL_Driver/Src/stm32f1xx_hal_rcc_ex.d ./Drivers/STM32F1xx_HAL_Driver/Src/stm32f1xx_hal_rcc_ex.o ./Drivers/STM32F1xx_HAL_Driver/Src/stm32f1xx_hal_rcc_ex.su ./Drivers/STM32F1xx_HAL_Driver/Src/stm32f1xx_hal_tim.cyclo ./Drivers/STM32F1xx_HAL_Driver/Src/stm32f1xx_hal_tim.d ./Drivers/STM32F1xx_HAL_Driver/Src/stm32f1xx_hal_tim.o ./Drivers/STM32F1xx_HAL_Driver/Src/stm32f1xx_hal_tim.su ./Drivers/STM32F1xx_HAL_Driver/Src/stm32f1xx_hal_tim_ex.cyclo ./Drivers/STM32F1xx_HAL_Driver/Src/stm32f1xx_hal_tim_ex.d ./Drivers/STM32F1xx_HAL_Driver/Src/stm32f1xx_hal_tim_ex.o ./Drivers/STM32F1xx_HAL_Driver/Src/stm32f1xx_hal_tim_ex.su
rm -rf ./Core/Startup/startup_stm32f103rctx.d ./Core/Startup/startup_stm32f103rctx.o
rm -rf ./Core/Src/control.cyclo ./Core/Src/control.d ./Core/Src/control.o ./Core/Src/control.su ./Core/Src/gpio.cyclo ./Core/Src/gpio.d ./Core/Src/gpio.o ./Core/Src/gpio.su ./Core/Src/main.cyclo ./Core/Src/main.d ./Core/Src/main.o ./Core/Src/main.su ./Core/Src/mode1.cyclo ./Core/Src/mode1.d ./Core/Src/mode1.o ./Core/Src/mode1.su ./Core/Src/mode2.cyclo ./Core/Src/mode2.d ./Core/Src/mode2.o ./Core/Src/mode2.su ./Core/Src/stm32f1xx_hal_msp.cyclo ./Core/Src/stm32f1xx_hal_msp.d ./Core/Src/stm32f1xx_hal_msp.o ./Core/Src/stm32f1xx_hal_msp.su ./Core/Src/stm32f1xx_it.cyclo ./Core/Src/stm32f1xx_it.d ./Core/Src/stm32f1xx_it.o ./Core/Src/stm32f1xx_it.su ./Core/Src/syscalls.cyclo ./Core/Src/syscalls.d ./Core/Src/syscalls.o ./Core/Src/syscalls.su ./Core/Src/sysmem.cyclo ./Core/Src/sysmem.d ./Core/Src/sysmem.o ./Core/Src/sysmem.su ./Core/Src/system_stm32f1xx.cyclo ./Core/Src/system_stm32f1xx.d ./Core/Src/system_stm32f1xx.o ./Core/Src/system_stm32f1xx.su ./Core/Src/tim.cyclo ./Core/Src/tim.d ./Core/Src/tim.o ./Core/Src/tim.su ./Core/Src/trajectory.cyclo ./Core/Src/trajectory.d ./Core/Src/trajectory.o ./Core/Src/trajectory.su
rm -rf car1_1.bin car1_1.elf car1_1.hex car1_1.list car1_1.map default.size.stdout
 
15:47:01 **** Build of configuration Debug for project car1_1 ****
make -j32 all 
arm-none-eabi-gcc "../Drivers/STM32F1xx_HAL_Driver/Src/stm32f1xx_hal.c" -mcpu=cortex-m3 -std=gnu11 -g3 -DDEBUG -DUSE_HAL_DRIVER -DSTM32F103xE -c -I../Core/Inc -I../Drivers/STM32F1xx_HAL_Driver/Inc/Legacy -I../Drivers/STM32F1xx_HAL_Driver/Inc -I../Drivers/CMSIS/Device/ST/STM32F1xx/Include -I../Drivers/CMSIS/Include -O0 -ffunction-sections -fdata-sections -Wall -fstack-usage -fcyclomatic-complexity -MMD -MP -MF"Drivers/STM32F1xx_HAL_Driver/Src/stm32f1xx_hal.d" -MT"Drivers/STM32F1xx_HAL_Driver/Src/stm32f1xx_hal.o" --specs=nano.specs -mfloat-abi=soft -mthumb -o "Drivers/STM32F1xx_HAL_Driver/Src/stm32f1xx_hal.o"
arm-none-eabi-gcc "../Drivers/STM32F1xx_HAL_Driver/Src/stm32f1xx_hal_cortex.c" -mcpu=cortex-m3 -std=gnu11 -g3 -DDEBUG -DUSE_HAL_DRIVER -DSTM32F103xE -c -I../Core/Inc -I../Drivers/STM32F1xx_HAL_Driver/Inc/Legacy -I../Drivers/STM32F1xx_HAL_Driver/Inc -I../Drivers/CMSIS/Device/ST/STM32F1xx/Include -I../Drivers/CMSIS/Include -O0 -ffunction-sections -fdata-sections -Wall -fstack-usage -fcyclomatic-complexity -MMD -MP -MF"Drivers/STM32F1xx_HAL_Driver/Src/stm32f1xx_hal_cortex.d" -MT"Drivers/STM32F1xx_HAL_Driver/Src/stm32f1xx_hal_cortex.o" --specs=nano.specs -mfloat-abi=soft -mthumb -o "Drivers/STM32F1xx_HAL_Driver/Src/stm32f1xx_hal_cortex.o"
arm-none-eabi-gcc "../Drivers/STM32F1xx_HAL_Driver/Src/stm32f1xx_hal_dma.c" -mcpu=cortex-m3 -std=gnu11 -g3 -DDEBUG -DUSE_HAL_DRIVER -DSTM32F103xE -c -I../Core/Inc -I../Drivers/STM32F1xx_HAL_Driver/Inc/Legacy -I../Drivers/STM32F1xx_HAL_Driver/Inc -I../Drivers/CMSIS/Device/ST/STM32F1xx/Include -I../Drivers/CMSIS/Include -O0 -ffunction-sections -fdata-sections -Wall -fstack-usage -fcyclomatic-complexity -MMD -MP -MF"Drivers/STM32F1xx_HAL_Driver/Src/stm32f1xx_hal_dma.d" -MT"Drivers/STM32F1xx_HAL_Driver/Src/stm32f1xx_hal_dma.o" --specs=nano.specs -mfloat-abi=soft -mthumb -o "Drivers/STM32F1xx_HAL_Driver/Src/stm32f1xx_hal_dma.o"
arm-none-eabi-gcc "../Drivers/STM32F1xx_HAL_Driver/Src/stm32f1xx_hal_exti.c" -mcpu=cortex-m3 -std=gnu11 -g3 -DDEBUG -DUSE_HAL_DRIVER -DSTM32F103xE -c -I../Core/Inc -I../Drivers/STM32F1xx_HAL_Driver/Inc/Legacy -I../Drivers/STM32F1xx_HAL_Driver/Inc -I../Drivers/CMSIS/Device/ST/STM32F1xx/Include -I../Drivers/CMSIS/Include -O0 -ffunction-sections -fdata-sections -Wall -fstack-usage -fcyclomatic-complexity -MMD -MP -MF"Drivers/STM32F1xx_HAL_Driver/Src/stm32f1xx_hal_exti.d" -MT"Drivers/STM32F1xx_HAL_Driver/Src/stm32f1xx_hal_exti.o" --specs=nano.specs -mfloat-abi=soft -mthumb -o "Drivers/STM32F1xx_HAL_Driver/Src/stm32f1xx_hal_exti.o"
arm-none-eabi-gcc "../Drivers/STM32F1xx_HAL_Driver/Src/stm32f1xx_hal_flash.c" -mcpu=cortex-m3 -std=gnu11 -g3 -DDEBUG -DUSE_HAL_DRIVER -DSTM32F103xE -c -I../Core/Inc -I../Drivers/STM32F1xx_HAL_Driver/Inc/Legacy -I../Drivers/STM32F1xx_HAL_Driver/Inc -I../Drivers/CMSIS/Device/ST/STM32F1xx/Include -I../Drivers/CMSIS/Include -O0 -ffunction-sections -fdata-sections -Wall -fstack-usage -fcyclomatic-complexity -MMD -MP -MF"Drivers/STM32F1xx_HAL_Driver/Src/stm32f1xx_hal_flash.d" -MT"Drivers/STM32F1xx_HAL_Driver/Src/stm32f1xx_hal_flash.o" --specs=nano.specs -mfloat-abi=soft -mthumb -o "Drivers/STM32F1xx_HAL_Driver/Src/stm32f1xx_hal_flash.o"
arm-none-eabi-gcc "../Drivers/STM32F1xx_HAL_Driver/Src/stm32f1xx_hal_flash_ex.c" -mcpu=cortex-m3 -std=gnu11 -g3 -DDEBUG -DUSE_HAL_DRIVER -DSTM32F103xE -c -I../Core/Inc -I../Drivers/STM32F1xx_HAL_Driver/Inc/Legacy -I../Drivers/STM32F1xx_HAL_Driver/Inc -I../Drivers/CMSIS/Device/ST/STM32F1xx/Include -I../Drivers/CMSIS/Include -O0 -ffunction-sections -fdata-sections -Wall -fstack-usage -fcyclomatic-complexity -MMD -MP -MF"Drivers/STM32F1xx_HAL_Driver/Src/stm32f1xx_hal_flash_ex.d" -MT"Drivers/STM32F1xx_HAL_Driver/Src/stm32f1xx_hal_flash_ex.o" --specs=nano.specs -mfloat-abi=soft -mthumb -o "Drivers/STM32F1xx_HAL_Driver/Src/stm32f1xx_hal_flash_ex.o"
arm-none-eabi-gcc "../Drivers/STM32F1xx_HAL_Driver/Src/stm32f1xx_hal_gpio.c" -mcpu=cortex-m3 -std=gnu11 -g3 -DDEBUG -DUSE_HAL_DRIVER -DSTM32F103xE -c -I../Core/Inc -I../Drivers/STM32F1xx_HAL_Driver/Inc/Legacy -I../Drivers/STM32F1xx_HAL_Driver/Inc -I../Drivers/CMSIS/Device/ST/STM32F1xx/Include -I../Drivers/CMSIS/Include -O0 -ffunction-sections -fdata-sections -Wall -fstack-usage -fcyclomatic-complexity -MMD -MP -MF"Drivers/STM32F1xx_HAL_Driver/Src/stm32f1xx_hal_gpio.d" -MT"Drivers/STM32F1xx_HAL_Driver/Src/stm32f1xx_hal_gpio.o" --specs=nano.specs -mfloat-abi=soft -mthumb -o "Drivers/STM32F1xx_HAL_Driver/Src/stm32f1xx_hal_gpio.o"
arm-none-eabi-gcc "../Drivers/STM32F1xx_HAL_Driver/Src/stm32f1xx_hal_gpio_ex.c" -mcpu=cortex-m3 -std=gnu11 -g3 -DDEBUG -DUSE_HAL_DRIVER -DSTM32F103xE -c -I../Core/Inc -I../Drivers/STM32F1xx_HAL_Driver/Inc/Legacy -I../Drivers/STM32F1xx_HAL_Driver/Inc -I../Drivers/CMSIS/Device/ST/STM32F1xx/Include -I../Drivers/CMSIS/Include -O0 -ffunction-sections -fdata-sections -Wall -fstack-usage -fcyclomatic-complexity -MMD -MP -MF"Drivers/STM32F1xx_HAL_Driver/Src/stm32f1xx_hal_gpio_ex.d" -MT"Drivers/STM32F1xx_HAL_Driver/Src/stm32f1xx_hal_gpio_ex.o" --specs=nano.specs -mfloat-abi=soft -mthumb -o "Drivers/STM32F1xx_HAL_Driver/Src/stm32f1xx_hal_gpio_ex.o"
arm-none-eabi-gcc "../Drivers/STM32F1xx_HAL_Driver/Src/stm32f1xx_hal_pwr.c" -mcpu=cortex-m3 -std=gnu11 -g3 -DDEBUG -DUSE_HAL_DRIVER -DSTM32F103xE -c -I../Core/Inc -I../Drivers/STM32F1xx_HAL_Driver/Inc/Legacy -I../Drivers/STM32F1xx_HAL_Driver/Inc -I../Drivers/CMSIS/Device/ST/STM32F1xx/Include -I../Drivers/CMSIS/Include -O0 -ffunction-sections -fdata-sections -Wall -fstack-usage -fcyclomatic-complexity -MMD -MP -MF"Drivers/STM32F1xx_HAL_Driver/Src/stm32f1xx_hal_pwr.d" -MT"Drivers/STM32F1xx_HAL_Driver/Src/stm32f1xx_hal_pwr.o" --specs=nano.specs -mfloat-abi=soft -mthumb -o "Drivers/STM32F1xx_HAL_Driver/Src/stm32f1xx_hal_pwr.o"
arm-none-eabi-gcc "../Drivers/STM32F1xx_HAL_Driver/Src/stm32f1xx_hal_rcc.c" -mcpu=cortex-m3 -std=gnu11 -g3 -DDEBUG -DUSE_HAL_DRIVER -DSTM32F103xE -c -I../Core/Inc -I../Drivers/STM32F1xx_HAL_Driver/Inc/Legacy -I../Drivers/STM32F1xx_HAL_Driver/Inc -I../Drivers/CMSIS/Device/ST/STM32F1xx/Include -I../Drivers/CMSIS/Include -O0 -ffunction-sections -fdata-sections -Wall -fstack-usage -fcyclomatic-complexity -MMD -MP -MF"Drivers/STM32F1xx_HAL_Driver/Src/stm32f1xx_hal_rcc.d" -MT"Drivers/STM32F1xx_HAL_Driver/Src/stm32f1xx_hal_rcc.o" --specs=nano.specs -mfloat-abi=soft -mthumb -o "Drivers/STM32F1xx_HAL_Driver/Src/stm32f1xx_hal_rcc.o"
arm-none-eabi-gcc "../Drivers/STM32F1xx_HAL_Driver/Src/stm32f1xx_hal_rcc_ex.c" -mcpu=cortex-m3 -std=gnu11 -g3 -DDEBUG -DUSE_HAL_DRIVER -DSTM32F103xE -c -I../Core/Inc -I../Drivers/STM32F1xx_HAL_Driver/Inc/Legacy -I../Drivers/STM32F1xx_HAL_Driver/Inc -I../Drivers/CMSIS/Device/ST/STM32F1xx/Include -I../Drivers/CMSIS/Include -O0 -ffunction-sections -fdata-sections -Wall -fstack-usage -fcyclomatic-complexity -MMD -MP -MF"Drivers/STM32F1xx_HAL_Driver/Src/stm32f1xx_hal_rcc_ex.d" -MT"Drivers/STM32F1xx_HAL_Driver/Src/stm32f1xx_hal_rcc_ex.o" --specs=nano.specs -mfloat-abi=soft -mthumb -o "Drivers/STM32F1xx_HAL_Driver/Src/stm32f1xx_hal_rcc_ex.o"
arm-none-eabi-gcc "../Drivers/STM32F1xx_HAL_Driver/Src/stm32f1xx_hal_tim.c" -mcpu=cortex-m3 -std=gnu11 -g3 -DDEBUG -DUSE_HAL_DRIVER -DSTM32F103xE -c -I../Core/Inc -I../Drivers/STM32F1xx_HAL_Driver/Inc/Legacy -I../Drivers/STM32F1xx_HAL_Driver/Inc -I../Drivers/CMSIS/Device/ST/STM32F1xx/Include -I../Drivers/CMSIS/Include -O0 -ffunction-sections -fdata-sections -Wall -fstack-usage -fcyclomatic-complexity -MMD -MP -MF"Drivers/STM32F1xx_HAL_Driver/Src/stm32f1xx_hal_tim.d" -MT"Drivers/STM32F1xx_HAL_Driver/Src/stm32f1xx_hal_tim.o" --specs=nano.specs -mfloat-abi=soft -mthumb -o "Drivers/STM32F1xx_HAL_Driver/Src/stm32f1xx_hal_tim.o"
arm-none-eabi-gcc "../Drivers/STM32F1xx_HAL_Driver/Src/stm32f1xx_hal_tim_ex.c" -mcpu=cortex-m3 -std=gnu11 -g3 -DDEBUG -DUSE_HAL_DRIVER -DSTM32F103xE -c -I../Core/Inc -I../Drivers/STM32F1xx_HAL_Driver/Inc/Legacy -I../Drivers/STM32F1xx_HAL_Driver/Inc -I../Drivers/CMSIS/Device/ST/STM32F1xx/Include -I../Drivers/CMSIS/Include -O0 -ffunction-sections -fdata-sections -Wall -fstack-usage -fcyclomatic-complexity -MMD -MP -MF"Drivers/STM32F1xx_HAL_Driver/Src/stm32f1xx_hal_tim_ex.d" -MT"Drivers/STM32F1xx_HAL_Driver/Src/stm32f1xx_hal_tim_ex.o" --specs=nano.specs -mfloat-abi=soft -mthumb -o "Drivers/STM32F1xx_HAL_Driver/Src/stm32f1xx_hal_tim_ex.o"
arm-none-eabi-gcc "../Drivers/STM32F1xx_HAL_Driver/Src/stm32f1xx_hal_uart.c" -mcpu=cortex-m3 -std=gnu11 -g3 -DDEBUG -DUSE_HAL_DRIVER -DSTM32F103xE -c -I../Core/Inc -I../Drivers/STM32F1xx_HAL_Driver/Inc/Legacy -I../Drivers/STM32F1xx_HAL_Driver/Inc -I../Drivers/CMSIS/Device/ST/STM32F1xx/Include -I../Drivers/CMSIS/Include -O0 -ffunction-sections -fdata-sections -Wall -fstack-usage -fcyclomatic-complexity -MMD -MP -MF"Drivers/STM32F1xx_HAL_Driver/Src/stm32f1xx_hal_uart.d" -MT"Drivers/STM32F1xx_HAL_Driver/Src/stm32f1xx_hal_uart.o" --specs=nano.specs -mfloat-abi=soft -mthumb -o "Drivers/STM32F1xx_HAL_Driver/Src/stm32f1xx_hal_uart.o"
arm-none-eabi-gcc -mcpu=cortex-m3 -g3 -DDEBUG -c -x assembler-with-cpp -MMD -MP -MF"Core/Startup/startup_stm32f103rctx.d" -MT"Core/Startup/startup_stm32f103rctx.o" --specs=nano.specs -mfloat-abi=soft -mthumb -o "Core/Startup/startup_stm32f103rctx.o" "../Core/Startup/startup_stm32f103rctx.s"
arm-none-eabi-gcc "../Core/Src/control.c" -mcpu=cortex-m3 -std=gnu11 -g3 -DDEBUG -DUSE_HAL_DRIVER -DSTM32F103xE -c -I../Core/Inc -I../Drivers/STM32F1xx_HAL_Driver/Inc/Legacy -I../Drivers/STM32F1xx_HAL_Driver/Inc -I../Drivers/CMSIS/Device/ST/STM32F1xx/Include -I../Drivers/CMSIS/Include -O0 -ffunction-sections -fdata-sections -Wall -fstack-usage -fcyclomatic-complexity -MMD -MP -MF"Core/Src/control.d" -MT"Core/Src/control.o" --specs=nano.specs -mfloat-abi=soft -mthumb -o "Core/Src/control.o"
arm-none-eabi-gcc "../Core/Src/gpio.c" -mcpu=cortex-m3 -std=gnu11 -g3 -DDEBUG -DUSE_HAL_DRIVER -DSTM32F103xE -c -I../Core/Inc -I../Drivers/STM32F1xx_HAL_Driver/Inc/Legacy -I../Drivers/STM32F1xx_HAL_Driver/Inc -I../Drivers/CMSIS/Device/ST/STM32F1xx/Include -I../Drivers/CMSIS/Include -O0 -ffunction-sections -fdata-sections -Wall -fstack-usage -fcyclomatic-complexity -MMD -MP -MF"Core/Src/gpio.d" -MT"Core/Src/gpio.o" --specs=nano.specs -mfloat-abi=soft -mthumb -o "Core/Src/gpio.o"
arm-none-eabi-gcc "../Core/Src/main.c" -mcpu=cortex-m3 -std=gnu11 -g3 -DDEBUG -DUSE_HAL_DRIVER -DSTM32F103xE -c -I../Core/Inc -I../Drivers/STM32F1xx_HAL_Driver/Inc/Legacy -I../Drivers/STM32F1xx_HAL_Driver/Inc -I../Drivers/CMSIS/Device/ST/STM32F1xx/Include -I../Drivers/CMSIS/Include -O0 -ffunction-sections -fdata-sections -Wall -fstack-usage -fcyclomatic-complexity -MMD -MP -MF"Core/Src/main.d" -MT"Core/Src/main.o" --specs=nano.specs -mfloat-abi=soft -mthumb -o "Core/Src/main.o"
arm-none-eabi-gcc "../Core/Src/mode1.c" -mcpu=cortex-m3 -std=gnu11 -g3 -DDEBUG -DUSE_HAL_DRIVER -DSTM32F103xE -c -I../Core/Inc -I../Drivers/STM32F1xx_HAL_Driver/Inc/Legacy -I../Drivers/STM32F1xx_HAL_Driver/Inc -I../Drivers/CMSIS/Device/ST/STM32F1xx/Include -I../Drivers/CMSIS/Include -O0 -ffunction-sections -fdata-sections -Wall -fstack-usage -fcyclomatic-complexity -MMD -MP -MF"Core/Src/mode1.d" -MT"Core/Src/mode1.o" --specs=nano.specs -mfloat-abi=soft -mthumb -o "Core/Src/mode1.o"
arm-none-eabi-gcc "../Core/Src/mode2.c" -mcpu=cortex-m3 -std=gnu11 -g3 -DDEBUG -DUSE_HAL_DRIVER -DSTM32F103xE -c -I../Core/Inc -I../Drivers/STM32F1xx_HAL_Driver/Inc/Legacy -I../Drivers/STM32F1xx_HAL_Driver/Inc -I../Drivers/CMSIS/Device/ST/STM32F1xx/Include -I../Drivers/CMSIS/Include -O0 -ffunction-sections -fdata-sections -Wall -fstack-usage -fcyclomatic-complexity -MMD -MP -MF"Core/Src/mode2.d" -MT"Core/Src/mode2.o" --specs=nano.specs -mfloat-abi=soft -mthumb -o "Core/Src/mode2.o"
arm-none-eabi-gcc "../Core/Src/stm32f1xx_hal_msp.c" -mcpu=cortex-m3 -std=gnu11 -g3 -DDEBUG -DUSE_HAL_DRIVER -DSTM32F103xE -c -I../Core/Inc -I../Drivers/STM32F1xx_HAL_Driver/Inc/Legacy -I../Drivers/STM32F1xx_HAL_Driver/Inc -I../Drivers/CMSIS/Device/ST/STM32F1xx/Include -I../Drivers/CMSIS/Include -O0 -ffunction-sections -fdata-sections -Wall -fstack-usage -fcyclomatic-complexity -MMD -MP -MF"Core/Src/stm32f1xx_hal_msp.d" -MT"Core/Src/stm32f1xx_hal_msp.o" --specs=nano.specs -mfloat-abi=soft -mthumb -o "Core/Src/stm32f1xx_hal_msp.o"
arm-none-eabi-gcc "../Core/Src/stm32f1xx_it.c" -mcpu=cortex-m3 -std=gnu11 -g3 -DDEBUG -DUSE_HAL_DRIVER -DSTM32F103xE -c -I../Core/Inc -I../Drivers/STM32F1xx_HAL_Driver/Inc/Legacy -I../Drivers/STM32F1xx_HAL_Driver/Inc -I../Drivers/CMSIS/Device/ST/STM32F1xx/Include -I../Drivers/CMSIS/Include -O0 -ffunction-sections -fdata-sections -Wall -fstack-usage -fcyclomatic-complexity -MMD -MP -MF"Core/Src/stm32f1xx_it.d" -MT"Core/Src/stm32f1xx_it.o" --specs=nano.specs -mfloat-abi=soft -mthumb -o "Core/Src/stm32f1xx_it.o"
arm-none-eabi-gcc "../Core/Src/syscalls.c" -mcpu=cortex-m3 -std=gnu11 -g3 -DDEBUG -DUSE_HAL_DRIVER -DSTM32F103xE -c -I../Core/Inc -I../Drivers/STM32F1xx_HAL_Driver/Inc/Legacy -I../Drivers/STM32F1xx_HAL_Driver/Inc -I../Drivers/CMSIS/Device/ST/STM32F1xx/Include -I../Drivers/CMSIS/Include -O0 -ffunction-sections -fdata-sections -Wall -fstack-usage -fcyclomatic-complexity -MMD -MP -MF"Core/Src/syscalls.d" -MT"Core/Src/syscalls.o" --specs=nano.specs -mfloat-abi=soft -mthumb -o "Core/Src/syscalls.o"
arm-none-eabi-gcc "../Core/Src/sysmem.c" -mcpu=cortex-m3 -std=gnu11 -g3 -DDEBUG -DUSE_HAL_DRIVER -DSTM32F103xE -c -I../Core/Inc -I../Drivers/STM32F1xx_HAL_Driver/Inc/Legacy -I../Drivers/STM32F1xx_HAL_Driver/Inc -I../Drivers/CMSIS/Device/ST/STM32F1xx/Include -I../Drivers/CMSIS/Include -O0 -ffunction-sections -fdata-sections -Wall -fstack-usage -fcyclomatic-complexity -MMD -MP -MF"Core/Src/sysmem.d" -MT"Core/Src/sysmem.o" --specs=nano.specs -mfloat-abi=soft -mthumb -o "Core/Src/sysmem.o"
arm-none-eabi-gcc "../Core/Src/system_stm32f1xx.c" -mcpu=cortex-m3 -std=gnu11 -g3 -DDEBUG -DUSE_HAL_DRIVER -DSTM32F103xE -c -I../Core/Inc -I../Drivers/STM32F1xx_HAL_Driver/Inc/Legacy -I../Drivers/STM32F1xx_HAL_Driver/Inc -I../Drivers/CMSIS/Device/ST/STM32F1xx/Include -I../Drivers/CMSIS/Include -O0 -ffunction-sections -fdata-sections -Wall -fstack-usage -fcyclomatic-complexity -MMD -MP -MF"Core/Src/system_stm32f1xx.d" -MT"Core/Src/system_stm32f1xx.o" --specs=nano.specs -mfloat-abi=soft -mthumb -o "Core/Src/system_stm32f1xx.o"
arm-none-eabi-gcc "../Core/Src/tim.c" -mcpu=cortex-m3 -std=gnu11 -g3 -DDEBUG -DUSE_HAL_DRIVER -DSTM32F103xE -c -I../Core/Inc -I../Drivers/STM32F1xx_HAL_Driver/Inc/Legacy -I../Drivers/STM32F1xx_HAL_Driver/Inc -I../Drivers/CMSIS/Device/ST/STM32F1xx/Include -I../Drivers/CMSIS/Include -O0 -ffunction-sections -fdata-sections -Wall -fstack-usage -fcyclomatic-complexity -MMD -MP -MF"Core/Src/tim.d" -MT"Core/Src/tim.o" --specs=nano.specs -mfloat-abi=soft -mthumb -o "Core/Src/tim.o"
../Core/Src/control.c: In function 'turn_in_place':
../Core/Src/control.c:107:26: warning: implicit declaration of function 'fabs' [-Wimplicit-function-declaration]
  107 |     uint32_t turn_time = fabs(angle) * turn_time_per_degree;
      |                          ^~~~
../Core/Src/control.c:4:1: note: include '<math.h>' or provide a declaration of 'fabs'
    3 | #include "gpio.h"
  +++ |+#include <math.h>
    4 | 
../Core/Src/control.c:107:26: warning: incompatible implicit declaration of built-in function 'fabs' [-Wbuiltin-declaration-mismatch]
  107 |     uint32_t turn_time = fabs(angle) * turn_time_per_degree;
      |                          ^~~~
../Core/Src/control.c:107:26: note: include '<math.h>' or provide a declaration of 'fabs'
../Core/Src/control.c: In function 'forward_with_length':
../Core/Src/control.c:122:29: warning: incompatible implicit declaration of built-in function 'fabs' [-Wbuiltin-declaration-mismatch]
  122 |     uint32_t forward_time = fabs(length) * forward_time_per_centi_meter;
arm-none-eabi-gcc "../Core/Src/trajectory.c" -mcpu=cortex-m3 -std=gnu11 -g3 -DDEBUG -DUSE_HAL_DRIVER -DSTM32F103xE -c -I../Core/Inc -I../Drivers/STM32F1xx_HAL_Driver/Inc/Legacy -I../Drivers/STM32F1xx_HAL_Driver/Inc -I../Drivers/CMSIS/Device/ST/STM32F1xx/Include -I../Drivers/CMSIS/Include -O0 -ffunction-sections -fdata-sections -Wall -fstack-usage -fcyclomatic-complexity -MMD -MP -MF"Core/Src/trajectory.d" -MT"Core/Src/trajectory.o" --specs=nano.specs -mfloat-abi=soft -mthumb -o "Core/Src/trajectory.o"
      |                             ^~~~
../Core/Src/control.c:122:29: note: include '<math.h>' or provide a declaration of 'fabs'
../Core/Src/main.c: In function 'main':
../Core/Src/main.c:122:20: error: 'rxBuffer' undeclared (first use in this function); did you mean 'ITM_RxBuffer'?
  122 |                 if(rxBuffer[0] = '0'){{
      |                    ^~~~~~~~
      |                    ITM_RxBuffer
../Core/Src/main.c:122:20: note: each undeclared identifier is reported only once for each function it appears in
../Core/Src/main.c:126:25: warning: implicit declaration of function 'mode1_loop' [-Wimplicit-function-declaration]
  126 |                         mode1_loop(); // 路径规划模式
      |                         ^~~~~~~~~~
../Core/Src/main.c:129:25: warning: implicit declaration of function 'mode2_loop' [-Wimplicit-function-declaration]
  129 |                         mode2_loop(); // 红外跟踪模式
      |                         ^~~~~~~~~~
arm-none-eabi-gcc "../Core/Src/usart.c" -mcpu=cortex-m3 -std=gnu11 -g3 -DDEBUG -DUSE_HAL_DRIVER -DSTM32F103xE -c -I../Core/Inc -I../Drivers/STM32F1xx_HAL_Driver/Inc/Legacy -I../Drivers/STM32F1xx_HAL_Driver/Inc -I../Drivers/CMSIS/Device/ST/STM32F1xx/Include -I../Drivers/CMSIS/Include -O0 -ffunction-sections -fdata-sections -Wall -fstack-usage -fcyclomatic-complexity -MMD -MP -MF"Core/Src/usart.d" -MT"Core/Src/usart.o" --specs=nano.specs -mfloat-abi=soft -mthumb -o "Core/Src/usart.o"
../Core/Src/main.c:132:25: warning: implicit declaration of function 'stop_motors' [-Wimplicit-function-declaration]
  132 |                         stop_motors();
      |                         ^~~~~~~~~~~
../Core/Src/main.c:194:1: error: expected declaration or statement at end of input
  194 | }
      | ^
../Core/Src/main.c: At top level:
../Core/Src/main.c:185:6: warning: 'Error_Handler' defined but not used [-Wunused-function]
  185 | void Error_Handler(void)
      |      ^~~~~~~~~~~~~
../Core/Src/main.c:142:6: warning: 'SystemClock_Config' defined but not used [-Wunused-function]
  142 | void SystemClock_Config(void)
      |      ^~~~~~~~~~~~~~~~~~
../Core/Src/mode2.c:53:16: error: expected declaration specifiers or '...' before numeric constant
   53 | uint16_t pre_x(0), pre_y(lcddev.height);//boundary
      |                ^
../Core/Src/mode2.c: In function 'path_show':
../Core/Src/mode2.c:58:5: warning: implicit declaration of function 'TP_Draw_Big_Point' [-Wimplicit-function-declaration]
   58 |     TP_Draw_Big_Point(x,y,BLUE);
      |     ^~~~~~~~~~~~~~~~~
../Core/Src/mode2.c:58:27: error: 'BLUE' undeclared (first use in this function)
   58 |     TP_Draw_Big_Point(x,y,BLUE);
      |                           ^~~~
../Core/Src/mode2.c:58:27: note: each undeclared identifier is reported only once for each function it appears in
../Core/Src/mode2.c:62:9: error: unknown type name 'u16'
   62 |         u16 temp = POINT_COLOR;
      |         ^~~
../Core/Src/mode2.c:62:20: error: 'POINT_COLOR' undeclared (first use in this function)
   62 |         u16 temp = POINT_COLOR;
      |                    ^~~~~~~~~~~
../Core/Src/mode2.c:64:9: warning: implicit declaration of function 'LCD_DrawLine' [-Wimplicit-function-declaration]
   64 |         LCD_DrawLine(pre_x, pre_y, x, y);
      |         ^~~~~~~~~~~~
../Core/Src/mode2.c:64:22: error: 'pre_x' undeclared (first use in this function)
   64 |         LCD_DrawLine(pre_x, pre_y, x, y);
      |                      ^~~~~
../Core/Src/mode2.c:64:29: error: 'pre_y' undeclared (first use in this function)
   64 |         LCD_DrawLine(pre_x, pre_y, x, y);
      |                             ^~~~~
make: *** [Core/Src/subdir.mk:55: Core/Src/main.o] Error 1
make: *** Waiting for unfinished jobs....
../Core/Src/stm32f1xx_it.c: In function 'USART1_IRQHandler':
../Core/Src/stm32f1xx_it.c:226:3: error: too few arguments to function 'HAL_UART_Receive'
  226 |   HAL_UART_Receive(&huart1, (uint8_t *)rxBuffer, 1)
      |   ^~~~~~~~~~~~~~~~
In file included from ../Core/Inc/stm32f1xx_hal_conf.h:338,
                 from ../Drivers/STM32F1xx_HAL_Driver/Inc/stm32f1xx_hal.h:29,
                 from ../Core/Inc/main.h:30,
                 from ../Core/Src/stm32f1xx_it.c:21:
../Drivers/STM32F1xx_HAL_Driver/Inc/stm32f1xx_hal_uart.h:750:19: note: declared here
  750 | HAL_StatusTypeDef HAL_UART_Receive(UART_HandleTypeDef *huart, uint8_t *pData, uint16_t Size, uint32_t Timeout);
      |                   ^~~~~~~~~~~~~~~~
../Core/Src/stm32f1xx_it.c:226:52: error: expected ';' before '}' token
  226 |   HAL_UART_Receive(&huart1, (uint8_t *)rxBuffer, 1)
      |                                                    ^
      |                                                    ;
  227 |   /* USER CODE END USART1_IRQn 1 */
  228 | }
      | ~                                                   
make: *** [Core/Src/subdir.mk:55: Core/Src/mode2.o] Error 1
make: *** [Core/Src/subdir.mk:55: Core/Src/stm32f1xx_it.o] Error 1
../Core/Src/mode1.c: In function 'mode1_loop':
../Core/Src/mode1.c:28:17: warning: implicit declaration of function 'turn_in_place' [-Wimplicit-function-declaration]
   28 |                 turn_in_place(180.0);
      |                 ^~~~~~~~~~~~~
../Core/Src/mode1.c:48:9: warning: implicit declaration of function 'forward_with_length' [-Wimplicit-function-declaration]
   48 |         forward_with_length(length);
      |         ^~~~~~~~~~~~~~~~~~~
"make -j32 all" terminated with exit code 2. Build might be incomplete.
15:47:49 **** Incremental Build of configuration Debug for project car1_1 ****
make -j32 all 
arm-none-eabi-gcc "../Core/Src/main.c" -mcpu=cortex-m3 -std=gnu11 -g3 -DDEBUG -DUSE_HAL_DRIVER -DSTM32F103xE -c -I../Core/Inc -I../Drivers/STM32F1xx_HAL_Driver/Inc/Legacy -I../Drivers/STM32F1xx_HAL_Driver/Inc -I../Drivers/CMSIS/Device/ST/STM32F1xx/Include -I../Drivers/CMSIS/Include -O0 -ffunction-sections -fdata-sections -Wall -fstack-usage -fcyclomatic-complexity -MMD -MP -MF"Core/Src/main.d" -MT"Core/Src/main.o" --specs=nano.specs -mfloat-abi=soft -mthumb -o "Core/Src/main.o"
arm-none-eabi-gcc "../Core/Src/mode2.c" -mcpu=cortex-m3 -std=gnu11 -g3 -DDEBUG -DUSE_HAL_DRIVER -DSTM32F103xE -c -I../Core/Inc -I../Drivers/STM32F1xx_HAL_Driver/Inc/Legacy -I../Drivers/STM32F1xx_HAL_Driver/Inc -I../Drivers/CMSIS/Device/ST/STM32F1xx/Include -I../Drivers/CMSIS/Include -O0 -ffunction-sections -fdata-sections -Wall -fstack-usage -fcyclomatic-complexity -MMD -MP -MF"Core/Src/mode2.d" -MT"Core/Src/mode2.o" --specs=nano.specs -mfloat-abi=soft -mthumb -o "Core/Src/mode2.o"
arm-none-eabi-gcc "../Core/Src/stm32f1xx_it.c" -mcpu=cortex-m3 -std=gnu11 -g3 -DDEBUG -DUSE_HAL_DRIVER -DSTM32F103xE -c -I../Core/Inc -I../Drivers/STM32F1xx_HAL_Driver/Inc/Legacy -I../Drivers/STM32F1xx_HAL_Driver/Inc -I../Drivers/CMSIS/Device/ST/STM32F1xx/Include -I../Drivers/CMSIS/Include -O0 -ffunction-sections -fdata-sections -Wall -fstack-usage -fcyclomatic-complexity -MMD -MP -MF"Core/Src/stm32f1xx_it.d" -MT"Core/Src/stm32f1xx_it.o" --specs=nano.specs -mfloat-abi=soft -mthumb -o "Core/Src/stm32f1xx_it.o"
../Core/Src/main.c: In function 'main':
../Core/Src/main.c:122:20: error: 'rxBuffer' undeclared (first use in this function); did you mean 'ITM_RxBuffer'?
  122 |                 if(rxBuffer[0] = '0'){{
      |                    ^~~~~~~~
      |                    ITM_RxBuffer
../Core/Src/main.c:122:20: note: each undeclared identifier is reported only once for each function it appears in
../Core/Src/main.c:126:25: warning: implicit declaration of function 'mode1_loop' [-Wimplicit-function-declaration]
  126 |                         mode1_loop(); // 路径规划模式
      |                         ^~~~~~~~~~
../Core/Src/main.c:129:25: warning: implicit declaration of function 'mode2_loop' [-Wimplicit-function-declaration]
  129 |                         mode2_loop(); // 红外跟踪模式
      |                         ^~~~~~~~~~
../Core/Src/mode2.c:53:16: error: expected declaration specifiers or '...' before numeric constant
   53 | uint16_t pre_x(0), pre_y(lcddev.height);//boundary
      |                ^
../Core/Src/main.c:132:25: warning: implicit declaration of function 'stop_motors' [-Wimplicit-function-declaration]
  132 |                         stop_motors();
      |                         ^~~~~~~~~~~
../Core/Src/main.c:194:1: error: expected declaration or statement at end of input
  194 | }
      | ^
../Core/Src/main.c: At top level:
../Core/Src/main.c:185:6: warning: 'Error_Handler' defined but not used [-Wunused-function]
  185 | void Error_Handler(void)
      |      ^~~~~~~~~~~~~
../Core/Src/main.c:142:6: warning: 'SystemClock_Config' defined but not used [-Wunused-function]
  142 | void SystemClock_Config(void)
      |      ^~~~~~~~~~~~~~~~~~
../Core/Src/mode2.c: In function 'path_show':
../Core/Src/mode2.c:58:5: warning: implicit declaration of function 'TP_Draw_Big_Point' [-Wimplicit-function-declaration]
   58 |     TP_Draw_Big_Point(x,y,BLUE);
      |     ^~~~~~~~~~~~~~~~~
../Core/Src/mode2.c:58:27: error: 'BLUE' undeclared (first use in this function)
   58 |     TP_Draw_Big_Point(x,y,BLUE);
      |                           ^~~~
../Core/Src/mode2.c:58:27: note: each undeclared identifier is reported only once for each function it appears in
../Core/Src/mode2.c:62:9: error: unknown type name 'u16'
   62 |         u16 temp = POINT_COLOR;
      |         ^~~
make: *** [Core/Src/subdir.mk:55: Core/Src/main.o] Error 1
make: *** Waiting for unfinished jobs....
../Core/Src/mode2.c:62:20: error: 'POINT_COLOR' undeclared (first use in this function)
   62 |         u16 temp = POINT_COLOR;
      |                    ^~~~~~~~~~~
../Core/Src/stm32f1xx_it.c: In function 'USART1_IRQHandler':
../Core/Src/stm32f1xx_it.c:226:3: error: too few arguments to function 'HAL_UART_Receive'
  226 |   HAL_UART_Receive(&huart1, (uint8_t *)rxBuffer, 1);
      |   ^~~~~~~~~~~~~~~~
In file included from ../Core/Inc/stm32f1xx_hal_conf.h:338,
                 from ../Drivers/STM32F1xx_HAL_Driver/Inc/stm32f1xx_hal.h:29,
                 from ../Core/Inc/main.h:30,
                 from ../Core/Src/stm32f1xx_it.c:21:
../Drivers/STM32F1xx_HAL_Driver/Inc/stm32f1xx_hal_uart.h:750:19: note: declared here
  750 | HAL_StatusTypeDef HAL_UART_Receive(UART_HandleTypeDef *huart, uint8_t *pData, uint16_t Size, uint32_t Timeout);
      |                   ^~~~~~~~~~~~~~~~
../Core/Src/mode2.c:64:9: warning: implicit declaration of function 'LCD_DrawLine' [-Wimplicit-function-declaration]
   64 |         LCD_DrawLine(pre_x, pre_y, x, y);
      |         ^~~~~~~~~~~~
../Core/Src/mode2.c:64:22: error: 'pre_x' undeclared (first use in this function)
   64 |         LCD_DrawLine(pre_x, pre_y, x, y);
      |                      ^~~~~
../Core/Src/mode2.c:64:29: error: 'pre_y' undeclared (first use in this function)
   64 |         LCD_DrawLine(pre_x, pre_y, x, y);
      |                             ^~~~~
make: *** [Core/Src/subdir.mk:55: Core/Src/stm32f1xx_it.o] Error 1
make: *** [Core/Src/subdir.mk:55: Core/Src/mode2.o] Error 1
"make -j32 all" terminated with exit code 2. Build might be incomplete.
15:49:15 **** Incremental Build of configuration Debug for project car1_1 ****
make -j32 all 
arm-none-eabi-gcc "../Core/Src/main.c" -mcpu=cortex-m3 -std=gnu11 -g3 -DDEBUG -DUSE_HAL_DRIVER -DSTM32F103xE -c -I../Core/Inc -I../Drivers/STM32F1xx_HAL_Driver/Inc/Legacy -I../Drivers/STM32F1xx_HAL_Driver/Inc -I../Drivers/CMSIS/Device/ST/STM32F1xx/Include -I../Drivers/CMSIS/Include -O0 -ffunction-sections -fdata-sections -Wall -fstack-usage -fcyclomatic-complexity -MMD -MP -MF"Core/Src/main.d" -MT"Core/Src/main.o" --specs=nano.specs -mfloat-abi=soft -mthumb -o "Core/Src/main.o"
arm-none-eabi-gcc "../Core/Src/mode2.c" -mcpu=cortex-m3 -std=gnu11 -g3 -DDEBUG -DUSE_HAL_DRIVER -DSTM32F103xE -c -I../Core/Inc -I../Drivers/STM32F1xx_HAL_Driver/Inc/Legacy -I../Drivers/STM32F1xx_HAL_Driver/Inc -I../Drivers/CMSIS/Device/ST/STM32F1xx/Include -I../Drivers/CMSIS/Include -O0 -ffunction-sections -fdata-sections -Wall -fstack-usage -fcyclomatic-complexity -MMD -MP -MF"Core/Src/mode2.d" -MT"Core/Src/mode2.o" --specs=nano.specs -mfloat-abi=soft -mthumb -o "Core/Src/mode2.o"
arm-none-eabi-gcc "../Core/Src/stm32f1xx_it.c" -mcpu=cortex-m3 -std=gnu11 -g3 -DDEBUG -DUSE_HAL_DRIVER -DSTM32F103xE -c -I../Core/Inc -I../Drivers/STM32F1xx_HAL_Driver/Inc/Legacy -I../Drivers/STM32F1xx_HAL_Driver/Inc -I../Drivers/CMSIS/Device/ST/STM32F1xx/Include -I../Drivers/CMSIS/Include -O0 -ffunction-sections -fdata-sections -Wall -fstack-usage -fcyclomatic-complexity -MMD -MP -MF"Core/Src/stm32f1xx_it.d" -MT"Core/Src/stm32f1xx_it.o" --specs=nano.specs -mfloat-abi=soft -mthumb -o "Core/Src/stm32f1xx_it.o"
../Core/Src/main.c: In function 'main':
../Core/Src/main.c:122:20: error: 'rxBuffer' undeclared (first use in this function); did you mean 'ITM_RxBuffer'?
  122 |                 if(rxBuffer[0] = '0'){{
      |                    ^~~~~~~~
      |                    ITM_RxBuffer
../Core/Src/main.c:122:20: note: each undeclared identifier is reported only once for each function it appears in
../Core/Src/main.c:126:25: warning: implicit declaration of function 'mode1_loop' [-Wimplicit-function-declaration]
  126 |                         mode1_loop(); // 路径规划模式
      |                         ^~~~~~~~~~
../Core/Src/main.c:129:25: warning: implicit declaration of function 'mode2_loop' [-Wimplicit-function-declaration]
  129 |                         mode2_loop(); // 红外跟踪模式
      |                         ^~~~~~~~~~
../Core/Src/main.c:132:25: warning: implicit declaration of function 'stop_motors' [-Wimplicit-function-declaration]
  132 |                         stop_motors();
      |                         ^~~~~~~~~~~
../Core/Src/main.c:194:1: error: expected declaration or statement at end of input
  194 | }
      | ^
../Core/Src/main.c: At top level:
../Core/Src/main.c:185:6: warning: 'Error_Handler' defined but not used [-Wunused-function]
  185 | void Error_Handler(void)
      |      ^~~~~~~~~~~~~
../Core/Src/main.c:142:6: warning: 'SystemClock_Config' defined but not used [-Wunused-function]
  142 | void SystemClock_Config(void)
      |      ^~~~~~~~~~~~~~~~~~
../Core/Src/mode2.c:53:16: error: expected declaration specifiers or '...' before numeric constant
   53 | uint16_t pre_x(0), pre_y(lcddev.height);//boundary
      |                ^
make: *** [Core/Src/subdir.mk:55: Core/Src/main.o] Error 1
make: *** Waiting for unfinished jobs....
../Core/Src/mode2.c: In function 'path_show':
../Core/Src/mode2.c:58:5: warning: implicit declaration of function 'TP_Draw_Big_Point' [-Wimplicit-function-declaration]
   58 |     TP_Draw_Big_Point(x,y,BLUE);
      |     ^~~~~~~~~~~~~~~~~
../Core/Src/mode2.c:58:27: error: 'BLUE' undeclared (first use in this function)
   58 |     TP_Draw_Big_Point(x,y,BLUE);
      |                           ^~~~
../Core/Src/mode2.c:58:27: note: each undeclared identifier is reported only once for each function it appears in
../Core/Src/stm32f1xx_it.c: In function 'USART1_IRQHandler':
../Core/Src/stm32f1xx_it.c:226:3: error: too few arguments to function 'HAL_UART_Receive'
  226 |   HAL_UART_Receive(&huart1, (uint8_t *)rxBuffer, 1);
      |   ^~~~~~~~~~~~~~~~
../Core/Src/mode2.c:62:9: error: unknown type name 'u16'
   62 |         u16 temp = POINT_COLOR;
      |         ^~~
In file included from ../Core/Inc/stm32f1xx_hal_conf.h:338,
                 from ../Drivers/STM32F1xx_HAL_Driver/Inc/stm32f1xx_hal.h:29,
                 from ../Core/Inc/main.h:30,
                 from ../Core/Src/stm32f1xx_it.c:21:
../Drivers/STM32F1xx_HAL_Driver/Inc/stm32f1xx_hal_uart.h:750:19: note: declared here
  750 | HAL_StatusTypeDef HAL_UART_Receive(UART_HandleTypeDef *huart, uint8_t *pData, uint16_t Size, uint32_t Timeout);
      |                   ^~~~~~~~~~~~~~~~
../Core/Src/mode2.c:62:20: error: 'POINT_COLOR' undeclared (first use in this function)
   62 |         u16 temp = POINT_COLOR;
      |                    ^~~~~~~~~~~
make: *** [Core/Src/subdir.mk:55: Core/Src/stm32f1xx_it.o] Error 1
../Core/Src/mode2.c:64:9: warning: implicit declaration of function 'LCD_DrawLine' [-Wimplicit-function-declaration]
   64 |         LCD_DrawLine(pre_x, pre_y, x, y);
      |         ^~~~~~~~~~~~
../Core/Src/mode2.c:64:22: error: 'pre_x' undeclared (first use in this function)
   64 |         LCD_DrawLine(pre_x, pre_y, x, y);
      |                      ^~~~~
../Core/Src/mode2.c:64:29: error: 'pre_y' undeclared (first use in this function)
   64 |         LCD_DrawLine(pre_x, pre_y, x, y);
      |                             ^~~~~
make: *** [Core/Src/subdir.mk:55: Core/Src/mode2.o] Error 1
"make -j32 all" terminated with exit code 2. Build might be incomplete.
15:50:14 **** Incremental Build of configuration Debug for project car1_1 ****
make -j32 all 
arm-none-eabi-gcc "../Core/Src/main.c" -mcpu=cortex-m3 -std=gnu11 -g3 -DDEBUG -DUSE_HAL_DRIVER -DSTM32F103xE -c -I../Core/Inc -I../Drivers/STM32F1xx_HAL_Driver/Inc/Legacy -I../Drivers/STM32F1xx_HAL_Driver/Inc -I../Drivers/CMSIS/Device/ST/STM32F1xx/Include -I../Drivers/CMSIS/Include -O0 -ffunction-sections -fdata-sections -Wall -fstack-usage -fcyclomatic-complexity -MMD -MP -MF"Core/Src/main.d" -MT"Core/Src/main.o" --specs=nano.specs -mfloat-abi=soft -mthumb -o "Core/Src/main.o"
arm-none-eabi-gcc "../Core/Src/mode2.c" -mcpu=cortex-m3 -std=gnu11 -g3 -DDEBUG -DUSE_HAL_DRIVER -DSTM32F103xE -c -I../Core/Inc -I../Drivers/STM32F1xx_HAL_Driver/Inc/Legacy -I../Drivers/STM32F1xx_HAL_Driver/Inc -I../Drivers/CMSIS/Device/ST/STM32F1xx/Include -I../Drivers/CMSIS/Include -O0 -ffunction-sections -fdata-sections -Wall -fstack-usage -fcyclomatic-complexity -MMD -MP -MF"Core/Src/mode2.d" -MT"Core/Src/mode2.o" --specs=nano.specs -mfloat-abi=soft -mthumb -o "Core/Src/mode2.o"
arm-none-eabi-gcc "../Core/Src/stm32f1xx_it.c" -mcpu=cortex-m3 -std=gnu11 -g3 -DDEBUG -DUSE_HAL_DRIVER -DSTM32F103xE -c -I../Core/Inc -I../Drivers/STM32F1xx_HAL_Driver/Inc/Legacy -I../Drivers/STM32F1xx_HAL_Driver/Inc -I../Drivers/CMSIS/Device/ST/STM32F1xx/Include -I../Drivers/CMSIS/Include -O0 -ffunction-sections -fdata-sections -Wall -fstack-usage -fcyclomatic-complexity -MMD -MP -MF"Core/Src/stm32f1xx_it.d" -MT"Core/Src/stm32f1xx_it.o" --specs=nano.specs -mfloat-abi=soft -mthumb -o "Core/Src/stm32f1xx_it.o"
../Core/Src/main.c: In function 'main':
../Core/Src/main.c:123:20: warning: suggest parentheses around assignment used as truth value [-Wparentheses]
  123 |                 if(rxBuffer[0] = '0'){{
      |                    ^~~~~~~~
../Core/Src/main.c:127:25: warning: implicit declaration of function 'mode1_loop' [-Wimplicit-function-declaration]
  127 |                         mode1_loop(); // 路径规划模式
      |                         ^~~~~~~~~~
../Core/Src/main.c:130:25: warning: implicit declaration of function 'mode2_loop' [-Wimplicit-function-declaration]
  130 |                         mode2_loop(); // 红外跟踪模式
      |                         ^~~~~~~~~~
../Core/Src/mode2.c:6:10: fatal error: font: No such file or directory
    6 | #include "font"
      |          ^~~~~~
compilation terminated.
../Core/Src/main.c:133:25: warning: implicit declaration of function 'stop_motors' [-Wimplicit-function-declaration]
  133 |                         stop_motors();
      |                         ^~~~~~~~~~~
../Core/Src/main.c:195:1: error: expected declaration or statement at end of input
  195 | }
      | ^
../Core/Src/main.c: At top level:
../Core/Src/main.c:186:6: warning: 'Error_Handler' defined but not used [-Wunused-function]
  186 | void Error_Handler(void)
      |      ^~~~~~~~~~~~~
../Core/Src/main.c:143:6: warning: 'SystemClock_Config' defined but not used [-Wunused-function]
  143 | void SystemClock_Config(void)
      |      ^~~~~~~~~~~~~~~~~~
../Core/Src/stm32f1xx_it.c: In function 'USART1_IRQHandler':
../Core/Src/stm32f1xx_it.c:226:3: error: too few arguments to function 'HAL_UART_Receive'
  226 |   HAL_UART_Receive(&huart1, (uint8_t *)rxBuffer, 1);
      |   ^~~~~~~~~~~~~~~~
In file included from ../Core/Inc/stm32f1xx_hal_conf.h:338,
                 from ../Drivers/STM32F1xx_HAL_Driver/Inc/stm32f1xx_hal.h:29,
                 from ../Core/Inc/main.h:30,
                 from ../Core/Src/stm32f1xx_it.c:21:
../Drivers/STM32F1xx_HAL_Driver/Inc/stm32f1xx_hal_uart.h:750:19: note: declared here
  750 | HAL_StatusTypeDef HAL_UART_Receive(UART_HandleTypeDef *huart, uint8_t *pData, uint16_t Size, uint32_t Timeout);
      |                   ^~~~~~~~~~~~~~~~
make: *** [Core/Src/subdir.mk:55: Core/Src/mode2.o] Error 1
make: *** Waiting for unfinished jobs....
make: *** [Core/Src/subdir.mk:55: Core/Src/main.o] Error 1
make: *** [Core/Src/subdir.mk:55: Core/Src/stm32f1xx_it.o] Error 1
"make -j32 all" terminated with exit code 2. Build might be incomplete.
15:51:26 **** Incremental Build of configuration Debug for project car1_1 ****
make -j32 all 
arm-none-eabi-gcc "../Core/Src/main.c" -mcpu=cortex-m3 -std=gnu11 -g3 -DDEBUG -DUSE_HAL_DRIVER -DSTM32F103xE -c -I../Core/Inc -I../Drivers/STM32F1xx_HAL_Driver/Inc/Legacy -I../Drivers/STM32F1xx_HAL_Driver/Inc -I../Drivers/CMSIS/Device/ST/STM32F1xx/Include -I../Drivers/CMSIS/Include -O0 -ffunction-sections -fdata-sections -Wall -fstack-usage -fcyclomatic-complexity -MMD -MP -MF"Core/Src/main.d" -MT"Core/Src/main.o" --specs=nano.specs -mfloat-abi=soft -mthumb -o "Core/Src/main.o"
arm-none-eabi-gcc "../Core/Src/mode2.c" -mcpu=cortex-m3 -std=gnu11 -g3 -DDEBUG -DUSE_HAL_DRIVER -DSTM32F103xE -c -I../Core/Inc -I../Drivers/STM32F1xx_HAL_Driver/Inc/Legacy -I../Drivers/STM32F1xx_HAL_Driver/Inc -I../Drivers/CMSIS/Device/ST/STM32F1xx/Include -I../Drivers/CMSIS/Include -O0 -ffunction-sections -fdata-sections -Wall -fstack-usage -fcyclomatic-complexity -MMD -MP -MF"Core/Src/mode2.d" -MT"Core/Src/mode2.o" --specs=nano.specs -mfloat-abi=soft -mthumb -o "Core/Src/mode2.o"
arm-none-eabi-gcc "../Core/Src/stm32f1xx_it.c" -mcpu=cortex-m3 -std=gnu11 -g3 -DDEBUG -DUSE_HAL_DRIVER -DSTM32F103xE -c -I../Core/Inc -I../Drivers/STM32F1xx_HAL_Driver/Inc/Legacy -I../Drivers/STM32F1xx_HAL_Driver/Inc -I../Drivers/CMSIS/Device/ST/STM32F1xx/Include -I../Drivers/CMSIS/Include -O0 -ffunction-sections -fdata-sections -Wall -fstack-usage -fcyclomatic-complexity -MMD -MP -MF"Core/Src/stm32f1xx_it.d" -MT"Core/Src/stm32f1xx_it.o" --specs=nano.specs -mfloat-abi=soft -mthumb -o "Core/Src/stm32f1xx_it.o"
../Core/Src/main.c: In function 'main':
../Core/Src/main.c:123:20: warning: suggest parentheses around assignment used as truth value [-Wparentheses]
  123 |                 if(rxBuffer[0] = '0'){{
      |                    ^~~~~~~~
../Core/Src/main.c:127:25: warning: implicit declaration of function 'mode1_loop' [-Wimplicit-function-declaration]
  127 |                         mode1_loop(); // 路径规划模式
      |                         ^~~~~~~~~~
../Core/Src/main.c:130:25: warning: implicit declaration of function 'mode2_loop' [-Wimplicit-function-declaration]
  130 |                         mode2_loop(); // 红外跟踪模式
      |                         ^~~~~~~~~~
../Core/Src/mode2.c:53:16: error: expected declaration specifiers or '...' before numeric constant
   53 | uint16_t pre_x(0), pre_y(lcddev.height);//boundary
      |                ^
../Core/Src/main.c:133:25: warning: implicit declaration of function 'stop_motors' [-Wimplicit-function-declaration]
  133 |                         stop_motors();
      |                         ^~~~~~~~~~~
../Core/Src/main.c:195:1: error: expected declaration or statement at end of input
  195 | }
      | ^
../Core/Src/main.c: At top level:
../Core/Src/main.c:186:6: warning: 'Error_Handler' defined but not used [-Wunused-function]
  186 | void Error_Handler(void)
      |      ^~~~~~~~~~~~~
../Core/Src/main.c:143:6: warning: 'SystemClock_Config' defined but not used [-Wunused-function]
  143 | void SystemClock_Config(void)
      |      ^~~~~~~~~~~~~~~~~~
../Core/Src/mode2.c: In function 'path_show':
../Core/Src/mode2.c:58:5: warning: implicit declaration of function 'TP_Draw_Big_Point' [-Wimplicit-function-declaration]
   58 |     TP_Draw_Big_Point(x,y,BLUE);
      |     ^~~~~~~~~~~~~~~~~
../Core/Src/mode2.c:58:27: error: 'BLUE' undeclared (first use in this function)
   58 |     TP_Draw_Big_Point(x,y,BLUE);
      |                           ^~~~
../Core/Src/mode2.c:58:27: note: each undeclared identifier is reported only once for each function it appears in
make: *** [Core/Src/subdir.mk:55: Core/Src/main.o] Error 1
../Core/Src/mode2.c:62:9: error: unknown type name 'u16'
   62 |         u16 temp = POINT_COLOR;
      |         ^~~
make: *** Waiting for unfinished jobs....
../Core/Src/mode2.c:62:20: error: 'POINT_COLOR' undeclared (first use in this function)
   62 |         u16 temp = POINT_COLOR;
      |                    ^~~~~~~~~~~
../Core/Src/mode2.c:64:9: warning: implicit declaration of function 'LCD_DrawLine' [-Wimplicit-function-declaration]
   64 |         LCD_DrawLine(pre_x, pre_y, x, y);
      |         ^~~~~~~~~~~~
../Core/Src/mode2.c:64:22: error: 'pre_x' undeclared (first use in this function)
   64 |         LCD_DrawLine(pre_x, pre_y, x, y);
      |                      ^~~~~
../Core/Src/mode2.c:64:29: error: 'pre_y' undeclared (first use in this function)
   64 |         LCD_DrawLine(pre_x, pre_y, x, y);
      |                             ^~~~~
make: *** [Core/Src/subdir.mk:55: Core/Src/mode2.o] Error 1
"make -j32 all" terminated with exit code 2. Build might be incomplete.
16:00:02 **** Incremental Build of configuration Debug for project car1_1 ****
make -j32 all 
arm-none-eabi-gcc "../Core/Src/main.c" -mcpu=cortex-m3 -std=gnu11 -g3 -DDEBUG -DUSE_HAL_DRIVER -DSTM32F103xE -c -I../Core/Inc -I../Drivers/STM32F1xx_HAL_Driver/Inc/Legacy -I../Drivers/STM32F1xx_HAL_Driver/Inc -I../Drivers/CMSIS/Device/ST/STM32F1xx/Include -I../Drivers/CMSIS/Include -O0 -ffunction-sections -fdata-sections -Wall -fstack-usage -fcyclomatic-complexity -MMD -MP -MF"Core/Src/main.d" -MT"Core/Src/main.o" --specs=nano.specs -mfloat-abi=soft -mthumb -o "Core/Src/main.o"
arm-none-eabi-gcc "../Core/Src/mode2.c" -mcpu=cortex-m3 -std=gnu11 -g3 -DDEBUG -DUSE_HAL_DRIVER -DSTM32F103xE -c -I../Core/Inc -I../Drivers/STM32F1xx_HAL_Driver/Inc/Legacy -I../Drivers/STM32F1xx_HAL_Driver/Inc -I../Drivers/CMSIS/Device/ST/STM32F1xx/Include -I../Drivers/CMSIS/Include -O0 -ffunction-sections -fdata-sections -Wall -fstack-usage -fcyclomatic-complexity -MMD -MP -MF"Core/Src/mode2.d" -MT"Core/Src/mode2.o" --specs=nano.specs -mfloat-abi=soft -mthumb -o "Core/Src/mode2.o"
../Core/Src/main.c: In function 'main':
../Core/Src/main.c:123:20: warning: suggest parentheses around assignment used as truth value [-Wparentheses]
  123 |                 if(rxBuffer[0] = '0'){{
      |                    ^~~~~~~~
../Core/Src/main.c:127:25: warning: implicit declaration of function 'mode1_loop' [-Wimplicit-function-declaration]
  127 |                         mode1_loop(); // 路径规划模式
      |                         ^~~~~~~~~~
../Core/Src/main.c:130:25: warning: implicit declaration of function 'mode2_loop' [-Wimplicit-function-declaration]
  130 |                         mode2_loop(); // 红外跟踪模式
      |                         ^~~~~~~~~~
../Core/Src/mode2.c: In function 'path_show':
../Core/Src/mode2.c:58:5: warning: implicit declaration of function 'TP_Draw_Big_Point' [-Wimplicit-function-declaration]
   58 |     TP_Draw_Big_Point(x,y,BLUE);
      |     ^~~~~~~~~~~~~~~~~
../Core/Src/mode2.c:58:27: error: 'BLUE' undeclared (first use in this function)
   58 |     TP_Draw_Big_Point(x,y,BLUE);
      |                           ^~~~
../Core/Src/mode2.c:58:27: note: each undeclared identifier is reported only once for each function it appears in
../Core/Src/mode2.c:62:9: error: unknown type name 'u16'
   62 |         u16 temp = POINT_COLOR;
      |         ^~~
../Core/Src/main.c:133:25: warning: implicit declaration of function 'stop_motors' [-Wimplicit-function-declaration]
  133 |                         stop_motors();
      |                         ^~~~~~~~~~~
../Core/Src/main.c:195:1: error: expected declaration or statement at end of input
  195 | }
      | ^
../Core/Src/main.c: At top level:
../Core/Src/main.c:186:6: warning: 'Error_Handler' defined but not used [-Wunused-function]
  186 | void Error_Handler(void)
      |      ^~~~~~~~~~~~~
../Core/Src/main.c:143:6: warning: 'SystemClock_Config' defined but not used [-Wunused-function]
  143 | void SystemClock_Config(void)
      |      ^~~~~~~~~~~~~~~~~~
../Core/Src/mode2.c:62:20: error: 'POINT_COLOR' undeclared (first use in this function)
   62 |         u16 temp = POINT_COLOR;
      |                    ^~~~~~~~~~~
make: *** [Core/Src/subdir.mk:55: Core/Src/main.o] Error 1
make: *** Waiting for unfinished jobs....
../Core/Src/mode2.c:64:9: warning: implicit declaration of function 'LCD_DrawLine' [-Wimplicit-function-declaration]
   64 |         LCD_DrawLine(pre_x, pre_y, x, y);
      |         ^~~~~~~~~~~~
../Core/Src/mode2.c:64:22: error: 'pre_x' undeclared (first use in this function)
   64 |         LCD_DrawLine(pre_x, pre_y, x, y);
      |                      ^~~~~
../Core/Src/mode2.c:64:29: error: 'pre_y' undeclared (first use in this function)
   64 |         LCD_DrawLine(pre_x, pre_y, x, y);
      |                             ^~~~~
make: *** [Core/Src/subdir.mk:55: Core/Src/mode2.o] Error 1
"make -j32 all" terminated with exit code 2. Build might be incomplete.
16:00:11 **** Incremental Build of configuration Debug for project car1_1 ****
make -j32 all 
arm-none-eabi-gcc "../Core/Src/main.c" -mcpu=cortex-m3 -std=gnu11 -g3 -DDEBUG -DUSE_HAL_DRIVER -DSTM32F103xE -c -I../Core/Inc -I../Drivers/STM32F1xx_HAL_Driver/Inc/Legacy -I../Drivers/STM32F1xx_HAL_Driver/Inc -I../Drivers/CMSIS/Device/ST/STM32F1xx/Include -I../Drivers/CMSIS/Include -O0 -ffunction-sections -fdata-sections -Wall -fstack-usage -fcyclomatic-complexity -MMD -MP -MF"Core/Src/main.d" -MT"Core/Src/main.o" --specs=nano.specs -mfloat-abi=soft -mthumb -o "Core/Src/main.o"
arm-none-eabi-gcc "../Core/Src/mode2.c" -mcpu=cortex-m3 -std=gnu11 -g3 -DDEBUG -DUSE_HAL_DRIVER -DSTM32F103xE -c -I../Core/Inc -I../Drivers/STM32F1xx_HAL_Driver/Inc/Legacy -I../Drivers/STM32F1xx_HAL_Driver/Inc -I../Drivers/CMSIS/Device/ST/STM32F1xx/Include -I../Drivers/CMSIS/Include -O0 -ffunction-sections -fdata-sections -Wall -fstack-usage -fcyclomatic-complexity -MMD -MP -MF"Core/Src/mode2.d" -MT"Core/Src/mode2.o" --specs=nano.specs -mfloat-abi=soft -mthumb -o "Core/Src/mode2.o"
../Core/Src/main.c: In function 'main':
../Core/Src/main.c:123:20: warning: suggest parentheses around assignment used as truth value [-Wparentheses]
  123 |                 if(rxBuffer[0] = '0'){{
      |                    ^~~~~~~~
../Core/Src/main.c:127:25: warning: implicit declaration of function 'mode1_loop' [-Wimplicit-function-declaration]
  127 |                         mode1_loop(); // 路径规划模式
      |                         ^~~~~~~~~~
../Core/Src/main.c:130:25: warning: implicit declaration of function 'mode2_loop' [-Wimplicit-function-declaration]
  130 |                         mode2_loop(); // 红外跟踪模式
      |                         ^~~~~~~~~~
../Core/Src/main.c:133:25: warning: implicit declaration of function 'stop_motors' [-Wimplicit-function-declaration]
  133 |                         stop_motors();
      |                         ^~~~~~~~~~~
../Core/Src/main.c:195:1: error: expected declaration or statement at end of input
  195 | }
      | ^
../Core/Src/main.c: At top level:
../Core/Src/main.c:186:6: warning: 'Error_Handler' defined but not used [-Wunused-function]
  186 | void Error_Handler(void)
      |      ^~~~~~~~~~~~~
../Core/Src/main.c:143:6: warning: 'SystemClock_Config' defined but not used [-Wunused-function]
  143 | void SystemClock_Config(void)
      |      ^~~~~~~~~~~~~~~~~~
make: *** [Core/Src/subdir.mk:55: Core/Src/main.o] Error 1
make: *** Waiting for unfinished jobs....
"make -j32 all" terminated with exit code 2. Build might be incomplete.
16:00:22 **** Incremental Build of configuration Debug for project car1_1 ****
make -j32 all 
arm-none-eabi-gcc "../Core/Src/main.c" -mcpu=cortex-m3 -std=gnu11 -g3 -DDEBUG -DUSE_HAL_DRIVER -DSTM32F103xE -c -I../Core/Inc -I../Drivers/STM32F1xx_HAL_Driver/Inc/Legacy -I../Drivers/STM32F1xx_HAL_Driver/Inc -I../Drivers/CMSIS/Device/ST/STM32F1xx/Include -I../Drivers/CMSIS/Include -O0 -ffunction-sections -fdata-sections -Wall -fstack-usage -fcyclomatic-complexity -MMD -MP -MF"Core/Src/main.d" -MT"Core/Src/main.o" --specs=nano.specs -mfloat-abi=soft -mthumb -o "Core/Src/main.o"
../Core/Src/main.c: In function 'main':
../Core/Src/main.c:123:20: warning: suggest parentheses around assignment used as truth value [-Wparentheses]
  123 |                 if(rxBuffer[0] = '0'){
      |                    ^~~~~~~~
../Core/Src/main.c:127:25: warning: implicit declaration of function 'mode1_loop' [-Wimplicit-function-declaration]
  127 |                         mode1_loop(); // 路径规划模式
      |                         ^~~~~~~~~~
../Core/Src/main.c:130:25: warning: implicit declaration of function 'mode2_loop' [-Wimplicit-function-declaration]
  130 |                         mode2_loop(); // 红外跟踪模式
      |                         ^~~~~~~~~~
../Core/Src/main.c:133:25: warning: implicit declaration of function 'stop_motors' [-Wimplicit-function-declaration]
  133 |                         stop_motors();
      |                         ^~~~~~~~~~~
arm-none-eabi-gcc -o "car1_1.elf" @"objects.list"   -mcpu=cortex-m3 -T"C:\Users\xueye\Desktop\2025年秋季\微机\CS301-Project\car1_1\STM32F103RCTX_FLASH.ld" --specs=nosys.specs -Wl,-Map="car1_1.map" -Wl,--gc-sections -static --specs=nano.specs -mfloat-abi=soft -mthumb -Wl,--start-group -lc -lm -Wl,--end-group
Finished building target: car1_1.elf
 
arm-none-eabi-size  car1_1.elf 
arm-none-eabi-objdump -h -S car1_1.elf  > "car1_1.list"
   text	   data	    bss	    dec	    hex	filename
  22228	     92	   2060	  24380	   5f3c	car1_1.elf
arm-none-eabi-objcopy  -O ihex car1_1.elf  "car1_1.hex"
Finished building: default.size.stdout
arm-none-eabi-objcopy  -O binary car1_1.elf  "car1_1.bin"
 
Finished building: car1_1.hex
Finished building: car1_1.bin
 
 
Finished building: car1_1.list
 
